Archive member included to satisfy reference by file (symbol)

C:/ST/STM32CubeIDE_1.16.0/STM32CubeIDE/plugins/com.st.stm32cube.ide.mcu.externaltools.gnu-tools-for-stm32.12.3.rel1.win32_1.0.200.202406191623/tools/bin/../lib/gcc/arm-none-eabi/12.3.1/../../../../arm-none-eabi/lib/thumb/v7-m/nofp\libc_nano.a(libc_a-exit.o)
                              C:/ST/STM32CubeIDE_1.16.0/STM32CubeIDE/plugins/com.st.stm32cube.ide.mcu.externaltools.gnu-tools-for-stm32.12.3.rel1.win32_1.0.200.202406191623/tools/bin/../lib/gcc/arm-none-eabi/12.3.1/../../../../arm-none-eabi/lib/thumb/v7-m/nofp/crt0.o (exit)
C:/ST/STM32CubeIDE_1.16.0/STM32CubeIDE/plugins/com.st.stm32cube.ide.mcu.externaltools.gnu-tools-for-stm32.12.3.rel1.win32_1.0.200.202406191623/tools/bin/../lib/gcc/arm-none-eabi/12.3.1/../../../../arm-none-eabi/lib/thumb/v7-m/nofp\libc_nano.a(libc_a-findfp.o)
                              C:/ST/STM32CubeIDE_1.16.0/STM32CubeIDE/plugins/com.st.stm32cube.ide.mcu.externaltools.gnu-tools-for-stm32.12.3.rel1.win32_1.0.200.202406191623/tools/bin/../lib/gcc/arm-none-eabi/12.3.1/../../../../arm-none-eabi/lib/thumb/v7-m/nofp\libc_nano.a(libc_a-exit.o) (__stdio_exit_handler)
C:/ST/STM32CubeIDE_1.16.0/STM32CubeIDE/plugins/com.st.stm32cube.ide.mcu.externaltools.gnu-tools-for-stm32.12.3.rel1.win32_1.0.200.202406191623/tools/bin/../lib/gcc/arm-none-eabi/12.3.1/../../../../arm-none-eabi/lib/thumb/v7-m/nofp\libc_nano.a(libc_a-fwalk.o)
                              C:/ST/STM32CubeIDE_1.16.0/STM32CubeIDE/plugins/com.st.stm32cube.ide.mcu.externaltools.gnu-tools-for-stm32.12.3.rel1.win32_1.0.200.202406191623/tools/bin/../lib/gcc/arm-none-eabi/12.3.1/../../../../arm-none-eabi/lib/thumb/v7-m/nofp\libc_nano.a(libc_a-findfp.o) (_fwalk_sglue)
C:/ST/STM32CubeIDE_1.16.0/STM32CubeIDE/plugins/com.st.stm32cube.ide.mcu.externaltools.gnu-tools-for-stm32.12.3.rel1.win32_1.0.200.202406191623/tools/bin/../lib/gcc/arm-none-eabi/12.3.1/../../../../arm-none-eabi/lib/thumb/v7-m/nofp\libc_nano.a(libc_a-sprintf.o)
                              ./Core/Src/main.o (sprintf)
C:/ST/STM32CubeIDE_1.16.0/STM32CubeIDE/plugins/com.st.stm32cube.ide.mcu.externaltools.gnu-tools-for-stm32.12.3.rel1.win32_1.0.200.202406191623/tools/bin/../lib/gcc/arm-none-eabi/12.3.1/../../../../arm-none-eabi/lib/thumb/v7-m/nofp\libc_nano.a(libc_a-stdio.o)
                              C:/ST/STM32CubeIDE_1.16.0/STM32CubeIDE/plugins/com.st.stm32cube.ide.mcu.externaltools.gnu-tools-for-stm32.12.3.rel1.win32_1.0.200.202406191623/tools/bin/../lib/gcc/arm-none-eabi/12.3.1/../../../../arm-none-eabi/lib/thumb/v7-m/nofp\libc_nano.a(libc_a-findfp.o) (__sread)
C:/ST/STM32CubeIDE_1.16.0/STM32CubeIDE/plugins/com.st.stm32cube.ide.mcu.externaltools.gnu-tools-for-stm32.12.3.rel1.win32_1.0.200.202406191623/tools/bin/../lib/gcc/arm-none-eabi/12.3.1/../../../../arm-none-eabi/lib/thumb/v7-m/nofp\libc_nano.a(libc_a-memset.o)
                              C:/ST/STM32CubeIDE_1.16.0/STM32CubeIDE/plugins/com.st.stm32cube.ide.mcu.externaltools.gnu-tools-for-stm32.12.3.rel1.win32_1.0.200.202406191623/tools/bin/../lib/gcc/arm-none-eabi/12.3.1/../../../../arm-none-eabi/lib/thumb/v7-m/nofp/crt0.o (memset)
C:/ST/STM32CubeIDE_1.16.0/STM32CubeIDE/plugins/com.st.stm32cube.ide.mcu.externaltools.gnu-tools-for-stm32.12.3.rel1.win32_1.0.200.202406191623/tools/bin/../lib/gcc/arm-none-eabi/12.3.1/../../../../arm-none-eabi/lib/thumb/v7-m/nofp\libc_nano.a(libc_a-closer.o)
                              C:/ST/STM32CubeIDE_1.16.0/STM32CubeIDE/plugins/com.st.stm32cube.ide.mcu.externaltools.gnu-tools-for-stm32.12.3.rel1.win32_1.0.200.202406191623/tools/bin/../lib/gcc/arm-none-eabi/12.3.1/../../../../arm-none-eabi/lib/thumb/v7-m/nofp\libc_nano.a(libc_a-stdio.o) (_close_r)
C:/ST/STM32CubeIDE_1.16.0/STM32CubeIDE/plugins/com.st.stm32cube.ide.mcu.externaltools.gnu-tools-for-stm32.12.3.rel1.win32_1.0.200.202406191623/tools/bin/../lib/gcc/arm-none-eabi/12.3.1/../../../../arm-none-eabi/lib/thumb/v7-m/nofp\libc_nano.a(libc_a-reent.o)
                              C:/ST/STM32CubeIDE_1.16.0/STM32CubeIDE/plugins/com.st.stm32cube.ide.mcu.externaltools.gnu-tools-for-stm32.12.3.rel1.win32_1.0.200.202406191623/tools/bin/../lib/gcc/arm-none-eabi/12.3.1/../../../../arm-none-eabi/lib/thumb/v7-m/nofp\libc_nano.a(libc_a-closer.o) (errno)
C:/ST/STM32CubeIDE_1.16.0/STM32CubeIDE/plugins/com.st.stm32cube.ide.mcu.externaltools.gnu-tools-for-stm32.12.3.rel1.win32_1.0.200.202406191623/tools/bin/../lib/gcc/arm-none-eabi/12.3.1/../../../../arm-none-eabi/lib/thumb/v7-m/nofp\libc_nano.a(libc_a-impure.o)
                              C:/ST/STM32CubeIDE_1.16.0/STM32CubeIDE/plugins/com.st.stm32cube.ide.mcu.externaltools.gnu-tools-for-stm32.12.3.rel1.win32_1.0.200.202406191623/tools/bin/../lib/gcc/arm-none-eabi/12.3.1/../../../../arm-none-eabi/lib/thumb/v7-m/nofp\libc_nano.a(libc_a-sprintf.o) (_impure_ptr)
[...]
Memory Configuration

Name             Origin             Length             Attributes
RAM              0x20000000         0x0000c000         xrw
FLASH            0x08000000         0x00040000         xr
*default*        0x00000000         0xffffffff

Linker script and memory map

LOAD C:/ST/STM32CubeIDE_1.16.0/STM32CubeIDE/plugins/com.st.stm32cube.ide.mcu.externaltools.gnu-tools-for-stm32.12.3.rel1.win32_1.0.200.202406191623/tools/bin/../lib/gcc/arm-none-eabi/12.3.1/thumb/v7-m/nofp/crti.o
LOAD C:/ST/STM32CubeIDE_1.16.0/STM32CubeIDE/plugins/com.st.stm32cube.ide.mcu.externaltools.gnu-tools-for-stm32.12.3.rel1.win32_1.0.200.202406191623/tools/bin/../lib/gcc/arm-none-eabi/12.3.1/thumb/v7-m/nofp/crtbegin.o
LOAD C:/ST/STM32CubeIDE_1.16.0/STM32CubeIDE/plugins/com.st.stm32cube.ide.mcu.externaltools.gnu-tools-for-stm32.12.3.rel1.win32_1.0.200.202406191623/tools/bin/../lib/gcc/arm-none-eabi/12.3.1/../../../../arm-none-eabi/lib/thumb/v7-m/nofp/crt0.o
LOAD ./Core/Src/debounce.o
LOAD ./Core/Src/gpio.o
LOAD ./Core/Src/lcd.o
LOAD ./Core/Src/main.o
LOAD ./Core/Src/stm32f1xx_hal_msp.o
LOAD ./Core/Src/stm32f1xx_it.o
LOAD ./Core/Src/syscalls.o
LOAD ./Core/Src/sysmem.o
LOAD ./Core/Src/system_stm32f1xx.o
LOAD ./Core/Src/tim.o
LOAD ./Core/Src/usart.o
LOAD ./Core/Startup/startup_stm32f103rctx.o
LOAD ./Drivers/STM32F1xx_HAL_Driver/Src/stm32f1xx_hal.o
LOAD ./Drivers/STM32F1xx_HAL_Driver/Src/stm32f1xx_hal_cortex.o
LOAD ./Drivers/STM32F1xx_HAL_Driver/Src/stm32f1xx_hal_dma.o
LOAD ./Drivers/STM32F1xx_HAL_Driver/Src/stm32f1xx_hal_exti.o
LOAD ./Drivers/STM32F1xx_HAL_Driver/Src/stm32f1xx_hal_flash.o
LOAD ./Drivers/STM32F1xx_HAL_Driver/Src/stm32f1xx_hal_flash_ex.o
LOAD ./Drivers/STM32F1xx_HAL_Driver/Src/stm32f1xx_hal_gpio.o
LOAD ./Drivers/STM32F1xx_HAL_Driver/Src/stm32f1xx_hal_gpio_ex.o
LOAD ./Drivers/STM32F1xx_HAL_Driver/Src/stm32f1xx_hal_pwr.o
LOAD ./Drivers/STM32F1xx_HAL_Driver/Src/stm32f1xx_hal_rcc.o
LOAD ./Drivers/STM32F1xx_HAL_Driver/Src/stm32f1xx_hal_rcc_ex.o
LOAD ./Drivers/STM32F1xx_HAL_Driver/Src/stm32f1xx_hal_tim.o
LOAD ./Drivers/STM32F1xx_HAL_Driver/Src/stm32f1xx_hal_tim_ex.o
LOAD ./Drivers/STM32F1xx_HAL_Driver/Src/stm32f1xx_hal_uart.o
START GROUP
LOAD C:/ST/STM32CubeIDE_1.16.0/STM32CubeIDE/plugins/com.st.stm32cube.ide.mcu.externaltools.gnu-tools-for-stm32.12.3.rel1.win32_1.0.200.202406191623/tools/bin/../lib/gcc/arm-none-eabi/12.3.1/../../../../arm-none-eabi/lib/thumb/v7-m/nofp\libc_nano.a
LOAD C:/ST/STM32CubeIDE_1.16.0/STM32CubeIDE/plugins/com.st.stm32cube.ide.mcu.externaltools.gnu-tools-for-stm32.12.3.rel1.win32_1.0.200.202406191623/tools/bin/../lib/gcc/arm-none-eabi/12.3.1/../../../../arm-none-eabi/lib/thumb/v7-m/nofp\libm.a
END GROUP
START GROUP
LOAD C:/ST/STM32CubeIDE_1.16.0/STM32CubeIDE/plugins/com.st.stm32cube.ide.mcu.externaltools.gnu-tools-for-stm32.12.3.rel1.win32_1.0.200.202406191623/tools/bin/../lib/gcc/arm-none-eabi/12.3.1/thumb/v7-m/nofp\libgcc.a
LOAD C:/ST/STM32CubeIDE_1.16.0/STM32CubeIDE/plugins/com.st.stm32cube.ide.mcu.externaltools.gnu-tools-for-stm32.12.3.rel1.win32_1.0.200.202406191623/tools/bin/../lib/gcc/arm-none-eabi/12.3.1/../../../../arm-none-eabi/lib/thumb/v7-m/nofp\libc_nano.a
END GROUP
START GROUP
LOAD C:/ST/STM32CubeIDE_1.16.0/STM32CubeIDE/plugins/com.st.stm32cube.ide.mcu.externaltools.gnu-tools-for-stm32.12.3.rel1.win32_1.0.200.202406191623/tools/bin/../lib/gcc/arm-none-eabi/12.3.1/thumb/v7-m/nofp\libgcc.a
LOAD C:/ST/STM32CubeIDE_1.16.0/STM32CubeIDE/plugins/com.st.stm32cube.ide.mcu.externaltools.gnu-tools-for-stm32.12.3.rel1.win32_1.0.200.202406191623/tools/bin/../lib/gcc/arm-none-eabi/12.3.1/../../../../arm-none-eabi/lib/thumb/v7-m/nofp\libc_nano.a
LOAD C:/ST/STM32CubeIDE_1.16.0/STM32CubeIDE/plugins/com.st.stm32cube.ide.mcu.externaltools.gnu-tools-for-stm32.12.3.rel1.win32_1.0.200.202406191623/tools/bin/../lib/gcc/arm-none-eabi/12.3.1/../../../../arm-none-eabi/lib/thumb/v7-m/nofp\libnosys.a
END GROUP
START GROUP
LOAD C:/ST/STM32CubeIDE_1.16.0/STM32CubeIDE/plugins/com.st.stm32cube.ide.mcu.externaltools.gnu-tools-for-stm32.12.3.rel1.win32_1.0.200.202406191623/tools/bin/../lib/gcc/arm-none-eabi/12.3.1/thumb/v7-m/nofp\libgcc.a
LOAD C:/ST/STM32CubeIDE_1.16.0/STM32CubeIDE/plugins/com.st.stm32cube.ide.mcu.externaltools.gnu-tools-for-stm32.12.3.rel1.win32_1.0.200.202406191623/tools/bin/../lib/gcc/arm-none-eabi/12.3.1/../../../../arm-none-eabi/lib/thumb/v7-m/nofp\libc_nano.a
LOAD C:/ST/STM32CubeIDE_1.16.0/STM32CubeIDE/plugins/com.st.stm32cube.ide.mcu.externaltools.gnu-tools-for-stm32.12.3.rel1.win32_1.0.200.202406191623/tools/bin/../lib/gcc/arm-none-eabi/12.3.1/../../../../arm-none-eabi/lib/thumb/v7-m/nofp\libnosys.a
END GROUP
LOAD C:/ST/STM32CubeIDE_1.16.0/STM32CubeIDE/plugins/com.st.stm32cube.ide.mcu.externaltools.gnu-tools-for-stm32.12.3.rel1.win32_1.0.200.202406191623/tools/bin/../lib/gcc/arm-none-eabi/12.3.1/thumb/v7-m/nofp/crtend.o
LOAD C:/ST/STM32CubeIDE_1.16.0/STM32CubeIDE/plugins/com.st.stm32cube.ide.mcu.externaltools.gnu-tools-for-stm32.12.3.rel1.win32_1.0.200.202406191623/tools/bin/../lib/gcc/arm-none-eabi/12.3.1/thumb/v7-m/nofp/crtn.o
                0x2000c000                        _estack = (ORIGIN (RAM) + LENGTH (RAM))
                0x00000200                        _Min_Heap_Size = 0x200
                0x00000400                        _Min_Stack_Size = 0x400

.isr_vector     0x08000000      0x1e4
                0x08000000                        . = ALIGN (0x4)
 *(.isr_vector)
 .isr_vector    0x08000000      0x1e4 ./Core/Startup/startup_stm32f103rctx.o
                0x08000000                g_pfnVectors
                0x080001e4                        . = ALIGN (0x4)

.text           0x080001e8     0x9b64
                0x080001e8                        . = ALIGN (0x4)
 *(.text)
 .text          0x080001e8       0x40 C:/ST/STM32CubeIDE_1.16.0/STM32CubeIDE/plugins/com.st.stm32cube.ide.mcu.externaltools.gnu-tools-for-stm32.12.3.rel1.win32_1.0.200.202406191623/tools/bin/../lib/gcc/arm-none-eabi/12.3.1/thumb/v7-m/nofp/crtbegin.o
 .text          0x08000228      0x254 C:/ST/STM32CubeIDE_1.16.0/STM32CubeIDE/plugins/com.st.stm32cube.ide.mcu.externaltools.gnu-tools-for-stm32.12.3.rel1.win32_1.0.200.202406191623/tools/bin/../lib/gcc/arm-none-eabi/12.3.1/thumb/v7-m/nofp\libgcc.a(_arm_muldf3.o)
                0x08000228                __muldf3
                0x08000228                __aeabi_dmul
 .text          0x0800047c      0x378 C:/ST/STM32CubeIDE_1.16.0/STM32CubeIDE/plugins/com.st.stm32cube.ide.mcu.externaltools.gnu-tools-for-stm32.12.3.rel1.win32_1.0.200.202406191623/tools/bin/../lib/gcc/arm-none-eabi/12.3.1/thumb/v7-m/nofp\libgcc.a(_arm_addsubdf3.o)
                0x0800047c                __aeabi_drsub
                0x08000484                __aeabi_dsub
                0x08000484                __subdf3
                0x08000488                __aeabi_dadd
                0x08000488                __adddf3
                0x08000700                __floatunsidf
                0x08000700                __aeabi_ui2d
                0x08000720                __floatsidf
                0x08000720                __aeabi_i2d
                0x08000744                __aeabi_f2d
                0x08000744                __extendsfdf2
                0x08000788                __floatundidf
                0x08000788                __aeabi_ul2d
                0x08000798                __floatdidf
                0x08000798                __aeabi_l2d
 .text          0x080007f4       0x40 C:/ST/STM32CubeIDE_1.16.0/STM32CubeIDE/plugins/com.st.stm32cube.ide.mcu.externaltools.gnu-tools-for-stm32.12.3.rel1.win32_1.0.200.202406191623/tools/bin/../lib/gcc/arm-none-eabi/12.3.1/thumb/v7-m/nofp\libgcc.a(_arm_fixunsdfsi.o)
                0x080007f4                __aeabi_d2uiz
                0x080007f4                __fixunsdfsi
 *(.text*)
 .text.Debounce_Init
                0x08000834       0xe0 ./Core/Src/debounce.o
                0x08000834                Debounce_Init
 .text.Debounce_Update
                0x08000914       0xbc ./Core/Src/debounce.o
                0x08000914                Debounce_Update
 .text.Debounce_ReadPress
                0x080009d0       0x20 ./Core/Src/debounce.o
                0x080009d0                Debounce_ReadPress
 .text.Debounce_InitKeyWKUP
                0x080009f0       0x28 ./Core/Src/debounce.o
                0x080009f0                Debounce_InitKeyWKUP
 .text.Debounce_InitKey0
                0x08000a18       0x30 ./Core/Src/debounce.o
                0x08000a18                Debounce_InitKey0
 .text.Debounce_InitKey1
                0x08000a48       0x30 ./Core/Src/debounce.o
                0x08000a48                Debounce_InitKey1
 .text.MX_GPIO_Init
                0x08000a78      0x110 ./Core/Src/gpio.o
                0x08000a78                MX_GPIO_Init
 .text.LCD_WR_REG
                0x08000b88       0x48 ./Core/Src/lcd.o
                0x08000b88                LCD_WR_REG
 .text.LCD_WR_DATAX
                0x08000bd0       0x48 ./Core/Src/lcd.o
                0x08000bd0                LCD_WR_DATAX
 .text.LCD_RD_DATA
                0x08000c18       0x88 ./Core/Src/lcd.o
                0x08000c18                LCD_RD_DATA
 .text.LCD_WriteReg
                0x08000ca0       0x54 ./Core/Src/lcd.o
                0x08000ca0                LCD_WriteReg
 .text.LCD_ReadReg
                0x08000cf4       0x20 ./Core/Src/lcd.o
                0x08000cf4                LCD_ReadReg
 .text.LCD_WriteRAM_Prepare
                0x08000d14       0x18 ./Core/Src/lcd.o
                0x08000d14                LCD_WriteRAM_Prepare
 .text.LCD_SetCursor
                0x08000d2c      0x598 ./Core/Src/lcd.o
                0x08000d2c                LCD_SetCursor
 .text.LCD_Scan_Dir
                0x080012c4      0x624 ./Core/Src/lcd.o
                0x080012c4                LCD_Scan_Dir
 .text.LCD_Fast_DrawPoint
                0x080018e8      0x52c ./Core/Src/lcd.o
                0x080018e8                LCD_Fast_DrawPoint
 *fill*         0x08001e14        0x4 
 .text.LCD_SSD_BackLightSet
                0x08001e18      0x148 ./Core/Src/lcd.o
                0x08001e18                LCD_SSD_BackLightSet
 .text.LCD_Display_Dir
                0x08001f60      0x218 ./Core/Src/lcd.o
                0x08001f60                LCD_Display_Dir
 .text.LCD_Init
                0x08002178     0x3e5c ./Core/Src/lcd.o
                0x08002178                LCD_Init
 .text.LCD_Clear
                0x08005fd4       0xc4 ./Core/Src/lcd.o
                0x08005fd4                LCD_Clear
 .text.LCD_Fill
                0x08006098      0x11c ./Core/Src/lcd.o
                0x08006098                LCD_Fill
 .text.LCD_ShowChar
                0x080061b4      0x15c ./Core/Src/lcd.o
                0x080061b4                LCD_ShowChar
 .text.LCD_ShowString
                0x08006310       0x9a ./Core/Src/lcd.o
                0x08006310                LCD_ShowString
 *fill*         0x080063aa        0x2 
 .text.main     0x080063ac      0x4f4 ./Core/Src/main.o
                0x080063ac                main
 .text.SystemClock_Config
                0x080068a0       0x8a ./Core/Src/main.o
                0x080068a0                SystemClock_Config
 *fill*         0x0800692a        0x2 
 .text.LCD_ShowPic
                0x0800692c       0xc8 ./Core/Src/main.o
                0x0800692c                LCD_ShowPic
 .text.Error_Handler
                0x080069f4        0xc ./Core/Src/main.o
                0x080069f4                Error_Handler
 .text.HAL_MspInit
                0x08006a00       0x64 ./Core/Src/stm32f1xx_hal_msp.o
                0x08006a00                HAL_MspInit
 .text.NMI_Handler
                0x08006a64        0x8 ./Core/Src/stm32f1xx_it.o
                0x08006a64                NMI_Handler
 .text.HardFault_Handler
                0x08006a6c        0x8 ./Core/Src/stm32f1xx_it.o
                0x08006a6c                HardFault_Handler
 .text.MemManage_Handler
                0x08006a74        0x8 ./Core/Src/stm32f1xx_it.o
                0x08006a74                MemManage_Handler
 .text.BusFault_Handler
                0x08006a7c        0x8 ./Core/Src/stm32f1xx_it.o
                0x08006a7c                BusFault_Handler
 .text.UsageFault_Handler
                0x08006a84        0x8 ./Core/Src/stm32f1xx_it.o
                0x08006a84                UsageFault_Handler
 .text.SVC_Handler
                0x08006a8c        0xc ./Core/Src/stm32f1xx_it.o
                0x08006a8c                SVC_Handler
 .text.DebugMon_Handler
                0x08006a98        0xc ./Core/Src/stm32f1xx_it.o
                0x08006a98                DebugMon_Handler
 .text.PendSV_Handler
                0x08006aa4        0xc ./Core/Src/stm32f1xx_it.o
                0x08006aa4                PendSV_Handler
 .text.SysTick_Handler
                0x08006ab0        0xc ./Core/Src/stm32f1xx_it.o
                0x08006ab0                SysTick_Handler
 .text.TIM3_IRQHandler
                0x08006abc       0x14 ./Core/Src/stm32f1xx_it.o
                0x08006abc                TIM3_IRQHandler
 .text.USART1_IRQHandler
                0x08006ad0       0x14 ./Core/Src/stm32f1xx_it.o
                0x08006ad0                USART1_IRQHandler
 .text.HAL_TIM_PeriodElapsedCallback
                0x08006ae4       0x74 ./Core/Src/stm32f1xx_it.o
                0x08006ae4                HAL_TIM_PeriodElapsedCallback
 .text.HAL_UART_RxCpltCallback
                0x08006b58       0xbc ./Core/Src/stm32f1xx_it.o
                0x08006b58                HAL_UART_RxCpltCallback
 .text._sbrk    0x08006c14       0x6c ./Core/Src/sysmem.o
                0x08006c14                _sbrk
 .text.SystemInit
                0x08006c80        0xc ./Core/Src/system_stm32f1xx.o
                0x08006c80                SystemInit
 .text.MX_TIM3_Init
                0x08006c8c       0x9c ./Core/Src/tim.o
                0x08006c8c                MX_TIM3_Init
 .text.HAL_TIM_Base_MspInit
                0x08006d28       0x4c ./Core/Src/tim.o
                0x08006d28                HAL_TIM_Base_MspInit
 .text.MX_USART1_UART_Init
                0x08006d74       0x54 ./Core/Src/usart.o
                0x08006d74                MX_USART1_UART_Init
 .text.HAL_UART_MspInit
                0x08006dc8       0xa8 ./Core/Src/usart.o
                0x08006dc8                HAL_UART_MspInit
 .text.Reset_Handler
                0x08006e70       0x48 ./Core/Startup/startup_stm32f103rctx.o
                0x08006e70                Reset_Handler
 .text.Default_Handler
                0x08006eb8        0x2 ./Core/Startup/startup_stm32f103rctx.o
                0x08006eb8                RTC_Alarm_IRQHandler
                0x08006eb8                EXTI2_IRQHandler
                0x08006eb8                TIM8_TRG_COM_IRQHandler
                0x08006eb8                TIM8_CC_IRQHandler
                0x08006eb8                TIM1_CC_IRQHandler
                0x08006eb8                TIM6_IRQHandler
                0x08006eb8                PVD_IRQHandler
                0x08006eb8                SDIO_IRQHandler
                0x08006eb8                EXTI3_IRQHandler
                0x08006eb8                EXTI0_IRQHandler
                0x08006eb8                I2C2_EV_IRQHandler
                0x08006eb8                ADC1_2_IRQHandler
                0x08006eb8                SPI1_IRQHandler
                0x08006eb8                TAMPER_IRQHandler
                0x08006eb8                TIM8_UP_IRQHandler
                0x08006eb8                DMA2_Channel2_IRQHandler
                0x08006eb8                DMA1_Channel4_IRQHandler
                0x08006eb8                USART3_IRQHandler
                0x08006eb8                RTC_IRQHandler
                0x08006eb8                DMA1_Channel7_IRQHandler
                0x08006eb8                CAN1_RX1_IRQHandler
                0x08006eb8                UART5_IRQHandler
                0x08006eb8                ADC3_IRQHandler
                0x08006eb8                TIM4_IRQHandler
                0x08006eb8                DMA2_Channel1_IRQHandler
                0x08006eb8                I2C1_EV_IRQHandler
                0x08006eb8                DMA1_Channel6_IRQHandler
                0x08006eb8                UART4_IRQHandler
                0x08006eb8                RCC_IRQHandler
                0x08006eb8                TIM1_TRG_COM_IRQHandler
                0x08006eb8                DMA1_Channel1_IRQHandler
                0x08006eb8                Default_Handler
                0x08006eb8                EXTI15_10_IRQHandler
                0x08006eb8                TIM7_IRQHandler
                0x08006eb8                TIM5_IRQHandler
                0x08006eb8                EXTI9_5_IRQHandler
                0x08006eb8                SPI2_IRQHandler
                0x08006eb8                DMA1_Channel5_IRQHandler
                0x08006eb8                EXTI4_IRQHandler
                0x08006eb8                USB_LP_CAN1_RX0_IRQHandler
                0x08006eb8                USB_HP_CAN1_TX_IRQHandler
                0x08006eb8                DMA1_Channel3_IRQHandler
                0x08006eb8                FSMC_IRQHandler
                0x08006eb8                TIM1_UP_IRQHandler
                0x08006eb8                WWDG_IRQHandler
                0x08006eb8                TIM2_IRQHandler
                0x08006eb8                TIM1_BRK_IRQHandler
                0x08006eb8                EXTI1_IRQHandler
                0x08006eb8                DMA2_Channel4_5_IRQHandler
                0x08006eb8                USART2_IRQHandler
                0x08006eb8                I2C2_ER_IRQHandler
                0x08006eb8                DMA1_Channel2_IRQHandler
                0x08006eb8                TIM8_BRK_IRQHandler
                0x08006eb8                CAN1_SCE_IRQHandler
                0x08006eb8                FLASH_IRQHandler
                0x08006eb8                SPI3_IRQHandler
                0x08006eb8                I2C1_ER_IRQHandler
                0x08006eb8                USBWakeUp_IRQHandler
                0x08006eb8                DMA2_Channel3_IRQHandler
 *fill*         0x08006eba        0x2 
 .text.HAL_Init
                0x08006ebc       0x2c ./Drivers/STM32F1xx_HAL_Driver/Src/stm32f1xx_hal.o
                0x08006ebc                HAL_Init
 .text.HAL_InitTick
                0x08006ee8       0x60 ./Drivers/STM32F1xx_HAL_Driver/Src/stm32f1xx_hal.o
                0x08006ee8                HAL_InitTick
 .text.HAL_IncTick
                0x08006f48       0x24 ./Drivers/STM32F1xx_HAL_Driver/Src/stm32f1xx_hal.o
                0x08006f48                HAL_IncTick
 .text.HAL_GetTick
                0x08006f6c       0x14 ./Drivers/STM32F1xx_HAL_Driver/Src/stm32f1xx_hal.o
                0x08006f6c                HAL_GetTick
 .text.HAL_Delay
                0x08006f80       0x48 ./Drivers/STM32F1xx_HAL_Driver/Src/stm32f1xx_hal.o
                0x08006f80                HAL_Delay
 .text.__NVIC_SetPriorityGrouping
                0x08006fc8       0x48 ./Drivers/STM32F1xx_HAL_Driver/Src/stm32f1xx_hal_cortex.o
 .text.__NVIC_GetPriorityGrouping
                0x08007010       0x1c ./Drivers/STM32F1xx_HAL_Driver/Src/stm32f1xx_hal_cortex.o
 .text.__NVIC_EnableIRQ
                0x0800702c       0x38 ./Drivers/STM32F1xx_HAL_Driver/Src/stm32f1xx_hal_cortex.o
 .text.__NVIC_SetPriority
                0x08007064       0x54 ./Drivers/STM32F1xx_HAL_Driver/Src/stm32f1xx_hal_cortex.o
 .text.NVIC_EncodePriority
                0x080070b8       0x64 ./Drivers/STM32F1xx_HAL_Driver/Src/stm32f1xx_hal_cortex.o
 .text.SysTick_Config
                0x0800711c       0x44 ./Drivers/STM32F1xx_HAL_Driver/Src/stm32f1xx_hal_cortex.o
 .text.HAL_NVIC_SetPriorityGrouping
                0x08007160       0x16 ./Drivers/STM32F1xx_HAL_Driver/Src/stm32f1xx_hal_cortex.o
                0x08007160                HAL_NVIC_SetPriorityGrouping
 .text.HAL_NVIC_SetPriority
                0x08007176       0x38 ./Drivers/STM32F1xx_HAL_Driver/Src/stm32f1xx_hal_cortex.o
                0x08007176                HAL_NVIC_SetPriority
 .text.HAL_NVIC_EnableIRQ
                0x080071ae       0x1c ./Drivers/STM32F1xx_HAL_Driver/Src/stm32f1xx_hal_cortex.o
                0x080071ae                HAL_NVIC_EnableIRQ
 .text.HAL_SYSTICK_Config
                0x080071ca       0x18 ./Drivers/STM32F1xx_HAL_Driver/Src/stm32f1xx_hal_cortex.o
                0x080071ca                HAL_SYSTICK_Config
 .text.HAL_DMA_Abort
                0x080071e2       0x76 ./Drivers/STM32F1xx_HAL_Driver/Src/stm32f1xx_hal_dma.o
                0x080071e2                HAL_DMA_Abort
 .text.HAL_DMA_Abort_IT
                0x08007258      0x210 ./Drivers/STM32F1xx_HAL_Driver/Src/stm32f1xx_hal_dma.o
                0x08007258                HAL_DMA_Abort_IT
 .text.HAL_GPIO_Init
                0x08007468      0x328 ./Drivers/STM32F1xx_HAL_Driver/Src/stm32f1xx_hal_gpio.o
                0x08007468                HAL_GPIO_Init
 .text.HAL_GPIO_ReadPin
                0x08007790       0x2e ./Drivers/STM32F1xx_HAL_Driver/Src/stm32f1xx_hal_gpio.o
                0x08007790                HAL_GPIO_ReadPin
 .text.HAL_GPIO_WritePin
                0x080077be       0x30 ./Drivers/STM32F1xx_HAL_Driver/Src/stm32f1xx_hal_gpio.o
                0x080077be                HAL_GPIO_WritePin
 *fill*         0x080077ee        0x2 
 .text.HAL_RCC_OscConfig
                0x080077f0      0x504 ./Drivers/STM32F1xx_HAL_Driver/Src/stm32f1xx_hal_rcc.o
                0x080077f0                HAL_RCC_OscConfig
 .text.HAL_RCC_ClockConfig
                0x08007cf4      0x1d4 ./Drivers/STM32F1xx_HAL_Driver/Src/stm32f1xx_hal_rcc.o
                0x08007cf4                HAL_RCC_ClockConfig
 .text.HAL_RCC_GetSysClockFreq
                0x08007ec8       0xa8 ./Drivers/STM32F1xx_HAL_Driver/Src/stm32f1xx_hal_rcc.o
                0x08007ec8                HAL_RCC_GetSysClockFreq
 .text.HAL_RCC_GetHCLKFreq
                0x08007f70       0x14 ./Drivers/STM32F1xx_HAL_Driver/Src/stm32f1xx_hal_rcc.o
                0x08007f70                HAL_RCC_GetHCLKFreq
 .text.HAL_RCC_GetPCLK1Freq
                0x08007f84       0x28 ./Drivers/STM32F1xx_HAL_Driver/Src/stm32f1xx_hal_rcc.o
                0x08007f84                HAL_RCC_GetPCLK1Freq
 .text.HAL_RCC_GetPCLK2Freq
                0x08007fac       0x28 ./Drivers/STM32F1xx_HAL_Driver/Src/stm32f1xx_hal_rcc.o
                0x08007fac                HAL_RCC_GetPCLK2Freq
 .text.RCC_Delay
                0x08007fd4       0x3c ./Drivers/STM32F1xx_HAL_Driver/Src/stm32f1xx_hal_rcc.o
 .text.HAL_TIM_Base_Init
                0x08008010       0x9e ./Drivers/STM32F1xx_HAL_Driver/Src/stm32f1xx_hal_tim.o
                0x08008010                HAL_TIM_Base_Init
 *fill*         0x080080ae        0x2 
 .text.HAL_TIM_Base_Start_IT
                0x080080b0       0xc0 ./Drivers/STM32F1xx_HAL_Driver/Src/stm32f1xx_hal_tim.o
                0x080080b0                HAL_TIM_Base_Start_IT
 .text.HAL_TIM_IRQHandler
                0x08008170      0x1e0 ./Drivers/STM32F1xx_HAL_Driver/Src/stm32f1xx_hal_tim.o
                0x08008170                HAL_TIM_IRQHandler
 .text.HAL_TIM_ConfigClockSource
                0x08008350      0x18e ./Drivers/STM32F1xx_HAL_Driver/Src/stm32f1xx_hal_tim.o
                0x08008350                HAL_TIM_ConfigClockSource
 .text.HAL_TIM_OC_DelayElapsedCallback
                0x080084de       0x12 ./Drivers/STM32F1xx_HAL_Driver/Src/stm32f1xx_hal_tim.o
                0x080084de                HAL_TIM_OC_DelayElapsedCallback
 .text.HAL_TIM_IC_CaptureCallback
                0x080084f0       0x12 ./Drivers/STM32F1xx_HAL_Driver/Src/stm32f1xx_hal_tim.o
                0x080084f0                HAL_TIM_IC_CaptureCallback
 .text.HAL_TIM_PWM_PulseFinishedCallback
                0x08008502       0x12 ./Drivers/STM32F1xx_HAL_Driver/Src/stm32f1xx_hal_tim.o
                0x08008502                HAL_TIM_PWM_PulseFinishedCallback
 .text.HAL_TIM_TriggerCallback
                0x08008514       0x12 ./Drivers/STM32F1xx_HAL_Driver/Src/stm32f1xx_hal_tim.o
                0x08008514                HAL_TIM_TriggerCallback
 *fill*         0x08008526        0x2 
 .text.TIM_Base_SetConfig
                0x08008528      0x10c ./Drivers/STM32F1xx_HAL_Driver/Src/stm32f1xx_hal_tim.o
                0x08008528                TIM_Base_SetConfig
 .text.TIM_TI1_ConfigInputStage
                0x08008634       0x5c ./Drivers/STM32F1xx_HAL_Driver/Src/stm32f1xx_hal_tim.o
 .text.TIM_TI2_ConfigInputStage
                0x08008690       0x5e ./Drivers/STM32F1xx_HAL_Driver/Src/stm32f1xx_hal_tim.o
 .text.TIM_ITRx_SetConfig
                0x080086ee       0x34 ./Drivers/STM32F1xx_HAL_Driver/Src/stm32f1xx_hal_tim.o
 .text.TIM_ETR_SetConfig
                0x08008722       0x3e ./Drivers/STM32F1xx_HAL_Driver/Src/stm32f1xx_hal_tim.o
                0x08008722                TIM_ETR_SetConfig
 .text.HAL_TIMEx_MasterConfigSynchronization
                0x08008760       0xd8 ./Drivers/STM32F1xx_HAL_Driver/Src/stm32f1xx_hal_tim_ex.o
                0x08008760                HAL_TIMEx_MasterConfigSynchronization
 .text.HAL_TIMEx_CommutCallback
                0x08008838       0x12 ./Drivers/STM32F1xx_HAL_Driver/Src/stm32f1xx_hal_tim_ex.o
                0x08008838                HAL_TIMEx_CommutCallback
 .text.HAL_TIMEx_BreakCallback
                0x0800884a       0x12 ./Drivers/STM32F1xx_HAL_Driver/Src/stm32f1xx_hal_tim_ex.o
                0x0800884a                HAL_TIMEx_BreakCallback
 .text.HAL_UART_Init
                0x0800885c       0xa0 ./Drivers/STM32F1xx_HAL_Driver/Src/stm32f1xx_hal_uart.o
                0x0800885c                HAL_UART_Init
 .text.HAL_UART_Transmit_IT
                0x080088fc       0x6a ./Drivers/STM32F1xx_HAL_Driver/Src/stm32f1xx_hal_uart.o
                0x080088fc                HAL_UART_Transmit_IT
 .text.HAL_UART_Receive_IT
                0x08008966       0x4a ./Drivers/STM32F1xx_HAL_Driver/Src/stm32f1xx_hal_uart.o
                0x08008966                HAL_UART_Receive_IT
 .text.HAL_UART_IRQHandler
                0x080089b0      0x524 ./Drivers/STM32F1xx_HAL_Driver/Src/stm32f1xx_hal_uart.o
                0x080089b0                HAL_UART_IRQHandler
 .text.HAL_UART_TxCpltCallback
                0x08008ed4       0x12 ./Drivers/STM32F1xx_HAL_Driver/Src/stm32f1xx_hal_uart.o
                0x08008ed4                HAL_UART_TxCpltCallback
 .text.HAL_UART_ErrorCallback
                0x08008ee6       0x12 ./Drivers/STM32F1xx_HAL_Driver/Src/stm32f1xx_hal_uart.o
                0x08008ee6                HAL_UART_ErrorCallback
 .text.HAL_UARTEx_RxEventCallback
                0x08008ef8       0x16 ./Drivers/STM32F1xx_HAL_Driver/Src/stm32f1xx_hal_uart.o
                0x08008ef8                HAL_UARTEx_RxEventCallback
 .text.UART_Start_Receive_IT
                0x08008f0e       0x72 ./Drivers/STM32F1xx_HAL_Driver/Src/stm32f1xx_hal_uart.o
                0x08008f0e                UART_Start_Receive_IT
 .text.UART_EndRxTransfer
                0x08008f80       0xc4 ./Drivers/STM32F1xx_HAL_Driver/Src/stm32f1xx_hal_uart.o
 .text.UART_DMAAbortOnError
                0x08009044       0x28 ./Drivers/STM32F1xx_HAL_Driver/Src/stm32f1xx_hal_uart.o
 .text.UART_Transmit_IT
                0x0800906c       0x9e ./Drivers/STM32F1xx_HAL_Driver/Src/stm32f1xx_hal_uart.o
 .text.UART_EndTransmit_IT
                0x0800910a       0x30 ./Drivers/STM32F1xx_HAL_Driver/Src/stm32f1xx_hal_uart.o
 .text.UART_Receive_IT
                0x0800913a      0x17c ./Drivers/STM32F1xx_HAL_Driver/Src/stm32f1xx_hal_uart.o
 *fill*         0x080092b6        0x2 
 .text.UART_SetConfig
                0x080092b8      0x11c ./Drivers/STM32F1xx_HAL_Driver/Src/stm32f1xx_hal_uart.o
 .text.sprintf  0x080093d4       0x40 C:/ST/STM32CubeIDE_1.16.0/STM32CubeIDE/plugins/com.st.stm32cube.ide.mcu.externaltools.gnu-tools-for-stm32.12.3.rel1.win32_1.0.200.202406191623/tools/bin/../lib/gcc/arm-none-eabi/12.3.1/../../../../arm-none-eabi/lib/thumb/v7-m/nofp\libc_nano.a(libc_a-sprintf.o)
                0x080093d4                siprintf
                0x080093d4                sprintf
 .text.memset   0x08009414       0x10 C:/ST/STM32CubeIDE_1.16.0/STM32CubeIDE/plugins/com.st.stm32cube.ide.mcu.externaltools.gnu-tools-for-stm32.12.3.rel1.win32_1.0.200.202406191623/tools/bin/../lib/gcc/arm-none-eabi/12.3.1/../../../../arm-none-eabi/lib/thumb/v7-m/nofp\libc_nano.a(libc_a-memset.o)
                0x08009414                memset
 .text.__errno  0x08009424        0xc C:/ST/STM32CubeIDE_1.16.0/STM32CubeIDE/plugins/com.st.stm32cube.ide.mcu.externaltools.gnu-tools-for-stm32.12.3.rel1.win32_1.0.200.202406191623/tools/bin/../lib/gcc/arm-none-eabi/12.3.1/../../../../arm-none-eabi/lib/thumb/v7-m/nofp\libc_nano.a(libc_a-errno.o)
                0x08009424                __errno
 .text.__libc_init_array
                0x08009430       0x48 C:/ST/STM32CubeIDE_1.16.0/STM32CubeIDE/plugins/com.st.stm32cube.ide.mcu.externaltools.gnu-tools-for-stm32.12.3.rel1.win32_1.0.200.202406191623/tools/bin/../lib/gcc/arm-none-eabi/12.3.1/../../../../arm-none-eabi/lib/thumb/v7-m/nofp\libc_nano.a(libc_a-init.o)
                0x08009430                __libc_init_array
 .text.__retarget_lock_acquire_recursive
                0x08009478        0x2 C:/ST/STM32CubeIDE_1.16.0/STM32CubeIDE/plugins/com.st.stm32cube.ide.mcu.externaltools.gnu-tools-for-stm32.12.3.rel1.win32_1.0.200.202406191623/tools/bin/../lib/gcc/arm-none-eabi/12.3.1/../../../../arm-none-eabi/lib/thumb/v7-m/nofp\libc_nano.a(libc_a-lock.o)
                0x08009478                __retarget_lock_acquire_recursive
 .text.__retarget_lock_release_recursive
                0x0800947a        0x2 C:/ST/STM32CubeIDE_1.16.0/STM32CubeIDE/plugins/com.st.stm32cube.ide.mcu.externaltools.gnu-tools-for-stm32.12.3.rel1.win32_1.0.200.202406191623/tools/bin/../lib/gcc/arm-none-eabi/12.3.1/../../../../arm-none-eabi/lib/thumb/v7-m/nofp\libc_nano.a(libc_a-lock.o)
                0x0800947a                __retarget_lock_release_recursive
 .text._free_r  0x0800947c       0x90 C:/ST/STM32CubeIDE_1.16.0/STM32CubeIDE/plugins/com.st.stm32cube.ide.mcu.externaltools.gnu-tools-for-stm32.12.3.rel1.win32_1.0.200.202406191623/tools/bin/../lib/gcc/arm-none-eabi/12.3.1/../../../../arm-none-eabi/lib/thumb/v7-m/nofp\libc_nano.a(libc_a-freer.o)
                0x0800947c                _free_r
 .text.sbrk_aligned
                0x0800950c       0x44 C:/ST/STM32CubeIDE_1.16.0/STM32CubeIDE/plugins/com.st.stm32cube.ide.mcu.externaltools.gnu-tools-for-stm32.12.3.rel1.win32_1.0.200.202406191623/tools/bin/../lib/gcc/arm-none-eabi/12.3.1/../../../../arm-none-eabi/lib/thumb/v7-m/nofp\libc_nano.a(libc_a-mallocr.o)
 .text._malloc_r
                0x08009550      0x100 C:/ST/STM32CubeIDE_1.16.0/STM32CubeIDE/plugins/com.st.stm32cube.ide.mcu.externaltools.gnu-tools-for-stm32.12.3.rel1.win32_1.0.200.202406191623/tools/bin/../lib/gcc/arm-none-eabi/12.3.1/../../../../arm-none-eabi/lib/thumb/v7-m/nofp\libc_nano.a(libc_a-mallocr.o)
                0x08009550                _malloc_r
 .text.__malloc_lock
                0x08009650        0xc C:/ST/STM32CubeIDE_1.16.0/STM32CubeIDE/plugins/com.st.stm32cube.ide.mcu.externaltools.gnu-tools-for-stm32.12.3.rel1.win32_1.0.200.202406191623/tools/bin/../lib/gcc/arm-none-eabi/12.3.1/../../../../arm-none-eabi/lib/thumb/v7-m/nofp\libc_nano.a(libc_a-mlock.o)
                0x08009650                __malloc_lock
 .text.__malloc_unlock
                0x0800965c        0xc C:/ST/STM32CubeIDE_1.16.0/STM32CubeIDE/plugins/com.st.stm32cube.ide.mcu.externaltools.gnu-tools-for-stm32.12.3.rel1.win32_1.0.200.202406191623/tools/bin/../lib/gcc/arm-none-eabi/12.3.1/../../../../arm-none-eabi/lib/thumb/v7-m/nofp\libc_nano.a(libc_a-mlock.o)
                0x0800965c                __malloc_unlock
 .text.__ssputs_r
                0x08009668       0xb6 C:/ST/STM32CubeIDE_1.16.0/STM32CubeIDE/plugins/com.st.stm32cube.ide.mcu.externaltools.gnu-tools-for-stm32.12.3.rel1.win32_1.0.200.202406191623/tools/bin/../lib/gcc/arm-none-eabi/12.3.1/../../../../arm-none-eabi/lib/thumb/v7-m/nofp\libc_nano.a(libc_a-nano-svfprintf.o)
                0x08009668                __ssputs_r
 *fill*         0x0800971e        0x2 
 .text._svfprintf_r
                0x08009720      0x1f8 C:/ST/STM32CubeIDE_1.16.0/STM32CubeIDE/plugins/com.st.stm32cube.ide.mcu.externaltools.gnu-tools-for-stm32.12.3.rel1.win32_1.0.200.202406191623/tools/bin/../lib/gcc/arm-none-eabi/12.3.1/../../../../arm-none-eabi/lib/thumb/v7-m/nofp\libc_nano.a(libc_a-nano-svfprintf.o)
                0x08009720                _svfiprintf_r
                0x08009720                _svfprintf_r
 .text._printf_common
                0x08009918       0xe4 C:/ST/STM32CubeIDE_1.16.0/STM32CubeIDE/plugins/com.st.stm32cube.ide.mcu.externaltools.gnu-tools-for-stm32.12.3.rel1.win32_1.0.200.202406191623/tools/bin/../lib/gcc/arm-none-eabi/12.3.1/../../../../arm-none-eabi/lib/thumb/v7-m/nofp\libc_nano.a(libc_a-nano-vfprintf_i.o)
                0x08009918                _printf_common
 .text._printf_i
                0x080099fc      0x240 C:/ST/STM32CubeIDE_1.16.0/STM32CubeIDE/plugins/com.st.stm32cube.ide.mcu.externaltools.gnu-tools-for-stm32.12.3.rel1.win32_1.0.200.202406191623/tools/bin/../lib/gcc/arm-none-eabi/12.3.1/../../../../arm-none-eabi/lib/thumb/v7-m/nofp\libc_nano.a(libc_a-nano-vfprintf_i.o)
                0x080099fc                _printf_i
 .text.memmove  0x08009c3c       0x34 C:/ST/STM32CubeIDE_1.16.0/STM32CubeIDE/plugins/com.st.stm32cube.ide.mcu.externaltools.gnu-tools-for-stm32.12.3.rel1.win32_1.0.200.202406191623/tools/bin/../lib/gcc/arm-none-eabi/12.3.1/../../../../arm-none-eabi/lib/thumb/v7-m/nofp\libc_nano.a(libc_a-memmove.o)
                0x08009c3c                memmove
 .text._sbrk_r  0x08009c70       0x20 C:/ST/STM32CubeIDE_1.16.0/STM32CubeIDE/plugins/com.st.stm32cube.ide.mcu.externaltools.gnu-tools-for-stm32.12.3.rel1.win32_1.0.200.202406191623/tools/bin/../lib/gcc/arm-none-eabi/12.3.1/../../../../arm-none-eabi/lib/thumb/v7-m/nofp\libc_nano.a(libc_a-sbrkr.o)
                0x08009c70                _sbrk_r
 .text.memchr   0x08009c90       0x1c C:/ST/STM32CubeIDE_1.16.0/STM32CubeIDE/plugins/com.st.stm32cube.ide.mcu.externaltools.gnu-tools-for-stm32.12.3.rel1.win32_1.0.200.202406191623/tools/bin/../lib/gcc/arm-none-eabi/12.3.1/../../../../arm-none-eabi/lib/thumb/v7-m/nofp\libc_nano.a(libc_a-memchr-stub.o)
                0x08009c90                memchr
 .text.memcpy   0x08009cac       0x1c C:/ST/STM32CubeIDE_1.16.0/STM32CubeIDE/plugins/com.st.stm32cube.ide.mcu.externaltools.gnu-tools-for-stm32.12.3.rel1.win32_1.0.200.202406191623/tools/bin/../lib/gcc/arm-none-eabi/12.3.1/../../../../arm-none-eabi/lib/thumb/v7-m/nofp\libc_nano.a(libc_a-memcpy-stub.o)
                0x08009cac                memcpy
 .text._realloc_r
                0x08009cc8       0x5c C:/ST/STM32CubeIDE_1.16.0/STM32CubeIDE/plugins/com.st.stm32cube.ide.mcu.externaltools.gnu-tools-for-stm32.12.3.rel1.win32_1.0.200.202406191623/tools/bin/../lib/gcc/arm-none-eabi/12.3.1/../../../../arm-none-eabi/lib/thumb/v7-m/nofp\libc_nano.a(libc_a-reallocr.o)
                0x08009cc8                _realloc_r
 .text._malloc_usable_size_r
                0x08009d24       0x10 C:/ST/STM32CubeIDE_1.16.0/STM32CubeIDE/plugins/com.st.stm32cube.ide.mcu.externaltools.gnu-tools-for-stm32.12.3.rel1.win32_1.0.200.202406191623/tools/bin/../lib/gcc/arm-none-eabi/12.3.1/../../../../arm-none-eabi/lib/thumb/v7-m/nofp\libc_nano.a(libc_a-msizer.o)
                0x08009d24                _malloc_usable_size_r
 *(.glue_7)
 .glue_7        0x08009d34        0x0 linker stubs
 *(.glue_7t)
 .glue_7t       0x08009d34        0x0 linker stubs
 *(.eh_frame)
 .eh_frame      0x08009d34        0x0 C:/ST/STM32CubeIDE_1.16.0/STM32CubeIDE/plugins/com.st.stm32cube.ide.mcu.externaltools.gnu-tools-for-stm32.12.3.rel1.win32_1.0.200.202406191623/tools/bin/../lib/gcc/arm-none-eabi/12.3.1/thumb/v7-m/nofp/crtbegin.o
 *(.init)
 .init          0x08009d34        0x4 C:/ST/STM32CubeIDE_1.16.0/STM32CubeIDE/plugins/com.st.stm32cube.ide.mcu.externaltools.gnu-tools-for-stm32.12.3.rel1.win32_1.0.200.202406191623/tools/bin/../lib/gcc/arm-none-eabi/12.3.1/thumb/v7-m/nofp/crti.o
                0x08009d34                _init
 .init          0x08009d38        0x8 C:/ST/STM32CubeIDE_1.16.0/STM32CubeIDE/plugins/com.st.stm32cube.ide.mcu.externaltools.gnu-tools-for-stm32.12.3.rel1.win32_1.0.200.202406191623/tools/bin/../lib/gcc/arm-none-eabi/12.3.1/thumb/v7-m/nofp/crtn.o
 *(.fini)
 .fini          0x08009d40        0x4 C:/ST/STM32CubeIDE_1.16.0/STM32CubeIDE/plugins/com.st.stm32cube.ide.mcu.externaltools.gnu-tools-for-stm32.12.3.rel1.win32_1.0.200.202406191623/tools/bin/../lib/gcc/arm-none-eabi/12.3.1/thumb/v7-m/nofp/crti.o
                0x08009d40                _fini
 .fini          0x08009d44        0x8 C:/ST/STM32CubeIDE_1.16.0/STM32CubeIDE/plugins/com.st.stm32cube.ide.mcu.externaltools.gnu-tools-for-stm32.12.3.rel1.win32_1.0.200.202406191623/tools/bin/../lib/gcc/arm-none-eabi/12.3.1/thumb/v7-m/nofp/crtn.o
                0x08009d4c                        . = ALIGN (0x4)
                0x08009d4c                        _etext = .

.vfp11_veneer   0x08009d4c        0x0
 .vfp11_veneer  0x08009d4c        0x0 linker stubs

.v4_bx          0x08009d4c        0x0
 .v4_bx         0x08009d4c        0x0 linker stubs

.iplt           0x08009d4c        0x0
 .iplt          0x08009d4c        0x0 C:/ST/STM32CubeIDE_1.16.0/STM32CubeIDE/plugins/com.st.stm32cube.ide.mcu.externaltools.gnu-tools-for-stm32.12.3.rel1.win32_1.0.200.202406191623/tools/bin/../lib/gcc/arm-none-eabi/12.3.1/thumb/v7-m/nofp/crtbegin.o

.rodata         0x08009d4c     0x18bc
                0x08009d4c                        . = ALIGN (0x4)
 *(.rodata)
 .rodata        0x08009d4c       0x9a ./Core/Src/main.o
 *(.rodata*)
 *fill*         0x08009de6        0x2 
 .rodata.asc2_1206
                0x08009de8      0x474 ./Core/Src/lcd.o
                0x08009de8                asc2_1206
 .rodata.asc2_1608
                0x0800a25c      0x5f0 ./Core/Src/lcd.o
                0x0800a25c                asc2_1608
 .rodata.asc2_2412
                0x0800a84c      0xd5c ./Core/Src/lcd.o
                0x0800a84c                asc2_2412
 .rodata.AHBPrescTable
                0x0800b5a8       0x10 ./Core/Src/system_stm32f1xx.o
                0x0800b5a8                AHBPrescTable
 .rodata.APBPrescTable
                0x0800b5b8        0x8 ./Core/Src/system_stm32f1xx.o
                0x0800b5b8                APBPrescTable
 .rodata.aPLLMULFactorTable.1
                0x0800b5c0       0x10 ./Drivers/STM32F1xx_HAL_Driver/Src/stm32f1xx_hal_rcc.o
 .rodata.aPredivFactorTable.0
                0x0800b5d0        0x2 ./Drivers/STM32F1xx_HAL_Driver/Src/stm32f1xx_hal_rcc.o
 .rodata._svfprintf_r.str1.1
                0x0800b5d2       0x11 C:/ST/STM32CubeIDE_1.16.0/STM32CubeIDE/plugins/com.st.stm32cube.ide.mcu.externaltools.gnu-tools-for-stm32.12.3.rel1.win32_1.0.200.202406191623/tools/bin/../lib/gcc/arm-none-eabi/12.3.1/../../../../arm-none-eabi/lib/thumb/v7-m/nofp\libc_nano.a(libc_a-nano-svfprintf.o)
 .rodata._printf_i.str1.1
                0x0800b5e3       0x22 C:/ST/STM32CubeIDE_1.16.0/STM32CubeIDE/plugins/com.st.stm32cube.ide.mcu.externaltools.gnu-tools-for-stm32.12.3.rel1.win32_1.0.200.202406191623/tools/bin/../lib/gcc/arm-none-eabi/12.3.1/../../../../arm-none-eabi/lib/thumb/v7-m/nofp\libc_nano.a(libc_a-nano-vfprintf_i.o)
                0x0800b608                        . = ALIGN (0x4)
 *fill*         0x0800b605        0x3 

.ARM.extab      0x0800b608        0x0
                0x0800b608                        . = ALIGN (0x4)
 *(.ARM.extab* .gnu.linkonce.armextab.*)
                0x0800b608                        . = ALIGN (0x4)

.ARM            0x0800b608        0x0
                0x0800b608                        . = ALIGN (0x4)
                0x0800b608                        __exidx_start = .
 *(.ARM.exidx*)
                0x0800b608                        __exidx_end = .
                0x0800b608                        . = ALIGN (0x4)

.preinit_array  0x0800b608        0x0
                0x0800b608                        . = ALIGN (0x4)
                0x0800b608                        PROVIDE (__preinit_array_start = .)
 *(.preinit_array*)
                0x0800b608                        PROVIDE (__preinit_array_end = .)
                0x0800b608                        . = ALIGN (0x4)

.init_array     0x0800b608        0x4
                0x0800b608                        . = ALIGN (0x4)
                0x0800b608                        PROVIDE (__init_array_start = .)
 *(SORT_BY_NAME(.init_array.*))
 *(.init_array*)
 .init_array    0x0800b608        0x4 C:/ST/STM32CubeIDE_1.16.0/STM32CubeIDE/plugins/com.st.stm32cube.ide.mcu.externaltools.gnu-tools-for-stm32.12.3.rel1.win32_1.0.200.202406191623/tools/bin/../lib/gcc/arm-none-eabi/12.3.1/thumb/v7-m/nofp/crtbegin.o
                0x0800b60c                        PROVIDE (__init_array_end = .)
                0x0800b60c                        . = ALIGN (0x4)

.fini_array     0x0800b60c        0x4
                0x0800b60c                        . = ALIGN (0x4)
                [!provide]                        PROVIDE (__fini_array_start = .)
 *(SORT_BY_NAME(.fini_array.*))
 *(.fini_array*)
 .fini_array    0x0800b60c        0x4 C:/ST/STM32CubeIDE_1.16.0/STM32CubeIDE/plugins/com.st.stm32cube.ide.mcu.externaltools.gnu-tools-for-stm32.12.3.rel1.win32_1.0.200.202406191623/tools/bin/../lib/gcc/arm-none-eabi/12.3.1/thumb/v7-m/nofp/crtbegin.o
                [!provide]                        PROVIDE (__fini_array_end = .)
                0x0800b610                        . = ALIGN (0x4)
                0x0800b610                        _sidata = LOADADDR (.data)

.rel.dyn        0x0800b610        0x0
 .rel.iplt      0x0800b610        0x0 C:/ST/STM32CubeIDE_1.16.0/STM32CubeIDE/plugins/com.st.stm32cube.ide.mcu.externaltools.gnu-tools-for-stm32.12.3.rel1.win32_1.0.200.202406191623/tools/bin/../lib/gcc/arm-none-eabi/12.3.1/thumb/v7-m/nofp/crtbegin.o

.data           0x20000000       0x70 load address 0x0800b610
                0x20000000                        . = ALIGN (0x4)
                0x20000000                        _sdata = .
 *(.data)
 *(.data*)
 .data.BACK_COLOR
                0x20000000        0x2 ./Core/Src/lcd.o
                0x20000000                BACK_COLOR
 .data.frame_size
                0x20000002        0x1 ./Core/Src/main.o
                0x20000002                frame_size
 .data.speed_mode
                0x20000003        0x1 ./Core/Src/main.o
                0x20000003                speed_mode
 .data.play_state
                0x20000004        0x1 ./Core/Src/main.o
                0x20000004                play_state
 *fill*         0x20000005        0x3 
 .data.front_buffer
                0x20000008        0x4 ./Core/Src/stm32f1xx_it.o
                0x20000008                front_buffer
 .data.middle_buffer
                0x2000000c        0x4 ./Core/Src/stm32f1xx_it.o
                0x2000000c                middle_buffer
 .data.back_buffer
                0x20000010        0x4 ./Core/Src/stm32f1xx_it.o
                0x20000010                back_buffer
 .data.SystemCoreClock
                0x20000014        0x4 ./Core/Src/system_stm32f1xx.o
                0x20000014                SystemCoreClock
 .data.uwTickPrio
                0x20000018        0x4 ./Drivers/STM32F1xx_HAL_Driver/Src/stm32f1xx_hal.o
                0x20000018                uwTickPrio
 .data.uwTickFreq
                0x2000001c        0x1 ./Drivers/STM32F1xx_HAL_Driver/Src/stm32f1xx_hal.o
                0x2000001c                uwTickFreq
 *fill*         0x2000001d        0x3 
 .data._impure_ptr
                0x20000020        0x4 C:/ST/STM32CubeIDE_1.16.0/STM32CubeIDE/plugins/com.st.stm32cube.ide.mcu.externaltools.gnu-tools-for-stm32.12.3.rel1.win32_1.0.200.202406191623/tools/bin/../lib/gcc/arm-none-eabi/12.3.1/../../../../arm-none-eabi/lib/thumb/v7-m/nofp\libc_nano.a(libc_a-impure.o)
                0x20000020                _impure_ptr
 .data._impure_data
                0x20000024       0x4c C:/ST/STM32CubeIDE_1.16.0/STM32CubeIDE/plugins/com.st.stm32cube.ide.mcu.externaltools.gnu-tools-for-stm32.12.3.rel1.win32_1.0.200.202406191623/tools/bin/../lib/gcc/arm-none-eabi/12.3.1/../../../../arm-none-eabi/lib/thumb/v7-m/nofp\libc_nano.a(libc_a-impure.o)
                0x20000024                _impure_data
 *(.RamFunc)
 *(.RamFunc*)
                0x20000070                        . = ALIGN (0x4)
                0x20000070                        _edata = .

.igot.plt       0x20000070        0x0 load address 0x0800b680
 .igot.plt      0x20000070        0x0 C:/ST/STM32CubeIDE_1.16.0/STM32CubeIDE/plugins/com.st.stm32cube.ide.mcu.externaltools.gnu-tools-for-stm32.12.3.rel1.win32_1.0.200.202406191623/tools/bin/../lib/gcc/arm-none-eabi/12.3.1/thumb/v7-m/nofp/crtbegin.o
                0x20000070                        . = ALIGN (0x4)

.bss            0x20000070     0x41e0 load address 0x0800b680
                0x20000070                        _sbss = .
                0x20000070                        __bss_start__ = _sbss
 *(.bss)
 .bss           0x20000070       0x1c C:/ST/STM32CubeIDE_1.16.0/STM32CubeIDE/plugins/com.st.stm32cube.ide.mcu.externaltools.gnu-tools-for-stm32.12.3.rel1.win32_1.0.200.202406191623/tools/bin/../lib/gcc/arm-none-eabi/12.3.1/thumb/v7-m/nofp/crtbegin.o
 *(.bss*)
 .bss.Key_WKUP  0x2000008c       0x14 ./Core/Src/debounce.o
                0x2000008c                Key_WKUP
 .bss.Key0      0x200000a0       0x14 ./Core/Src/debounce.o
                0x200000a0                Key0
 .bss.Key1      0x200000b4       0x14 ./Core/Src/debounce.o
                0x200000b4                Key1
 .bss.POINT_COLOR
                0x200000c8        0x2 ./Core/Src/lcd.o
                0x200000c8                POINT_COLOR
 *fill*         0x200000ca        0x2 
 .bss.lcddev    0x200000cc        0xe ./Core/Src/lcd.o
                0x200000cc                lcddev
 .bss.system_state
                0x200000da        0x1 ./Core/Src/main.o
                0x200000da                system_state
 .bss.key0_pressed_flag
                0x200000db        0x1 ./Core/Src/main.o
                0x200000db                key0_pressed_flag
 .bss.key1_pressed_flag
                0x200000dc        0x1 ./Core/Src/main.o
                0x200000dc                key1_pressed_flag
 .bss.key_wkup_pressed_flag
                0x200000dd        0x1 ./Core/Src/main.o
                0x200000dd                key_wkup_pressed_flag
 *fill*         0x200000de        0x2 
 .bss.str_buffer
                0x200000e0       0x32 ./Core/Src/main.o
                0x200000e0                str_buffer
 *fill*         0x20000112        0x2 
 .bss.input_buffer
                0x20000114        0x2 ./Core/Src/main.o
                0x20000114                input_buffer
 .bss.input_count
                0x20000116        0x1 ./Core/Src/main.o
                0x20000116                input_count
 *fill*         0x20000117        0x1 
 .bss.rxBuffer  0x20000118        0x2 ./Core/Src/stm32f1xx_it.o
                0x20000118                rxBuffer
 *fill*         0x2000011a        0x2 
 .bss.txBuffer  0x2000011c        0x2 ./Core/Src/stm32f1xx_it.o
                0x2000011c                txBuffer
 *fill*         0x2000011e        0x2 
 .bss.frame_buffer_1
                0x20000120     0x1518 ./Core/Src/stm32f1xx_it.o
                0x20000120                frame_buffer_1
 .bss.frame_buffer_2
                0x20001638     0x1518 ./Core/Src/stm32f1xx_it.o
                0x20001638                frame_buffer_2
 .bss.frame_buffer_3
                0x20002b50     0x1518 ./Core/Src/stm32f1xx_it.o
                0x20002b50                frame_buffer_3
 .bss.frame_count
                0x20004068        0x2 ./Core/Src/stm32f1xx_it.o
                0x20004068                frame_count
 .bss.frame_start_flag
                0x2000406a        0x1 ./Core/Src/stm32f1xx_it.o
                0x2000406a                frame_start_flag
 .bss.frame_ready_flag
                0x2000406b        0x1 ./Core/Src/stm32f1xx_it.o
                0x2000406b                frame_ready_flag
 .bss.time_count
                0x2000406c        0x2 ./Core/Src/stm32f1xx_it.o
                0x2000406c                time_count
 .bss.time_update_flag
                0x2000406e        0x1 ./Core/Src/stm32f1xx_it.o
                0x2000406e                time_update_flag
 .bss.time_ready_flag
                0x2000406f        0x1 ./Core/Src/stm32f1xx_it.o
                0x2000406f                time_ready_flag
 .bss.__sbrk_heap_end
                0x20004070        0x4 ./Core/Src/sysmem.o
 .bss.htim3     0x20004074       0x48 ./Core/Src/tim.o
                0x20004074                htim3
 .bss.huart1    0x200040bc       0x48 ./Core/Src/usart.o
                0x200040bc                huart1
 .bss.uwTick    0x20004104        0x4 ./Drivers/STM32F1xx_HAL_Driver/Src/stm32f1xx_hal.o
                0x20004104                uwTick
 .bss.__sf      0x20004108      0x138 C:/ST/STM32CubeIDE_1.16.0/STM32CubeIDE/plugins/com.st.stm32cube.ide.mcu.externaltools.gnu-tools-for-stm32.12.3.rel1.win32_1.0.200.202406191623/tools/bin/../lib/gcc/arm-none-eabi/12.3.1/../../../../arm-none-eabi/lib/thumb/v7-m/nofp\libc_nano.a(libc_a-findfp.o)
                0x20004108                __sf
 .bss.errno     0x20004240        0x4 C:/ST/STM32CubeIDE_1.16.0/STM32CubeIDE/plugins/com.st.stm32cube.ide.mcu.externaltools.gnu-tools-for-stm32.12.3.rel1.win32_1.0.200.202406191623/tools/bin/../lib/gcc/arm-none-eabi/12.3.1/../../../../arm-none-eabi/lib/thumb/v7-m/nofp\libc_nano.a(libc_a-reent.o)
                0x20004240                errno
 .bss.__lock___malloc_recursive_mutex
                0x20004244        0x1 C:/ST/STM32CubeIDE_1.16.0/STM32CubeIDE/plugins/com.st.stm32cube.ide.mcu.externaltools.gnu-tools-for-stm32.12.3.rel1.win32_1.0.200.202406191623/tools/bin/../lib/gcc/arm-none-eabi/12.3.1/../../../../arm-none-eabi/lib/thumb/v7-m/nofp\libc_nano.a(libc_a-lock.o)
                0x20004244                __lock___malloc_recursive_mutex
 *fill*         0x20004245        0x3 
 .bss.__malloc_sbrk_start
                0x20004248        0x4 C:/ST/STM32CubeIDE_1.16.0/STM32CubeIDE/plugins/com.st.stm32cube.ide.mcu.externaltools.gnu-tools-for-stm32.12.3.rel1.win32_1.0.200.202406191623/tools/bin/../lib/gcc/arm-none-eabi/12.3.1/../../../../arm-none-eabi/lib/thumb/v7-m/nofp\libc_nano.a(libc_a-mallocr.o)
                0x20004248                __malloc_sbrk_start
 .bss.__malloc_free_list
                0x2000424c        0x4 C:/ST/STM32CubeIDE_1.16.0/STM32CubeIDE/plugins/com.st.stm32cube.ide.mcu.externaltools.gnu-tools-for-stm32.12.3.rel1.win32_1.0.200.202406191623/tools/bin/../lib/gcc/arm-none-eabi/12.3.1/../../../../arm-none-eabi/lib/thumb/v7-m/nofp\libc_nano.a(libc_a-mallocr.o)
                0x2000424c                __malloc_free_list
 *(COMMON)
                0x20004250                        . = ALIGN (0x4)
                0x20004250                        _ebss = .
                0x20004250                        __bss_end__ = _ebss

._user_heap_stack
                0x20004250      0x600 load address 0x0800b680
                0x20004250                        . = ALIGN (0x8)
                [!provide]                        PROVIDE (end = .)
                0x20004250                        PROVIDE (_end = .)
                0x20004450                        . = (. + _Min_Heap_Size)
 *fill*         0x20004250      0x200 
                0x20004850                        . = (. + _Min_Stack_Size)
 *fill*         0x20004450      0x400 
                0x20004850                        . = ALIGN (0x8)

/DISCARD/
 libc.a(*)
 libm.a(*)
 libgcc.a(*)

.ARM.attributes
                0x00000000       0x29
 *(.ARM.attributes)
 .ARM.attributes
                0x00000000       0x1d C:/ST/STM32CubeIDE_1.16.0/STM32CubeIDE/plugins/com.st.stm32cube.ide.mcu.externaltools.gnu-tools-for-stm32.12.3.rel1.win32_1.0.200.202406191623/tools/bin/../lib/gcc/arm-none-eabi/12.3.1/thumb/v7-m/nofp/crti.o
 .ARM.attributes
                0x0000001d       0x2d C:/ST/STM32CubeIDE_1.16.0/STM32CubeIDE/plugins/com.st.stm32cube.ide.mcu.externaltools.gnu-tools-for-stm32.12.3.rel1.win32_1.0.200.202406191623/tools/bin/../lib/gcc/arm-none-eabi/12.3.1/thumb/v7-m/nofp/crtbegin.o
 .ARM.attributes
                0x0000004a       0x2d ./Core/Src/debounce.o
 .ARM.attributes
                0x00000077       0x2d ./Core/Src/gpio.o
 .ARM.attributes
                0x000000a4       0x2d ./Core/Src/lcd.o
 .ARM.attributes
                0x000000d1       0x2d ./Core/Src/main.o
 .ARM.attributes
                0x000000fe       0x2d ./Core/Src/stm32f1xx_hal_msp.o
 .ARM.attributes
                0x0000012b       0x2d ./Core/Src/stm32f1xx_it.o
 .ARM.attributes
                0x00000158       0x2d ./Core/Src/sysmem.o
 .ARM.attributes
                0x00000185       0x2d ./Core/Src/system_stm32f1xx.o
 .ARM.attributes
                0x000001b2       0x2d ./Core/Src/tim.o
 .ARM.attributes
                0x000001df       0x2d ./Core/Src/usart.o
 .ARM.attributes
                0x0000020c       0x21 ./Core/Startup/startup_stm32f103rctx.o
 .ARM.attributes
                0x0000022d       0x2d ./Drivers/STM32F1xx_HAL_Driver/Src/stm32f1xx_hal.o
 .ARM.attributes
                0x0000025a       0x2d ./Drivers/STM32F1xx_HAL_Driver/Src/stm32f1xx_hal_cortex.o
 .ARM.attributes
                0x00000287       0x2d ./Drivers/STM32F1xx_HAL_Driver/Src/stm32f1xx_hal_dma.o
 .ARM.attributes
                0x000002b4       0x2d ./Drivers/STM32F1xx_HAL_Driver/Src/stm32f1xx_hal_gpio.o
 .ARM.attributes
                0x000002e1       0x2d ./Drivers/STM32F1xx_HAL_Driver/Src/stm32f1xx_hal_rcc.o
 .ARM.attributes
                0x0000030e       0x2d ./Drivers/STM32F1xx_HAL_Driver/Src/stm32f1xx_hal_tim.o
 .ARM.attributes
                0x0000033b       0x2d ./Drivers/STM32F1xx_HAL_Driver/Src/stm32f1xx_hal_tim_ex.o
 .ARM.attributes
                0x00000368       0x2d ./Drivers/STM32F1xx_HAL_Driver/Src/stm32f1xx_hal_uart.o
 .ARM.attributes
                0x00000395       0x2d C:/ST/STM32CubeIDE_1.16.0/STM32CubeIDE/plugins/com.st.stm32cube.ide.mcu.externaltools.gnu-tools-for-stm32.12.3.rel1.win32_1.0.200.202406191623/tools/bin/../lib/gcc/arm-none-eabi/12.3.1/../../../../arm-none-eabi/lib/thumb/v7-m/nofp\libc_nano.a(libc_a-findfp.o)
 .ARM.attributes
                0x000003c2       0x2d C:/ST/STM32CubeIDE_1.16.0/STM32CubeIDE/plugins/com.st.stm32cube.ide.mcu.externaltools.gnu-tools-for-stm32.12.3.rel1.win32_1.0.200.202406191623/tools/bin/../lib/gcc/arm-none-eabi/12.3.1/../../../../arm-none-eabi/lib/thumb/v7-m/nofp\libc_nano.a(libc_a-sprintf.o)
 .ARM.attributes
                0x000003ef       0x2d C:/ST/STM32CubeIDE_1.16.0/STM32CubeIDE/plugins/com.st.stm32cube.ide.mcu.externaltools.gnu-tools-for-stm32.12.3.rel1.win32_1.0.200.202406191623/tools/bin/../lib/gcc/arm-none-eabi/12.3.1/../../../../arm-none-eabi/lib/thumb/v7-m/nofp\libc_nano.a(libc_a-memset.o)
 .ARM.attributes
                0x0000041c       0x2d C:/ST/STM32CubeIDE_1.16.0/STM32CubeIDE/plugins/com.st.stm32cube.ide.mcu.externaltools.gnu-tools-for-stm32.12.3.rel1.win32_1.0.200.202406191623/tools/bin/../lib/gcc/arm-none-eabi/12.3.1/../../../../arm-none-eabi/lib/thumb/v7-m/nofp\libc_nano.a(libc_a-reent.o)
 .ARM.attributes
                0x00000449       0x2d C:/ST/STM32CubeIDE_1.16.0/STM32CubeIDE/plugins/com.st.stm32cube.ide.mcu.externaltools.gnu-tools-for-stm32.12.3.rel1.win32_1.0.200.202406191623/tools/bin/../lib/gcc/arm-none-eabi/12.3.1/../../../../arm-none-eabi/lib/thumb/v7-m/nofp\libc_nano.a(libc_a-impure.o)
 .ARM.attributes
                0x00000476       0x2d C:/ST/STM32CubeIDE_1.16.0/STM32CubeIDE/plugins/com.st.stm32cube.ide.mcu.externaltools.gnu-tools-for-stm32.12.3.rel1.win32_1.0.200.202406191623/tools/bin/../lib/gcc/arm-none-eabi/12.3.1/../../../../arm-none-eabi/lib/thumb/v7-m/nofp\libc_nano.a(libc_a-errno.o)
 .ARM.attributes
                0x000004a3       0x2d C:/ST/STM32CubeIDE_1.16.0/STM32CubeIDE/plugins/com.st.stm32cube.ide.mcu.externaltools.gnu-tools-for-stm32.12.3.rel1.win32_1.0.200.202406191623/tools/bin/../lib/gcc/arm-none-eabi/12.3.1/../../../../arm-none-eabi/lib/thumb/v7-m/nofp\libc_nano.a(libc_a-init.o)
 .ARM.attributes
                0x000004d0       0x2d C:/ST/STM32CubeIDE_1.16.0/STM32CubeIDE/plugins/com.st.stm32cube.ide.mcu.externaltools.gnu-tools-for-stm32.12.3.rel1.win32_1.0.200.202406191623/tools/bin/../lib/gcc/arm-none-eabi/12.3.1/../../../../arm-none-eabi/lib/thumb/v7-m/nofp\libc_nano.a(libc_a-lock.o)
 .ARM.attributes
                0x000004fd       0x2d C:/ST/STM32CubeIDE_1.16.0/STM32CubeIDE/plugins/com.st.stm32cube.ide.mcu.externaltools.gnu-tools-for-stm32.12.3.rel1.win32_1.0.200.202406191623/tools/bin/../lib/gcc/arm-none-eabi/12.3.1/../../../../arm-none-eabi/lib/thumb/v7-m/nofp\libc_nano.a(libc_a-freer.o)
 .ARM.attributes
                0x0000052a       0x2d C:/ST/STM32CubeIDE_1.16.0/STM32CubeIDE/plugins/com.st.stm32cube.ide.mcu.externaltools.gnu-tools-for-stm32.12.3.rel1.win32_1.0.200.202406191623/tools/bin/../lib/gcc/arm-none-eabi/12.3.1/../../../../arm-none-eabi/lib/thumb/v7-m/nofp\libc_nano.a(libc_a-mallocr.o)
 .ARM.attributes
                0x00000557       0x2d C:/ST/STM32CubeIDE_1.16.0/STM32CubeIDE/plugins/com.st.stm32cube.ide.mcu.externaltools.gnu-tools-for-stm32.12.3.rel1.win32_1.0.200.202406191623/tools/bin/../lib/gcc/arm-none-eabi/12.3.1/../../../../arm-none-eabi/lib/thumb/v7-m/nofp\libc_nano.a(libc_a-mlock.o)
 .ARM.attributes
                0x00000584       0x2d C:/ST/STM32CubeIDE_1.16.0/STM32CubeIDE/plugins/com.st.stm32cube.ide.mcu.externaltools.gnu-tools-for-stm32.12.3.rel1.win32_1.0.200.202406191623/tools/bin/../lib/gcc/arm-none-eabi/12.3.1/../../../../arm-none-eabi/lib/thumb/v7-m/nofp\libc_nano.a(libc_a-nano-svfprintf.o)
 .ARM.attributes
                0x000005b1       0x2d C:/ST/STM32CubeIDE_1.16.0/STM32CubeIDE/plugins/com.st.stm32cube.ide.mcu.externaltools.gnu-tools-for-stm32.12.3.rel1.win32_1.0.200.202406191623/tools/bin/../lib/gcc/arm-none-eabi/12.3.1/../../../../arm-none-eabi/lib/thumb/v7-m/nofp\libc_nano.a(libc_a-nano-vfprintf_i.o)
 .ARM.attributes
                0x000005de       0x2d C:/ST/STM32CubeIDE_1.16.0/STM32CubeIDE/plugins/com.st.stm32cube.ide.mcu.externaltools.gnu-tools-for-stm32.12.3.rel1.win32_1.0.200.202406191623/tools/bin/../lib/gcc/arm-none-eabi/12.3.1/../../../../arm-none-eabi/lib/thumb/v7-m/nofp\libc_nano.a(libc_a-memmove.o)
 .ARM.attributes
                0x0000060b       0x2d C:/ST/STM32CubeIDE_1.16.0/STM32CubeIDE/plugins/com.st.stm32cube.ide.mcu.externaltools.gnu-tools-for-stm32.12.3.rel1.win32_1.0.200.202406191623/tools/bin/../lib/gcc/arm-none-eabi/12.3.1/../../../../arm-none-eabi/lib/thumb/v7-m/nofp\libc_nano.a(libc_a-sbrkr.o)
 .ARM.attributes
                0x00000638       0x2d C:/ST/STM32CubeIDE_1.16.0/STM32CubeIDE/plugins/com.st.stm32cube.ide.mcu.externaltools.gnu-tools-for-stm32.12.3.rel1.win32_1.0.200.202406191623/tools/bin/../lib/gcc/arm-none-eabi/12.3.1/../../../../arm-none-eabi/lib/thumb/v7-m/nofp\libc_nano.a(libc_a-memchr-stub.o)
 .ARM.attributes
                0x00000665       0x2d C:/ST/STM32CubeIDE_1.16.0/STM32CubeIDE/plugins/com.st.stm32cube.ide.mcu.externaltools.gnu-tools-for-stm32.12.3.rel1.win32_1.0.200.202406191623/tools/bin/../lib/gcc/arm-none-eabi/12.3.1/../../../../arm-none-eabi/lib/thumb/v7-m/nofp\libc_nano.a(libc_a-memcpy-stub.o)
 .ARM.attributes
                0x00000692       0x2d C:/ST/STM32CubeIDE_1.16.0/STM32CubeIDE/plugins/com.st.stm32cube.ide.mcu.externaltools.gnu-tools-for-stm32.12.3.rel1.win32_1.0.200.202406191623/tools/bin/../lib/gcc/arm-none-eabi/12.3.1/../../../../arm-none-eabi/lib/thumb/v7-m/nofp\libc_nano.a(libc_a-reallocr.o)
 .ARM.attributes
                0x000006bf       0x2d C:/ST/STM32CubeIDE_1.16.0/STM32CubeIDE/plugins/com.st.stm32cube.ide.mcu.externaltools.gnu-tools-for-stm32.12.3.rel1.win32_1.0.200.202406191623/tools/bin/../lib/gcc/arm-none-eabi/12.3.1/../../../../arm-none-eabi/lib/thumb/v7-m/nofp\libc_nano.a(libc_a-msizer.o)
 .ARM.attributes
                0x000006ec       0x1d C:/ST/STM32CubeIDE_1.16.0/STM32CubeIDE/plugins/com.st.stm32cube.ide.mcu.externaltools.gnu-tools-for-stm32.12.3.rel1.win32_1.0.200.202406191623/tools/bin/../lib/gcc/arm-none-eabi/12.3.1/thumb/v7-m/nofp\libgcc.a(_arm_muldf3.o)
 .ARM.attributes
                0x00000709       0x1d C:/ST/STM32CubeIDE_1.16.0/STM32CubeIDE/plugins/com.st.stm32cube.ide.mcu.externaltools.gnu-tools-for-stm32.12.3.rel1.win32_1.0.200.202406191623/tools/bin/../lib/gcc/arm-none-eabi/12.3.1/thumb/v7-m/nofp\libgcc.a(_arm_addsubdf3.o)
 .ARM.attributes
                0x00000726       0x1d C:/ST/STM32CubeIDE_1.16.0/STM32CubeIDE/plugins/com.st.stm32cube.ide.mcu.externaltools.gnu-tools-for-stm32.12.3.rel1.win32_1.0.200.202406191623/tools/bin/../lib/gcc/arm-none-eabi/12.3.1/thumb/v7-m/nofp\libgcc.a(_arm_fixunsdfsi.o)
 .ARM.attributes
                0x00000743       0x1d C:/ST/STM32CubeIDE_1.16.0/STM32CubeIDE/plugins/com.st.stm32cube.ide.mcu.externaltools.gnu-tools-for-stm32.12.3.rel1.win32_1.0.200.202406191623/tools/bin/../lib/gcc/arm-none-eabi/12.3.1/thumb/v7-m/nofp/crtn.o
OUTPUT(Video Player.elf elf32-littlearm)
LOAD linker stubs
LOAD C:/ST/STM32CubeIDE_1.16.0/STM32CubeIDE/plugins/com.st.stm32cube.ide.mcu.externaltools.gnu-tools-for-stm32.12.3.rel1.win32_1.0.200.202406191623/tools/bin/../lib/gcc/arm-none-eabi/12.3.1/../../../../arm-none-eabi/lib/thumb/v7-m/nofp\libc.a
LOAD C:/ST/STM32CubeIDE_1.16.0/STM32CubeIDE/plugins/com.st.stm32cube.ide.mcu.externaltools.gnu-tools-for-stm32.12.3.rel1.win32_1.0.200.202406191623/tools/bin/../lib/gcc/arm-none-eabi/12.3.1/../../../../arm-none-eabi/lib/thumb/v7-m/nofp\libm.a
LOAD C:/ST/STM32CubeIDE_1.16.0/STM32CubeIDE/plugins/com.st.stm32cube.ide.mcu.externaltools.gnu-tools-for-stm32.12.3.rel1.win32_1.0.200.202406191623/tools/bin/../lib/gcc/arm-none-eabi/12.3.1/thumb/v7-m/nofp\libgcc.a

.debug_info     0x00000000     0xddd3
 .debug_info    0x00000000      0x3c7 ./Core/Src/debounce.o
 .debug_info    0x000003c7      0x2b7 ./Core/Src/gpio.o
 .debug_info    0x0000067e      0xd8f ./Core/Src/lcd.o
 .debug_info    0x0000140d      0xffd ./Core/Src/main.o
 .debug_info    0x0000240a      0x1f1 ./Core/Src/stm32f1xx_hal_msp.o
 .debug_info    0x000025fb      0xce3 ./Core/Src/stm32f1xx_it.o
 .debug_info    0x000032de      0x168 ./Core/Src/sysmem.o
 .debug_info    0x00003446      0x222 ./Core/Src/system_stm32f1xx.o
 .debug_info    0x00003668      0xa21 ./Core/Src/tim.o
 .debug_info    0x00004089      0x990 ./Core/Src/usart.o
 .debug_info    0x00004a19       0x30 ./Core/Startup/startup_stm32f103rctx.o
 .debug_info    0x00004a49      0x76a ./Drivers/STM32F1xx_HAL_Driver/Src/stm32f1xx_hal.o
 .debug_info    0x000051b3      0xaed ./Drivers/STM32F1xx_HAL_Driver/Src/stm32f1xx_hal_cortex.o
 .debug_info    0x00005ca0      0x6d2 ./Drivers/STM32F1xx_HAL_Driver/Src/stm32f1xx_hal_dma.o
 .debug_info    0x00006372      0x5ab ./Drivers/STM32F1xx_HAL_Driver/Src/stm32f1xx_hal_gpio.o
 .debug_info    0x0000691d      0x7d5 ./Drivers/STM32F1xx_HAL_Driver/Src/stm32f1xx_hal_rcc.o
 .debug_info    0x000070f2     0x2959 ./Drivers/STM32F1xx_HAL_Driver/Src/stm32f1xx_hal_tim.o
 .debug_info    0x00009a4b     0x149b ./Drivers/STM32F1xx_HAL_Driver/Src/stm32f1xx_hal_tim_ex.o
 .debug_info    0x0000aee6     0x2eed ./Drivers/STM32F1xx_HAL_Driver/Src/stm32f1xx_hal_uart.o

.debug_abbrev   0x00000000     0x2571
 .debug_abbrev  0x00000000      0x1df ./Core/Src/debounce.o
 .debug_abbrev  0x000001df      0x13f ./Core/Src/gpio.o
 .debug_abbrev  0x0000031e      0x2d7 ./Core/Src/lcd.o
 .debug_abbrev  0x000005f5      0x2c1 ./Core/Src/main.o
 .debug_abbrev  0x000008b6       0xdb ./Core/Src/stm32f1xx_hal_msp.o
 .debug_abbrev  0x00000991      0x23c ./Core/Src/stm32f1xx_it.o
 .debug_abbrev  0x00000bcd       0xbc ./Core/Src/sysmem.o
 .debug_abbrev  0x00000c89      0x13f ./Core/Src/system_stm32f1xx.o
 .debug_abbrev  0x00000dc8      0x20e ./Core/Src/tim.o
 .debug_abbrev  0x00000fd6      0x205 ./Core/Src/usart.o
 .debug_abbrev  0x000011db       0x24 ./Core/Startup/startup_stm32f103rctx.o
 .debug_abbrev  0x000011ff      0x201 ./Drivers/STM32F1xx_HAL_Driver/Src/stm32f1xx_hal.o
 .debug_abbrev  0x00001400      0x2f8 ./Drivers/STM32F1xx_HAL_Driver/Src/stm32f1xx_hal_cortex.o
 .debug_abbrev  0x000016f8      0x20b ./Drivers/STM32F1xx_HAL_Driver/Src/stm32f1xx_hal_dma.o
 .debug_abbrev  0x00001903      0x1ca ./Drivers/STM32F1xx_HAL_Driver/Src/stm32f1xx_hal_gpio.o
 .debug_abbrev  0x00001acd      0x2b3 ./Drivers/STM32F1xx_HAL_Driver/Src/stm32f1xx_hal_rcc.o
 .debug_abbrev  0x00001d80      0x277 ./Drivers/STM32F1xx_HAL_Driver/Src/stm32f1xx_hal_tim.o
 .debug_abbrev  0x00001ff7      0x282 ./Drivers/STM32F1xx_HAL_Driver/Src/stm32f1xx_hal_tim_ex.o
 .debug_abbrev  0x00002279      0x2f8 ./Drivers/STM32F1xx_HAL_Driver/Src/stm32f1xx_hal_uart.o

.debug_aranges  0x00000000      0xdb8
 .debug_aranges
                0x00000000       0x50 ./Core/Src/debounce.o
 .debug_aranges
                0x00000050       0x20 ./Core/Src/gpio.o
 .debug_aranges
                0x00000070      0x118 ./Core/Src/lcd.o
 .debug_aranges
                0x00000188       0x38 ./Core/Src/main.o
 .debug_aranges
                0x000001c0       0x20 ./Core/Src/stm32f1xx_hal_msp.o
 .debug_aranges
                0x000001e0       0x80 ./Core/Src/stm32f1xx_it.o
 .debug_aranges
                0x00000260       0x20 ./Core/Src/sysmem.o
 .debug_aranges
                0x00000280       0x28 ./Core/Src/system_stm32f1xx.o
 .debug_aranges
                0x000002a8       0x30 ./Core/Src/tim.o
 .debug_aranges
                0x000002d8       0x30 ./Core/Src/usart.o
 .debug_aranges
                0x00000308       0x28 ./Core/Startup/startup_stm32f103rctx.o
 .debug_aranges
                0x00000330       0xe0 ./Drivers/STM32F1xx_HAL_Driver/Src/stm32f1xx_hal.o
 .debug_aranges
                0x00000410      0x100 ./Drivers/STM32F1xx_HAL_Driver/Src/stm32f1xx_hal_cortex.o
 .debug_aranges
                0x00000510       0x80 ./Drivers/STM32F1xx_HAL_Driver/Src/stm32f1xx_hal_dma.o
 .debug_aranges
                0x00000590       0x58 ./Drivers/STM32F1xx_HAL_Driver/Src/stm32f1xx_hal_gpio.o
 .debug_aranges
                0x000005e8       0x90 ./Drivers/STM32F1xx_HAL_Driver/Src/stm32f1xx_hal_rcc.o
 .debug_aranges
                0x00000678      0x3d0 ./Drivers/STM32F1xx_HAL_Driver/Src/stm32f1xx_hal_tim.o
 .debug_aranges
                0x00000a48      0x168 ./Drivers/STM32F1xx_HAL_Driver/Src/stm32f1xx_hal_tim_ex.o
 .debug_aranges
                0x00000bb0      0x208 ./Drivers/STM32F1xx_HAL_Driver/Src/stm32f1xx_hal_uart.o

.debug_rnglists
                0x00000000      0xab1
 .debug_rnglists
                0x00000000       0x39 ./Core/Src/debounce.o
 .debug_rnglists
                0x00000039       0x14 ./Core/Src/gpio.o
 .debug_rnglists
                0x0000004d       0xdf ./Core/Src/lcd.o
 .debug_rnglists
                0x0000012c       0x28 ./Core/Src/main.o
 .debug_rnglists
                0x00000154       0x13 ./Core/Src/stm32f1xx_hal_msp.o
 .debug_rnglists
                0x00000167       0x5c ./Core/Src/stm32f1xx_it.o
 .debug_rnglists
                0x000001c3       0x13 ./Core/Src/sysmem.o
 .debug_rnglists
                0x000001d6       0x1a ./Core/Src/system_stm32f1xx.o
 .debug_rnglists
                0x000001f0       0x20 ./Core/Src/tim.o
 .debug_rnglists
                0x00000210       0x20 ./Core/Src/usart.o
 .debug_rnglists
                0x00000230       0x19 ./Core/Startup/startup_stm32f103rctx.o
 .debug_rnglists
                0x00000249       0xa3 ./Drivers/STM32F1xx_HAL_Driver/Src/stm32f1xx_hal.o
 .debug_rnglists
                0x000002ec       0xbb ./Drivers/STM32F1xx_HAL_Driver/Src/stm32f1xx_hal_cortex.o
 .debug_rnglists
                0x000003a7       0x64 ./Drivers/STM32F1xx_HAL_Driver/Src/stm32f1xx_hal_dma.o
 .debug_rnglists
                0x0000040b       0x3f ./Drivers/STM32F1xx_HAL_Driver/Src/stm32f1xx_hal_gpio.o
 .debug_rnglists
                0x0000044a       0x6c ./Drivers/STM32F1xx_HAL_Driver/Src/stm32f1xx_hal_rcc.o
 .debug_rnglists
                0x000004b6      0x31a ./Drivers/STM32F1xx_HAL_Driver/Src/stm32f1xx_hal_tim.o
 .debug_rnglists
                0x000007d0      0x125 ./Drivers/STM32F1xx_HAL_Driver/Src/stm32f1xx_hal_tim_ex.o
 .debug_rnglists
                0x000008f5      0x1bc ./Drivers/STM32F1xx_HAL_Driver/Src/stm32f1xx_hal_uart.o

.debug_macro    0x00000000    0x1a6ec
 .debug_macro   0x00000000      0x1b3 ./Core/Src/debounce.o
 .debug_macro   0x000001b3      0xaa8 ./Core/Src/debounce.o
 .debug_macro   0x00000c5b      0x21b ./Core/Src/debounce.o
 .debug_macro   0x00000e76       0x2e ./Core/Src/debounce.o
 .debug_macro   0x00000ea4       0x22 ./Core/Src/debounce.o
 .debug_macro   0x00000ec6       0x22 ./Core/Src/debounce.o
 .debug_macro   0x00000ee8       0x8e ./Core/Src/debounce.o
 .debug_macro   0x00000f76       0x51 ./Core/Src/debounce.o
 .debug_macro   0x00000fc7      0x103 ./Core/Src/debounce.o
 .debug_macro   0x000010ca       0x6a ./Core/Src/debounce.o
 .debug_macro   0x00001134      0x1df ./Core/Src/debounce.o
 .debug_macro   0x00001313       0x1c ./Core/Src/debounce.o
 .debug_macro   0x0000132f       0x22 ./Core/Src/debounce.o
 .debug_macro   0x00001351       0xbd ./Core/Src/debounce.o
 .debug_macro   0x0000140e      0xd23 ./Core/Src/debounce.o
 .debug_macro   0x00002131     0xfd8c ./Core/Src/debounce.o
 .debug_macro   0x00011ebd       0x6d ./Core/Src/debounce.o
 .debug_macro   0x00011f2a     0x34a2 ./Core/Src/debounce.o
 .debug_macro   0x000153cc      0x189 ./Core/Src/debounce.o
 .debug_macro   0x00015555       0x5c ./Core/Src/debounce.o
 .debug_macro   0x000155b1      0x5bc ./Core/Src/debounce.o
 .debug_macro   0x00015b6d      0x4d5 ./Core/Src/debounce.o
 .debug_macro   0x00016042      0x1cb ./Core/Src/debounce.o
 .debug_macro   0x0001620d      0x114 ./Core/Src/debounce.o
 .debug_macro   0x00016321      0x1ea ./Core/Src/debounce.o
 .debug_macro   0x0001650b       0x27 ./Core/Src/debounce.o
 .debug_macro   0x00016532      0x144 ./Core/Src/debounce.o
 .debug_macro   0x00016676      0x1bc ./Core/Src/debounce.o
 .debug_macro   0x00016832       0x30 ./Core/Src/debounce.o
 .debug_macro   0x00016862       0x3c ./Core/Src/debounce.o
 .debug_macro   0x0001689e       0x57 ./Core/Src/debounce.o
 .debug_macro   0x000168f5       0x87 ./Core/Src/debounce.o
 .debug_macro   0x0001697c      0x24f ./Core/Src/debounce.o
 .debug_macro   0x00016bcb      0x140 ./Core/Src/debounce.o
 .debug_macro   0x00016d0b      0x8ed ./Core/Src/debounce.o
 .debug_macro   0x000175f8      0x28e ./Core/Src/debounce.o
 .debug_macro   0x00017886       0xb5 ./Core/Src/debounce.o
 .debug_macro   0x0001793b      0x1bc ./Core/Src/gpio.o
 .debug_macro   0x00017af7       0x40 ./Core/Src/gpio.o
 .debug_macro   0x00017b37      0x297 ./Core/Src/lcd.o
 .debug_macro   0x00017dce       0x24 ./Core/Src/lcd.o
 .debug_macro   0x00017df2       0x61 ./Core/Src/lcd.o
 .debug_macro   0x00017e53       0x43 ./Core/Src/lcd.o
 .debug_macro   0x00017e96       0x34 ./Core/Src/lcd.o
 .debug_macro   0x00017eca       0x16 ./Core/Src/lcd.o
 .debug_macro   0x00017ee0       0x35 ./Core/Src/lcd.o
 .debug_macro   0x00017f15       0x16 ./Core/Src/lcd.o
 .debug_macro   0x00017f2b       0x43 ./Core/Src/lcd.o
 .debug_macro   0x00017f6e       0x34 ./Core/Src/lcd.o
 .debug_macro   0x00017fa2       0x10 ./Core/Src/lcd.o
 .debug_macro   0x00017fb2       0x58 ./Core/Src/lcd.o
 .debug_macro   0x0001800a       0x8e ./Core/Src/lcd.o
 .debug_macro   0x00018098       0x1c ./Core/Src/lcd.o
 .debug_macro   0x000180b4      0x177 ./Core/Src/lcd.o
 .debug_macro   0x0001822b      0x369 ./Core/Src/lcd.o
 .debug_macro   0x00018594       0x16 ./Core/Src/lcd.o
 .debug_macro   0x000185aa       0x29 ./Core/Src/lcd.o
 .debug_macro   0x000185d3      0x1dc ./Core/Src/lcd.o
 .debug_macro   0x000187af      0x316 ./Core/Src/main.o
 .debug_macro   0x00018ac5       0x16 ./Core/Src/main.o
 .debug_macro   0x00018adb       0x10 ./Core/Src/main.o
 .debug_macro   0x00018aeb       0x16 ./Core/Src/main.o
 .debug_macro   0x00018b01       0x16 ./Core/Src/main.o
 .debug_macro   0x00018b17      0x146 ./Core/Src/main.o
 .debug_macro   0x00018c5d       0x10 ./Core/Src/main.o
 .debug_macro   0x00018c6d      0x1b2 ./Core/Src/stm32f1xx_hal_msp.o
 .debug_macro   0x00018e1f      0x2bc ./Core/Src/stm32f1xx_it.o
 .debug_macro   0x000190db       0xff ./Core/Src/sysmem.o
 .debug_macro   0x000191da      0x23c ./Core/Src/sysmem.o
 .debug_macro   0x00019416      0x1a3 ./Core/Src/system_stm32f1xx.o
 .debug_macro   0x000195b9      0x1bc ./Core/Src/tim.o
 .debug_macro   0x00019775      0x1bc ./Core/Src/usart.o
 .debug_macro   0x00019931      0x1c7 ./Drivers/STM32F1xx_HAL_Driver/Src/stm32f1xx_hal.o
 .debug_macro   0x00019af8      0x1a3 ./Drivers/STM32F1xx_HAL_Driver/Src/stm32f1xx_hal_cortex.o
 .debug_macro   0x00019c9b      0x1a3 ./Drivers/STM32F1xx_HAL_Driver/Src/stm32f1xx_hal_dma.o
 .debug_macro   0x00019e3e      0x20e ./Drivers/STM32F1xx_HAL_Driver/Src/stm32f1xx_hal_gpio.o
 .debug_macro   0x0001a04c      0x1b5 ./Drivers/STM32F1xx_HAL_Driver/Src/stm32f1xx_hal_rcc.o
 .debug_macro   0x0001a201      0x1a4 ./Drivers/STM32F1xx_HAL_Driver/Src/stm32f1xx_hal_tim.o
 .debug_macro   0x0001a3a5      0x1a3 ./Drivers/STM32F1xx_HAL_Driver/Src/stm32f1xx_hal_tim_ex.o
 .debug_macro   0x0001a548      0x1a4 ./Drivers/STM32F1xx_HAL_Driver/Src/stm32f1xx_hal_uart.o

.debug_line     0x00000000    0x11fc6
 .debug_line    0x00000000      0x886 ./Core/Src/debounce.o
 .debug_line    0x00000886      0x73f ./Core/Src/gpio.o
 .debug_line    0x00000fc5     0x1e7e ./Core/Src/lcd.o
 .debug_line    0x00002e43      0xae9 ./Core/Src/main.o
 .debug_line    0x0000392c      0x706 ./Core/Src/stm32f1xx_hal_msp.o
 .debug_line    0x00004032      0x9f2 ./Core/Src/stm32f1xx_it.o
 .debug_line    0x00004a24      0x583 ./Core/Src/sysmem.o
 .debug_line    0x00004fa7      0x783 ./Core/Src/system_stm32f1xx.o
 .debug_line    0x0000572a      0x772 ./Core/Src/tim.o
 .debug_line    0x00005e9c      0x777 ./Core/Src/usart.o
 .debug_line    0x00006613       0x79 ./Core/Startup/startup_stm32f103rctx.o
 .debug_line    0x0000668c      0x9b0 ./Drivers/STM32F1xx_HAL_Driver/Src/stm32f1xx_hal.o
 .debug_line    0x0000703c      0xb9c ./Drivers/STM32F1xx_HAL_Driver/Src/stm32f1xx_hal_cortex.o
 .debug_line    0x00007bd8     0x12db ./Drivers/STM32F1xx_HAL_Driver/Src/stm32f1xx_hal_dma.o
 .debug_line    0x00008eb3      0xa71 ./Drivers/STM32F1xx_HAL_Driver/Src/stm32f1xx_hal_gpio.o
 .debug_line    0x00009924      0xdb9 ./Drivers/STM32F1xx_HAL_Driver/Src/stm32f1xx_hal_rcc.o
 .debug_line    0x0000a6dd     0x36f5 ./Drivers/STM32F1xx_HAL_Driver/Src/stm32f1xx_hal_tim.o
 .debug_line    0x0000ddd2     0x1965 ./Drivers/STM32F1xx_HAL_Driver/Src/stm32f1xx_hal_tim_ex.o
 .debug_line    0x0000f737     0x288f ./Drivers/STM32F1xx_HAL_Driver/Src/stm32f1xx_hal_uart.o

.debug_str      0x00000000    0x99639
 .debug_str     0x00000000    0x91806 ./Core/Src/debounce.o
                              0x91c15 (size before relaxing)
 .debug_str     0x00091806      0x186 ./Core/Src/gpio.o
                              0x91b9c (size before relaxing)
 .debug_str     0x0009198c     0x3a7c ./Core/Src/lcd.o
                              0x955e0 (size before relaxing)
 .debug_str     0x00095408     0x1017 ./Core/Src/main.o
                              0x96502 (size before relaxing)
 .debug_str     0x0009641f       0x5a ./Core/Src/stm32f1xx_hal_msp.o
                              0x91b24 (size before relaxing)
 .debug_str     0x00096479      0x201 ./Core/Src/stm32f1xx_it.o
                              0x95d2c (size before relaxing)
 .debug_str     0x0009667a      0x4dc ./Core/Src/sysmem.o
                               0x609f (size before relaxing)
 .debug_str     0x00096b56       0x7e ./Core/Src/system_stm32f1xx.o
                              0x91a7f (size before relaxing)
 .debug_str     0x00096bd4      0x47e ./Core/Src/tim.o
                              0x92529 (size before relaxing)
 .debug_str     0x00097052       0x61 ./Core/Src/usart.o
                              0x923e3 (size before relaxing)
 .debug_str     0x000970b3       0x44 ./Core/Startup/startup_stm32f103rctx.o
                                 0xaa (size before relaxing)
 .debug_str     0x000970f7      0x384 ./Drivers/STM32F1xx_HAL_Driver/Src/stm32f1xx_hal.o
                              0x92296 (size before relaxing)
 .debug_str     0x0009747b      0x294 ./Drivers/STM32F1xx_HAL_Driver/Src/stm32f1xx_hal_cortex.o
                              0x921e2 (size before relaxing)
 .debug_str     0x0009770f      0x230 ./Drivers/STM32F1xx_HAL_Driver/Src/stm32f1xx_hal_dma.o
                              0x91e28 (size before relaxing)
 .debug_str     0x0009793f      0x2d0 ./Drivers/STM32F1xx_HAL_Driver/Src/stm32f1xx_hal_gpio.o
                              0x91e05 (size before relaxing)
 .debug_str     0x00097c0f      0x229 ./Drivers/STM32F1xx_HAL_Driver/Src/stm32f1xx_hal_rcc.o
                              0x91eae (size before relaxing)
 .debug_str     0x00097e38      0xdb3 ./Drivers/STM32F1xx_HAL_Driver/Src/stm32f1xx_hal_tim.o
                              0x92eb0 (size before relaxing)
 .debug_str     0x00098beb      0x493 ./Drivers/STM32F1xx_HAL_Driver/Src/stm32f1xx_hal_tim_ex.o
                              0x926bc (size before relaxing)
 .debug_str     0x0009907e      0x5bb ./Drivers/STM32F1xx_HAL_Driver/Src/stm32f1xx_hal_uart.o
                              0x9251f (size before relaxing)

.comment        0x00000000       0x43
 .comment       0x00000000       0x43 ./Core/Src/debounce.o
                                 0x44 (size before relaxing)
 .comment       0x00000043       0x44 ./Core/Src/gpio.o
 .comment       0x00000043       0x44 ./Core/Src/lcd.o
 .comment       0x00000043       0x44 ./Core/Src/main.o
 .comment       0x00000043       0x44 ./Core/Src/stm32f1xx_hal_msp.o
 .comment       0x00000043       0x44 ./Core/Src/stm32f1xx_it.o
 .comment       0x00000043       0x44 ./Core/Src/sysmem.o
 .comment       0x00000043       0x44 ./Core/Src/system_stm32f1xx.o
 .comment       0x00000043       0x44 ./Core/Src/tim.o
 .comment       0x00000043       0x44 ./Core/Src/usart.o
 .comment       0x00000043       0x44 ./Drivers/STM32F1xx_HAL_Driver/Src/stm32f1xx_hal.o
 .comment       0x00000043       0x44 ./Drivers/STM32F1xx_HAL_Driver/Src/stm32f1xx_hal_cortex.o
 .comment       0x00000043       0x44 ./Drivers/STM32F1xx_HAL_Driver/Src/stm32f1xx_hal_dma.o
 .comment       0x00000043       0x44 ./Drivers/STM32F1xx_HAL_Driver/Src/stm32f1xx_hal_gpio.o
 .comment       0x00000043       0x44 ./Drivers/STM32F1xx_HAL_Driver/Src/stm32f1xx_hal_rcc.o
 .comment       0x00000043       0x44 ./Drivers/STM32F1xx_HAL_Driver/Src/stm32f1xx_hal_tim.o
 .comment       0x00000043       0x44 ./Drivers/STM32F1xx_HAL_Driver/Src/stm32f1xx_hal_tim_ex.o
 .comment       0x00000043       0x44 ./Drivers/STM32F1xx_HAL_Driver/Src/stm32f1xx_hal_uart.o

.debug_frame    0x00000000     0x3e94
 .debug_frame   0x00000000      0x114 ./Core/Src/debounce.o
 .debug_frame   0x00000114       0x34 ./Core/Src/gpio.o
 .debug_frame   0x00000148      0x4d4 ./Core/Src/lcd.o
 .debug_frame   0x0000061c       0x94 ./Core/Src/main.o
 .debug_frame   0x000006b0       0x38 ./Core/Src/stm32f1xx_hal_msp.o
 .debug_frame   0x000006e8      0x184 ./Core/Src/stm32f1xx_it.o
 .debug_frame   0x0000086c       0x34 ./Core/Src/sysmem.o
 .debug_frame   0x000008a0       0x58 ./Core/Src/system_stm32f1xx.o
 .debug_frame   0x000008f8       0x7c ./Core/Src/tim.o
 .debug_frame   0x00000974       0x74 ./Core/Src/usart.o
 .debug_frame   0x000009e8      0x334 ./Drivers/STM32F1xx_HAL_Driver/Src/stm32f1xx_hal.o
 .debug_frame   0x00000d1c      0x428 ./Drivers/STM32F1xx_HAL_Driver/Src/stm32f1xx_hal_cortex.o
 .debug_frame   0x00001144      0x20c ./Drivers/STM32F1xx_HAL_Driver/Src/stm32f1xx_hal_dma.o
 .debug_frame   0x00001350      0x14c ./Drivers/STM32F1xx_HAL_Driver/Src/stm32f1xx_hal_gpio.o
 .debug_frame   0x0000149c      0x218 ./Drivers/STM32F1xx_HAL_Driver/Src/stm32f1xx_hal_rcc.o
 .debug_frame   0x000016b4     0x11b8 ./Drivers/STM32F1xx_HAL_Driver/Src/stm32f1xx_hal_tim.o
 .debug_frame   0x0000286c      0x638 ./Drivers/STM32F1xx_HAL_Driver/Src/stm32f1xx_hal_tim_ex.o
 .debug_frame   0x00002ea4      0x944 ./Drivers/STM32F1xx_HAL_Driver/Src/stm32f1xx_hal_uart.o
 .debug_frame   0x000037e8      0x144 C:/ST/STM32CubeIDE_1.16.0/STM32CubeIDE/plugins/com.st.stm32cube.ide.mcu.externaltools.gnu-tools-for-stm32.12.3.rel1.win32_1.0.200.202406191623/tools/bin/../lib/gcc/arm-none-eabi/12.3.1/../../../../arm-none-eabi/lib/thumb/v7-m/nofp\libc_nano.a(libc_a-findfp.o)
 .debug_frame   0x0000392c       0x6c C:/ST/STM32CubeIDE_1.16.0/STM32CubeIDE/plugins/com.st.stm32cube.ide.mcu.externaltools.gnu-tools-for-stm32.12.3.rel1.win32_1.0.200.202406191623/tools/bin/../lib/gcc/arm-none-eabi/12.3.1/../../../../arm-none-eabi/lib/thumb/v7-m/nofp\libc_nano.a(libc_a-sprintf.o)
 .debug_frame   0x00003998       0x20 C:/ST/STM32CubeIDE_1.16.0/STM32CubeIDE/plugins/com.st.stm32cube.ide.mcu.externaltools.gnu-tools-for-stm32.12.3.rel1.win32_1.0.200.202406191623/tools/bin/../lib/gcc/arm-none-eabi/12.3.1/../../../../arm-none-eabi/lib/thumb/v7-m/nofp\libc_nano.a(libc_a-memset.o)
 .debug_frame   0x000039b8       0x38 C:/ST/STM32CubeIDE_1.16.0/STM32CubeIDE/plugins/com.st.stm32cube.ide.mcu.externaltools.gnu-tools-for-stm32.12.3.rel1.win32_1.0.200.202406191623/tools/bin/../lib/gcc/arm-none-eabi/12.3.1/../../../../arm-none-eabi/lib/thumb/v7-m/nofp\libc_nano.a(libc_a-reent.o)
 .debug_frame   0x000039f0       0x20 C:/ST/STM32CubeIDE_1.16.0/STM32CubeIDE/plugins/com.st.stm32cube.ide.mcu.externaltools.gnu-tools-for-stm32.12.3.rel1.win32_1.0.200.202406191623/tools/bin/../lib/gcc/arm-none-eabi/12.3.1/../../../../arm-none-eabi/lib/thumb/v7-m/nofp\libc_nano.a(libc_a-errno.o)
 .debug_frame   0x00003a10       0x2c C:/ST/STM32CubeIDE_1.16.0/STM32CubeIDE/plugins/com.st.stm32cube.ide.mcu.externaltools.gnu-tools-for-stm32.12.3.rel1.win32_1.0.200.202406191623/tools/bin/../lib/gcc/arm-none-eabi/12.3.1/../../../../arm-none-eabi/lib/thumb/v7-m/nofp\libc_nano.a(libc_a-init.o)
 .debug_frame   0x00003a3c       0xb0 C:/ST/STM32CubeIDE_1.16.0/STM32CubeIDE/plugins/com.st.stm32cube.ide.mcu.externaltools.gnu-tools-for-stm32.12.3.rel1.win32_1.0.200.202406191623/tools/bin/../lib/gcc/arm-none-eabi/12.3.1/../../../../arm-none-eabi/lib/thumb/v7-m/nofp\libc_nano.a(libc_a-lock.o)
 .debug_frame   0x00003aec       0x38 C:/ST/STM32CubeIDE_1.16.0/STM32CubeIDE/plugins/com.st.stm32cube.ide.mcu.externaltools.gnu-tools-for-stm32.12.3.rel1.win32_1.0.200.202406191623/tools/bin/../lib/gcc/arm-none-eabi/12.3.1/../../../../arm-none-eabi/lib/thumb/v7-m/nofp\libc_nano.a(libc_a-freer.o)
 .debug_frame   0x00003b24       0x50 C:/ST/STM32CubeIDE_1.16.0/STM32CubeIDE/plugins/com.st.stm32cube.ide.mcu.externaltools.gnu-tools-for-stm32.12.3.rel1.win32_1.0.200.202406191623/tools/bin/../lib/gcc/arm-none-eabi/12.3.1/../../../../arm-none-eabi/lib/thumb/v7-m/nofp\libc_nano.a(libc_a-mallocr.o)
 .debug_frame   0x00003b74       0x30 C:/ST/STM32CubeIDE_1.16.0/STM32CubeIDE/plugins/com.st.stm32cube.ide.mcu.externaltools.gnu-tools-for-stm32.12.3.rel1.win32_1.0.200.202406191623/tools/bin/../lib/gcc/arm-none-eabi/12.3.1/../../../../arm-none-eabi/lib/thumb/v7-m/nofp\libc_nano.a(libc_a-mlock.o)
 .debug_frame   0x00003ba4       0x90 C:/ST/STM32CubeIDE_1.16.0/STM32CubeIDE/plugins/com.st.stm32cube.ide.mcu.externaltools.gnu-tools-for-stm32.12.3.rel1.win32_1.0.200.202406191623/tools/bin/../lib/gcc/arm-none-eabi/12.3.1/../../../../arm-none-eabi/lib/thumb/v7-m/nofp\libc_nano.a(libc_a-nano-svfprintf.o)
 .debug_frame   0x00003c34       0x60 C:/ST/STM32CubeIDE_1.16.0/STM32CubeIDE/plugins/com.st.stm32cube.ide.mcu.externaltools.gnu-tools-for-stm32.12.3.rel1.win32_1.0.200.202406191623/tools/bin/../lib/gcc/arm-none-eabi/12.3.1/../../../../arm-none-eabi/lib/thumb/v7-m/nofp\libc_nano.a(libc_a-nano-vfprintf_i.o)
 .debug_frame   0x00003c94       0x28 C:/ST/STM32CubeIDE_1.16.0/STM32CubeIDE/plugins/com.st.stm32cube.ide.mcu.externaltools.gnu-tools-for-stm32.12.3.rel1.win32_1.0.200.202406191623/tools/bin/../lib/gcc/arm-none-eabi/12.3.1/../../../../arm-none-eabi/lib/thumb/v7-m/nofp\libc_nano.a(libc_a-memmove.o)
 .debug_frame   0x00003cbc       0x2c C:/ST/STM32CubeIDE_1.16.0/STM32CubeIDE/plugins/com.st.stm32cube.ide.mcu.externaltools.gnu-tools-for-stm32.12.3.rel1.win32_1.0.200.202406191623/tools/bin/../lib/gcc/arm-none-eabi/12.3.1/../../../../arm-none-eabi/lib/thumb/v7-m/nofp\libc_nano.a(libc_a-sbrkr.o)
 .debug_frame   0x00003ce8       0x28 C:/ST/STM32CubeIDE_1.16.0/STM32CubeIDE/plugins/com.st.stm32cube.ide.mcu.externaltools.gnu-tools-for-stm32.12.3.rel1.win32_1.0.200.202406191623/tools/bin/../lib/gcc/arm-none-eabi/12.3.1/../../../../arm-none-eabi/lib/thumb/v7-m/nofp\libc_nano.a(libc_a-memchr-stub.o)
 .debug_frame   0x00003d10       0x28 C:/ST/STM32CubeIDE_1.16.0/STM32CubeIDE/plugins/com.st.stm32cube.ide.mcu.externaltools.gnu-tools-for-stm32.12.3.rel1.win32_1.0.200.202406191623/tools/bin/../lib/gcc/arm-none-eabi/12.3.1/../../../../arm-none-eabi/lib/thumb/v7-m/nofp\libc_nano.a(libc_a-memcpy-stub.o)
 .debug_frame   0x00003d38       0x3c C:/ST/STM32CubeIDE_1.16.0/STM32CubeIDE/plugins/com.st.stm32cube.ide.mcu.externaltools.gnu-tools-for-stm32.12.3.rel1.win32_1.0.200.202406191623/tools/bin/../lib/gcc/arm-none-eabi/12.3.1/../../../../arm-none-eabi/lib/thumb/v7-m/nofp\libc_nano.a(libc_a-reallocr.o)
 .debug_frame   0x00003d74       0x20 C:/ST/STM32CubeIDE_1.16.0/STM32CubeIDE/plugins/com.st.stm32cube.ide.mcu.externaltools.gnu-tools-for-stm32.12.3.rel1.win32_1.0.200.202406191623/tools/bin/../lib/gcc/arm-none-eabi/12.3.1/../../../../arm-none-eabi/lib/thumb/v7-m/nofp\libc_nano.a(libc_a-msizer.o)
 .debug_frame   0x00003d94       0x30 C:/ST/STM32CubeIDE_1.16.0/STM32CubeIDE/plugins/com.st.stm32cube.ide.mcu.externaltools.gnu-tools-for-stm32.12.3.rel1.win32_1.0.200.202406191623/tools/bin/../lib/gcc/arm-none-eabi/12.3.1/thumb/v7-m/nofp\libgcc.a(_arm_muldf3.o)
 .debug_frame   0x00003dc4       0xac C:/ST/STM32CubeIDE_1.16.0/STM32CubeIDE/plugins/com.st.stm32cube.ide.mcu.externaltools.gnu-tools-for-stm32.12.3.rel1.win32_1.0.200.202406191623/tools/bin/../lib/gcc/arm-none-eabi/12.3.1/thumb/v7-m/nofp\libgcc.a(_arm_addsubdf3.o)
 .debug_frame   0x00003e70       0x24 C:/ST/STM32CubeIDE_1.16.0/STM32CubeIDE/plugins/com.st.stm32cube.ide.mcu.externaltools.gnu-tools-for-stm32.12.3.rel1.win32_1.0.200.202406191623/tools/bin/../lib/gcc/arm-none-eabi/12.3.1/thumb/v7-m/nofp\libgcc.a(_arm_fixunsdfsi.o)

.debug_line_str
                0x00000000       0x8e
 .debug_line_str
                0x00000000       0x8e ./Core/Startup/startup_stm32f103rctx.o
