#-----------------------------------------------------------
# Webtalk v2017.4 (64-bit)
# SW Build 2086221 on Fri Dec 15 20:55:39 MST 2017
# IP Build 2085800 on Fri Dec 15 22:25:07 MST 2017
# Start of session at: Fri Oct  6 01:08:24 2023
# Process ID: 29464
# Current directory: C:/Users/Cyphe/Documents/SUSTech Assignment/Term 3/Digital Logic/Assignment/Lab Assignment 1/Problem 1/Problem 1.sim/sim_1/behav/xsim
# Command line: wbtcv.exe -mode batch -source C:/Users/Cyphe/Documents/SUSTech Assignment/Term 3/Digital Logic/Assignment/Lab Assignment 1/Problem 1/Problem 1.sim/sim_1/behav/xsim/xsim.dir/lab_a1_p8_behav/webtalk/xsim_webtalk.tcl -notrace
# Log file: C:/Users/Cyphe/Documents/SUSTech Assignment/Term 3/Digital Logic/Assignment/Lab Assignment 1/Problem 1/Problem 1.sim/sim_1/behav/xsim/webtalk.log
# Journal file: C:/Users/Cyphe/Documents/SUSTech Assignment/Term 3/Digital Logic/Assignment/Lab Assignment 1/Problem 1/Problem 1.sim/sim_1/behav/xsim\webtalk.jou
#-----------------------------------------------------------
source C:/Users/Cyphe/Documents/SUSTech -notrace
