../Drivers/STM32F1xx_HAL_Driver/Src/stm32f1xx_hal_tim.c:6831:13:TIM_OC1_SetConfig	16	static
../Drivers/STM32F1xx_HAL_Driver/Src/stm32f1xx_hal_tim.c:6983:13:TIM_OC3_SetConfig	16	static
../Drivers/STM32F1xx_HAL_Driver/Src/stm32f1xx_hal_tim.c:7058:13:TIM_OC4_SetConfig	12	static
../Drivers/STM32F1xx_HAL_Driver/Src/stm32f1xx_hal_tim.c:369:13:HAL_TIM_Base_MspInit	0	static
../Drivers/STM32F1xx_HAL_Driver/Src/stm32f1xx_hal_tim.c:384:13:HAL_TIM_Base_MspDeInit	0	static
../Drivers/STM32F1xx_HAL_Driver/Src/stm32f1xx_hal_tim.c:326:19:HAL_TIM_Base_DeInit	8	static
../Drivers/STM32F1xx_HAL_Driver/Src/stm32f1xx_hal_tim.c:400:19:HAL_TIM_Base_Start	0	static
../Drivers/STM32F1xx_HAL_Driver/Src/stm32f1xx_hal_tim.c:439:19:HAL_TIM_Base_Stop	0	static
../Drivers/STM32F1xx_HAL_Driver/Src/stm32f1xx_hal_tim.c:459:19:HAL_TIM_Base_Start_IT	0	static
../Drivers/STM32F1xx_HAL_Driver/Src/stm32f1xx_hal_tim.c:501:19:HAL_TIM_Base_Stop_IT	0	static
../Drivers/STM32F1xx_HAL_Driver/Src/stm32f1xx_hal_tim.c:526:19:HAL_TIM_Base_Start_DMA	16	static
../Drivers/STM32F1xx_HAL_Driver/Src/stm32f1xx_hal_tim.c:595:19:HAL_TIM_Base_Stop_DMA	8	static
../Drivers/STM32F1xx_HAL_Driver/Src/stm32f1xx_hal_tim.c:753:13:HAL_TIM_OC_MspInit	0	static
../Drivers/STM32F1xx_HAL_Driver/Src/stm32f1xx_hal_tim.c:768:13:HAL_TIM_OC_MspDeInit	0	static
../Drivers/STM32F1xx_HAL_Driver/Src/stm32f1xx_hal_tim.c:710:19:HAL_TIM_OC_DeInit	8	static
../Drivers/STM32F1xx_HAL_Driver/Src/stm32f1xx_hal_tim.c:1418:13:HAL_TIM_PWM_MspInit	0	static
../Drivers/STM32F1xx_HAL_Driver/Src/stm32f1xx_hal_tim.c:1433:13:HAL_TIM_PWM_MspDeInit	0	static
../Drivers/STM32F1xx_HAL_Driver/Src/stm32f1xx_hal_tim.c:1375:19:HAL_TIM_PWM_DeInit	8	static
../Drivers/STM32F1xx_HAL_Driver/Src/stm32f1xx_hal_tim.c:2082:13:HAL_TIM_IC_MspInit	0	static
../Drivers/STM32F1xx_HAL_Driver/Src/stm32f1xx_hal_tim.c:2097:13:HAL_TIM_IC_MspDeInit	0	static
../Drivers/STM32F1xx_HAL_Driver/Src/stm32f1xx_hal_tim.c:2039:19:HAL_TIM_IC_DeInit	8	static
../Drivers/STM32F1xx_HAL_Driver/Src/stm32f1xx_hal_tim.c:2742:13:HAL_TIM_OnePulse_MspInit	0	static
../Drivers/STM32F1xx_HAL_Driver/Src/stm32f1xx_hal_tim.c:2757:13:HAL_TIM_OnePulse_MspDeInit	0	static
../Drivers/STM32F1xx_HAL_Driver/Src/stm32f1xx_hal_tim.c:2697:19:HAL_TIM_OnePulse_DeInit	8	static
../Drivers/STM32F1xx_HAL_Driver/Src/stm32f1xx_hal_tim.c:2777:19:HAL_TIM_OnePulse_Start	12	static
../Drivers/STM32F1xx_HAL_Driver/Src/stm32f1xx_hal_tim.c:2834:19:HAL_TIM_OnePulse_Stop	0	static
../Drivers/STM32F1xx_HAL_Driver/Src/stm32f1xx_hal_tim.c:2877:19:HAL_TIM_OnePulse_Start_IT	12	static
../Drivers/STM32F1xx_HAL_Driver/Src/stm32f1xx_hal_tim.c:2940:19:HAL_TIM_OnePulse_Stop_IT	0	static
../Drivers/STM32F1xx_HAL_Driver/Src/stm32f1xx_hal_tim.c:3178:13:HAL_TIM_Encoder_MspInit	0	static
../Drivers/STM32F1xx_HAL_Driver/Src/stm32f1xx_hal_tim.c:3193:13:HAL_TIM_Encoder_MspDeInit	0	static
../Drivers/STM32F1xx_HAL_Driver/Src/stm32f1xx_hal_tim.c:3133:19:HAL_TIM_Encoder_DeInit	8	static
../Drivers/STM32F1xx_HAL_Driver/Src/stm32f1xx_hal_tim.c:3213:19:HAL_TIM_Encoder_Start	12	static
../Drivers/STM32F1xx_HAL_Driver/Src/stm32f1xx_hal_tim.c:3307:19:HAL_TIM_Encoder_Stop	8	static
../Drivers/STM32F1xx_HAL_Driver/Src/stm32f1xx_hal_tim.c:3367:19:HAL_TIM_Encoder_Start_IT	12	static
../Drivers/STM32F1xx_HAL_Driver/Src/stm32f1xx_hal_tim.c:3467:19:HAL_TIM_Encoder_Stop_IT	8	static
../Drivers/STM32F1xx_HAL_Driver/Src/stm32f1xx_hal_tim.c:3532:19:HAL_TIM_Encoder_Start_DMA	32	static
../Drivers/STM32F1xx_HAL_Driver/Src/stm32f1xx_hal_tim.c:3745:19:HAL_TIM_Encoder_Stop_DMA	16	static
../Drivers/STM32F1xx_HAL_Driver/Src/stm32f1xx_hal_tim.c:4533:19:HAL_TIM_DMABurst_MultiWriteStart	24	static
../Drivers/STM32F1xx_HAL_Driver/Src/stm32f1xx_hal_tim.c:4480:19:HAL_TIM_DMABurst_WriteStart	24	static
../Drivers/STM32F1xx_HAL_Driver/Src/stm32f1xx_hal_tim.c:4717:19:HAL_TIM_DMABurst_WriteStop	16	static
../Drivers/STM32F1xx_HAL_Driver/Src/stm32f1xx_hal_tim.c:4869:19:HAL_TIM_DMABurst_MultiReadStart	24	static
../Drivers/STM32F1xx_HAL_Driver/Src/stm32f1xx_hal_tim.c:4818:19:HAL_TIM_DMABurst_ReadStart	24	static
../Drivers/STM32F1xx_HAL_Driver/Src/stm32f1xx_hal_tim.c:5053:19:HAL_TIM_DMABurst_ReadStop	0	static
../Drivers/STM32F1xx_HAL_Driver/Src/stm32f1xx_hal_tim.c:5136:19:HAL_TIM_GenerateEvent	0	static
../Drivers/STM32F1xx_HAL_Driver/Src/stm32f1xx_hal_tim.c:5457:19:HAL_TIM_ConfigTI1Input	0	static
../Drivers/STM32F1xx_HAL_Driver/Src/stm32f1xx_hal_tim.c:5572:10:HAL_TIM_ReadCapturedValue	0	static
../Drivers/STM32F1xx_HAL_Driver/Src/stm32f1xx_hal_tim.c:5656:13:HAL_TIM_PeriodElapsedCallback	0	static
../Drivers/STM32F1xx_HAL_Driver/Src/stm32f1xx_hal_tim.c:6701:13:TIM_DMAPeriodElapsedCplt	8	static
../Drivers/STM32F1xx_HAL_Driver/Src/stm32f1xx_hal_tim.c:5671:13:HAL_TIM_PeriodElapsedHalfCpltCallback	0	static
../Drivers/STM32F1xx_HAL_Driver/Src/stm32f1xx_hal_tim.c:6722:13:TIM_DMAPeriodElapsedHalfCplt	8	static
../Drivers/STM32F1xx_HAL_Driver/Src/stm32f1xx_hal_tim.c:5686:13:HAL_TIM_OC_DelayElapsedCallback	0	static
../Drivers/STM32F1xx_HAL_Driver/Src/stm32f1xx_hal_tim.c:5701:13:HAL_TIM_IC_CaptureCallback	0	static
../Drivers/STM32F1xx_HAL_Driver/Src/stm32f1xx_hal_tim.c:6599:6:TIM_DMACaptureCplt	8	static
../Drivers/STM32F1xx_HAL_Driver/Src/stm32f1xx_hal_tim.c:5716:13:HAL_TIM_IC_CaptureHalfCpltCallback	0	static
../Drivers/STM32F1xx_HAL_Driver/Src/stm32f1xx_hal_tim.c:6662:6:TIM_DMACaptureHalfCplt	8	static
../Drivers/STM32F1xx_HAL_Driver/Src/stm32f1xx_hal_tim.c:5731:13:HAL_TIM_PWM_PulseFinishedCallback	0	static
../Drivers/STM32F1xx_HAL_Driver/Src/stm32f1xx_hal_tim.c:6501:13:TIM_DMADelayPulseCplt	8	static
../Drivers/STM32F1xx_HAL_Driver/Src/stm32f1xx_hal_tim.c:5746:13:HAL_TIM_PWM_PulseFinishedHalfCpltCallback	0	static
../Drivers/STM32F1xx_HAL_Driver/Src/stm32f1xx_hal_tim.c:6560:6:TIM_DMADelayPulseHalfCplt	8	static
../Drivers/STM32F1xx_HAL_Driver/Src/stm32f1xx_hal_tim.c:5761:13:HAL_TIM_TriggerCallback	0	static
../Drivers/STM32F1xx_HAL_Driver/Src/stm32f1xx_hal_tim.c:3822:6:HAL_TIM_IRQHandler	16	static
../Drivers/STM32F1xx_HAL_Driver/Src/stm32f1xx_hal_tim.c:6738:13:TIM_DMATriggerCplt	8	static
../Drivers/STM32F1xx_HAL_Driver/Src/stm32f1xx_hal_tim.c:5776:13:HAL_TIM_TriggerHalfCpltCallback	0	static
../Drivers/STM32F1xx_HAL_Driver/Src/stm32f1xx_hal_tim.c:6759:13:TIM_DMATriggerHalfCplt	8	static
../Drivers/STM32F1xx_HAL_Driver/Src/stm32f1xx_hal_tim.c:5791:13:HAL_TIM_ErrorCallback	0	static
../Drivers/STM32F1xx_HAL_Driver/Src/stm32f1xx_hal_tim.c:6458:6:TIM_DMAError	8	static
../Drivers/STM32F1xx_HAL_Driver/Src/stm32f1xx_hal_tim.c:6338:22:HAL_TIM_Base_GetState	0	static
../Drivers/STM32F1xx_HAL_Driver/Src/stm32f1xx_hal_tim.c:6348:22:HAL_TIM_OC_GetState	0	static
../Drivers/STM32F1xx_HAL_Driver/Src/stm32f1xx_hal_tim.c:6358:22:HAL_TIM_PWM_GetState	0	static
../Drivers/STM32F1xx_HAL_Driver/Src/stm32f1xx_hal_tim.c:6368:22:HAL_TIM_IC_GetState	0	static
../Drivers/STM32F1xx_HAL_Driver/Src/stm32f1xx_hal_tim.c:6378:22:HAL_TIM_OnePulse_GetState	0	static
../Drivers/STM32F1xx_HAL_Driver/Src/stm32f1xx_hal_tim.c:6388:22:HAL_TIM_Encoder_GetState	0	static
../Drivers/STM32F1xx_HAL_Driver/Src/stm32f1xx_hal_tim.c:6398:23:HAL_TIM_GetActiveChannel	0	static
../Drivers/STM32F1xx_HAL_Driver/Src/stm32f1xx_hal_tim.c:6416:29:HAL_TIM_GetChannelState	0	static
../Drivers/STM32F1xx_HAL_Driver/Src/stm32f1xx_hal_tim.c:6433:30:HAL_TIM_DMABurstState	0	static
../Drivers/STM32F1xx_HAL_Driver/Src/stm32f1xx_hal_tim.c:6776:6:TIM_Base_SetConfig	0	static
../Drivers/STM32F1xx_HAL_Driver/Src/stm32f1xx_hal_tim.c:266:19:HAL_TIM_Base_Init	8	static
../Drivers/STM32F1xx_HAL_Driver/Src/stm32f1xx_hal_tim.c:650:19:HAL_TIM_OC_Init	8	static
../Drivers/STM32F1xx_HAL_Driver/Src/stm32f1xx_hal_tim.c:1315:19:HAL_TIM_PWM_Init	8	static
../Drivers/STM32F1xx_HAL_Driver/Src/stm32f1xx_hal_tim.c:1979:19:HAL_TIM_IC_Init	8	static
../Drivers/STM32F1xx_HAL_Driver/Src/stm32f1xx_hal_tim.c:2628:19:HAL_TIM_OnePulse_Init	16	static
../Drivers/STM32F1xx_HAL_Driver/Src/stm32f1xx_hal_tim.c:3019:19:HAL_TIM_Encoder_Init	24	static
../Drivers/STM32F1xx_HAL_Driver/Src/stm32f1xx_hal_tim.c:6907:6:TIM_OC2_SetConfig	16	static
../Drivers/STM32F1xx_HAL_Driver/Src/stm32f1xx_hal_tim.c:4040:19:HAL_TIM_OC_ConfigChannel	8	static
../Drivers/STM32F1xx_HAL_Driver/Src/stm32f1xx_hal_tim.c:4218:19:HAL_TIM_PWM_ConfigChannel	16	static
../Drivers/STM32F1xx_HAL_Driver/Src/stm32f1xx_hal_tim.c:7253:6:TIM_TI1_SetConfig	16	static
../Drivers/STM32F1xx_HAL_Driver/Src/stm32f1xx_hal_tim.c:4119:19:HAL_TIM_IC_ConfigChannel	24	static
../Drivers/STM32F1xx_HAL_Driver/Src/stm32f1xx_hal_tim.c:4332:19:HAL_TIM_OnePulse_ConfigChannel	48	static
../Drivers/STM32F1xx_HAL_Driver/Src/stm32f1xx_hal_tim.c:7545:6:TIM_ETR_SetConfig	8	static
../Drivers/STM32F1xx_HAL_Driver/Src/stm32f1xx_hal_tim.c:5173:19:HAL_TIM_ConfigOCrefClear	16	static
../Drivers/STM32F1xx_HAL_Driver/Src/stm32f1xx_hal_tim.c:5303:19:HAL_TIM_ConfigClockSource	16	static
../Drivers/STM32F1xx_HAL_Driver/Src/stm32f1xx_hal_tim.c:7119:26:TIM_SlaveTimer_SetConfig.constprop	8	static
../Drivers/STM32F1xx_HAL_Driver/Src/stm32f1xx_hal_tim.c:5529:19:HAL_TIM_SlaveConfigSynchro_IT	16	static
../Drivers/STM32F1xx_HAL_Driver/Src/stm32f1xx_hal_tim.c:5489:19:HAL_TIM_SlaveConfigSynchro	16	static
../Drivers/STM32F1xx_HAL_Driver/Src/stm32f1xx_hal_tim.c:7575:6:TIM_CCxChannelCmd	8	static
../Drivers/STM32F1xx_HAL_Driver/Src/stm32f1xx_hal_tim.c:789:19:HAL_TIM_OC_Start	8	static
../Drivers/STM32F1xx_HAL_Driver/Src/stm32f1xx_hal_tim.c:1454:19:HAL_TIM_PWM_Start	0	static
../Drivers/STM32F1xx_HAL_Driver/Src/stm32f1xx_hal_tim.c:843:19:HAL_TIM_OC_Stop	16	static
../Drivers/STM32F1xx_HAL_Driver/Src/stm32f1xx_hal_tim.c:1508:19:HAL_TIM_PWM_Stop	0	static
../Drivers/STM32F1xx_HAL_Driver/Src/stm32f1xx_hal_tim.c:878:19:HAL_TIM_OC_Start_IT	8	static
../Drivers/STM32F1xx_HAL_Driver/Src/stm32f1xx_hal_tim.c:1543:19:HAL_TIM_PWM_Start_IT	0	static
../Drivers/STM32F1xx_HAL_Driver/Src/stm32f1xx_hal_tim.c:971:19:HAL_TIM_OC_Stop_IT	16	static
../Drivers/STM32F1xx_HAL_Driver/Src/stm32f1xx_hal_tim.c:1636:19:HAL_TIM_PWM_Stop_IT	0	static
../Drivers/STM32F1xx_HAL_Driver/Src/stm32f1xx_hal_tim.c:1048:19:HAL_TIM_OC_Start_DMA	16	static
../Drivers/STM32F1xx_HAL_Driver/Src/stm32f1xx_hal_tim.c:1713:19:HAL_TIM_PWM_Start_DMA	0	static
../Drivers/STM32F1xx_HAL_Driver/Src/stm32f1xx_hal_tim.c:1212:19:HAL_TIM_OC_Stop_DMA	16	static
../Drivers/STM32F1xx_HAL_Driver/Src/stm32f1xx_hal_tim.c:1876:19:HAL_TIM_PWM_Stop_DMA	0	static
../Drivers/STM32F1xx_HAL_Driver/Src/stm32f1xx_hal_tim.c:2118:19:HAL_TIM_IC_Start	8	static
../Drivers/STM32F1xx_HAL_Driver/Src/stm32f1xx_hal_tim.c:2170:19:HAL_TIM_IC_Stop	16	static
../Drivers/STM32F1xx_HAL_Driver/Src/stm32f1xx_hal_tim.c:2200:19:HAL_TIM_IC_Start_IT	8	static
../Drivers/STM32F1xx_HAL_Driver/Src/stm32f1xx_hal_tim.c:2292:19:HAL_TIM_IC_Stop_IT	16	static
../Drivers/STM32F1xx_HAL_Driver/Src/stm32f1xx_hal_tim.c:2364:19:HAL_TIM_IC_Start_DMA	32	static
../Drivers/STM32F1xx_HAL_Driver/Src/stm32f1xx_hal_tim.c:2523:19:HAL_TIM_IC_Stop_DMA	16	static
