../Drivers/STM32F1xx_HAL_Driver/Src/stm32f1xx_hal_tim_ex.c:2336:13:TIM_CCxNChannelCmd	8	static
../Drivers/STM32F1xx_HAL_Driver/Src/stm32f1xx_hal_tim_ex.c:2291:13:TIM_DMAErrorCCxN	8	static
../Drivers/STM32F1xx_HAL_Driver/Src/stm32f1xx_hal_tim_ex.c:2241:13:TIM_DMADelayPulseNCplt	8	static
../Drivers/STM32F1xx_HAL_Driver/Src/stm32f1xx_hal_tim_ex.c:285:13:HAL_TIMEx_HallSensor_MspInit	0	static
../Drivers/STM32F1xx_HAL_Driver/Src/stm32f1xx_hal_tim_ex.c:138:19:HAL_TIMEx_HallSensor_Init	48	static
../Drivers/STM32F1xx_HAL_Driver/Src/stm32f1xx_hal_tim_ex.c:300:13:HAL_TIMEx_HallSensor_MspDeInit	0	static
../Drivers/STM32F1xx_HAL_Driver/Src/stm32f1xx_hal_tim_ex.c:240:19:HAL_TIMEx_HallSensor_DeInit	8	static
../Drivers/STM32F1xx_HAL_Driver/Src/stm32f1xx_hal_tim_ex.c:315:19:HAL_TIMEx_HallSensor_Start	16	static
../Drivers/STM32F1xx_HAL_Driver/Src/stm32f1xx_hal_tim_ex.c:369:19:HAL_TIMEx_HallSensor_Stop	8	static
../Drivers/STM32F1xx_HAL_Driver/Src/stm32f1xx_hal_tim_ex.c:397:19:HAL_TIMEx_HallSensor_Start_IT	16	static
../Drivers/STM32F1xx_HAL_Driver/Src/stm32f1xx_hal_tim_ex.c:454:19:HAL_TIMEx_HallSensor_Stop_IT	8	static
../Drivers/STM32F1xx_HAL_Driver/Src/stm32f1xx_hal_tim_ex.c:487:19:HAL_TIMEx_HallSensor_Start_DMA	24	static
../Drivers/STM32F1xx_HAL_Driver/Src/stm32f1xx_hal_tim_ex.c:563:19:HAL_TIMEx_HallSensor_Stop_DMA	8	static
../Drivers/STM32F1xx_HAL_Driver/Src/stm32f1xx_hal_tim_ex.c:625:19:HAL_TIMEx_OCN_Start	8	static
../Drivers/STM32F1xx_HAL_Driver/Src/stm32f1xx_hal_tim_ex.c:676:19:HAL_TIMEx_OCN_Stop	16	static
../Drivers/STM32F1xx_HAL_Driver/Src/stm32f1xx_hal_tim_ex.c:708:19:HAL_TIMEx_OCN_Start_IT	8	static
../Drivers/STM32F1xx_HAL_Driver/Src/stm32f1xx_hal_tim_ex.c:795:19:HAL_TIMEx_OCN_Stop_IT	16	static
../Drivers/STM32F1xx_HAL_Driver/Src/stm32f1xx_hal_tim_ex.c:870:19:HAL_TIMEx_OCN_Start_DMA	16	static
../Drivers/STM32F1xx_HAL_Driver/Src/stm32f1xx_hal_tim_ex.c:1008:19:HAL_TIMEx_OCN_Stop_DMA	16	static
../Drivers/STM32F1xx_HAL_Driver/Src/stm32f1xx_hal_tim_ex.c:1098:19:HAL_TIMEx_PWMN_Start	0	static
../Drivers/STM32F1xx_HAL_Driver/Src/stm32f1xx_hal_tim_ex.c:1148:19:HAL_TIMEx_PWMN_Stop	0	static
../Drivers/STM32F1xx_HAL_Driver/Src/stm32f1xx_hal_tim_ex.c:1180:19:HAL_TIMEx_PWMN_Start_IT	0	static
../Drivers/STM32F1xx_HAL_Driver/Src/stm32f1xx_hal_tim_ex.c:1266:19:HAL_TIMEx_PWMN_Stop_IT	0	static
../Drivers/STM32F1xx_HAL_Driver/Src/stm32f1xx_hal_tim_ex.c:1341:19:HAL_TIMEx_PWMN_Start_DMA	0	static
../Drivers/STM32F1xx_HAL_Driver/Src/stm32f1xx_hal_tim_ex.c:1479:19:HAL_TIMEx_PWMN_Stop_DMA	0	static
../Drivers/STM32F1xx_HAL_Driver/Src/stm32f1xx_hal_tim_ex.c:1570:19:HAL_TIMEx_OnePulseN_Start	24	static
../Drivers/STM32F1xx_HAL_Driver/Src/stm32f1xx_hal_tim_ex.c:1619:19:HAL_TIMEx_OnePulseN_Stop	16	static
../Drivers/STM32F1xx_HAL_Driver/Src/stm32f1xx_hal_tim_ex.c:1658:19:HAL_TIMEx_OnePulseN_Start_IT	24	static
../Drivers/STM32F1xx_HAL_Driver/Src/stm32f1xx_hal_tim_ex.c:1713:19:HAL_TIMEx_OnePulseN_Stop_IT	16	static
../Drivers/STM32F1xx_HAL_Driver/Src/stm32f1xx_hal_tim_ex.c:1792:19:HAL_TIMEx_ConfigCommutEvent	8	static
../Drivers/STM32F1xx_HAL_Driver/Src/stm32f1xx_hal_tim_ex.c:1848:19:HAL_TIMEx_ConfigCommutEvent_IT	8	static
../Drivers/STM32F1xx_HAL_Driver/Src/stm32f1xx_hal_tim_ex.c:1905:19:HAL_TIMEx_ConfigCommutEvent_DMA	8	static
../Drivers/STM32F1xx_HAL_Driver/Src/stm32f1xx_hal_tim_ex.c:1954:19:HAL_TIMEx_MasterConfigSynchronization	12	static
../Drivers/STM32F1xx_HAL_Driver/Src/stm32f1xx_hal_tim_ex.c:2015:19:HAL_TIMEx_ConfigBreakDeadTime	0	static
../Drivers/STM32F1xx_HAL_Driver/Src/stm32f1xx_hal_tim_ex.c:2062:19:HAL_TIMEx_RemapConfig	0	static
../Drivers/STM32F1xx_HAL_Driver/Src/stm32f1xx_hal_tim_ex.c:2096:13:HAL_TIMEx_CommutCallback	0	static
../Drivers/STM32F1xx_HAL_Driver/Src/stm32f1xx_hal_tim_ex.c:2202:6:TIMEx_DMACommutationCplt	8	static
../Drivers/STM32F1xx_HAL_Driver/Src/stm32f1xx_hal_tim_ex.c:2110:13:HAL_TIMEx_CommutHalfCpltCallback	0	static
../Drivers/STM32F1xx_HAL_Driver/Src/stm32f1xx_hal_tim_ex.c:2221:6:TIMEx_DMACommutationHalfCplt	8	static
../Drivers/STM32F1xx_HAL_Driver/Src/stm32f1xx_hal_tim_ex.c:2125:13:HAL_TIMEx_BreakCallback	0	static
../Drivers/STM32F1xx_HAL_Driver/Src/stm32f1xx_hal_tim_ex.c:2158:22:HAL_TIMEx_HallSensor_GetState	0	static
../Drivers/STM32F1xx_HAL_Driver/Src/stm32f1xx_hal_tim_ex.c:2173:29:HAL_TIMEx_GetChannelNState	0	static
