Archive member included to satisfy reference by file (symbol)

C:/ST/STM32CubeIDE_1.16.0/STM32CubeIDE/plugins/com.st.stm32cube.ide.mcu.externaltools.gnu-tools-for-stm32.12.3.rel1.win32_1.0.200.202406191623/tools/bin/../lib/gcc/arm-none-eabi/12.3.1/../../../../arm-none-eabi/lib/thumb/v7-m/nofp\libc_nano.a(libc_a-exit.o)
                              C:/ST/STM32CubeIDE_1.16.0/STM32CubeIDE/plugins/com.st.stm32cube.ide.mcu.externaltools.gnu-tools-for-stm32.12.3.rel1.win32_1.0.200.202406191623/tools/bin/../lib/gcc/arm-none-eabi/12.3.1/../../../../arm-none-eabi/lib/thumb/v7-m/nofp/crt0.o (exit)
C:/ST/STM32CubeIDE_1.16.0/STM32CubeIDE/plugins/com.st.stm32cube.ide.mcu.externaltools.gnu-tools-for-stm32.12.3.rel1.win32_1.0.200.202406191623/tools/bin/../lib/gcc/arm-none-eabi/12.3.1/../../../../arm-none-eabi/lib/thumb/v7-m/nofp\libc_nano.a(libc_a-findfp.o)
                              C:/ST/STM32CubeIDE_1.16.0/STM32CubeIDE/plugins/com.st.stm32cube.ide.mcu.externaltools.gnu-tools-for-stm32.12.3.rel1.win32_1.0.200.202406191623/tools/bin/../lib/gcc/arm-none-eabi/12.3.1/../../../../arm-none-eabi/lib/thumb/v7-m/nofp\libc_nano.a(libc_a-exit.o) (__stdio_exit_handler)
C:/ST/STM32CubeIDE_1.16.0/STM32CubeIDE/plugins/com.st.stm32cube.ide.mcu.externaltools.gnu-tools-for-stm32.12.3.rel1.win32_1.0.200.202406191623/tools/bin/../lib/gcc/arm-none-eabi/12.3.1/../../../../arm-none-eabi/lib/thumb/v7-m/nofp\libc_nano.a(libc_a-fwalk.o)
                              C:/ST/STM32CubeIDE_1.16.0/STM32CubeIDE/plugins/com.st.stm32cube.ide.mcu.externaltools.gnu-tools-for-stm32.12.3.rel1.win32_1.0.200.202406191623/tools/bin/../lib/gcc/arm-none-eabi/12.3.1/../../../../arm-none-eabi/lib/thumb/v7-m/nofp\libc_nano.a(libc_a-findfp.o) (_fwalk_sglue)
C:/ST/STM32CubeIDE_1.16.0/STM32CubeIDE/plugins/com.st.stm32cube.ide.mcu.externaltools.gnu-tools-for-stm32.12.3.rel1.win32_1.0.200.202406191623/tools/bin/../lib/gcc/arm-none-eabi/12.3.1/../../../../arm-none-eabi/lib/thumb/v7-m/nofp\libc_nano.a(libc_a-stdio.o)
                              C:/ST/STM32CubeIDE_1.16.0/STM32CubeIDE/plugins/com.st.stm32cube.ide.mcu.externaltools.gnu-tools-for-stm32.12.3.rel1.win32_1.0.200.202406191623/tools/bin/../lib/gcc/arm-none-eabi/12.3.1/../../../../arm-none-eabi/lib/thumb/v7-m/nofp\libc_nano.a(libc_a-findfp.o) (__sread)
C:/ST/STM32CubeIDE_1.16.0/STM32CubeIDE/plugins/com.st.stm32cube.ide.mcu.externaltools.gnu-tools-for-stm32.12.3.rel1.win32_1.0.200.202406191623/tools/bin/../lib/gcc/arm-none-eabi/12.3.1/../../../../arm-none-eabi/lib/thumb/v7-m/nofp\libc_nano.a(libc_a-memset.o)
                              C:/ST/STM32CubeIDE_1.16.0/STM32CubeIDE/plugins/com.st.stm32cube.ide.mcu.externaltools.gnu-tools-for-stm32.12.3.rel1.win32_1.0.200.202406191623/tools/bin/../lib/gcc/arm-none-eabi/12.3.1/../../../../arm-none-eabi/lib/thumb/v7-m/nofp/crt0.o (memset)
C:/ST/STM32CubeIDE_1.16.0/STM32CubeIDE/plugins/com.st.stm32cube.ide.mcu.externaltools.gnu-tools-for-stm32.12.3.rel1.win32_1.0.200.202406191623/tools/bin/../lib/gcc/arm-none-eabi/12.3.1/../../../../arm-none-eabi/lib/thumb/v7-m/nofp\libc_nano.a(libc_a-closer.o)
                              C:/ST/STM32CubeIDE_1.16.0/STM32CubeIDE/plugins/com.st.stm32cube.ide.mcu.externaltools.gnu-tools-for-stm32.12.3.rel1.win32_1.0.200.202406191623/tools/bin/../lib/gcc/arm-none-eabi/12.3.1/../../../../arm-none-eabi/lib/thumb/v7-m/nofp\libc_nano.a(libc_a-stdio.o) (_close_r)
C:/ST/STM32CubeIDE_1.16.0/STM32CubeIDE/plugins/com.st.stm32cube.ide.mcu.externaltools.gnu-tools-for-stm32.12.3.rel1.win32_1.0.200.202406191623/tools/bin/../lib/gcc/arm-none-eabi/12.3.1/../../../../arm-none-eabi/lib/thumb/v7-m/nofp\libc_nano.a(libc_a-reent.o)
                              C:/ST/STM32CubeIDE_1.16.0/STM32CubeIDE/plugins/com.st.stm32cube.ide.mcu.externaltools.gnu-tools-for-stm32.12.3.rel1.win32_1.0.200.202406191623/tools/bin/../lib/gcc/arm-none-eabi/12.3.1/../../../../arm-none-eabi/lib/thumb/v7-m/nofp\libc_nano.a(libc_a-closer.o) (errno)
C:/ST/STM32CubeIDE_1.16.0/STM32CubeIDE/plugins/com.st.stm32cube.ide.mcu.externaltools.gnu-tools-for-stm32.12.3.rel1.win32_1.0.200.202406191623/tools/bin/../lib/gcc/arm-none-eabi/12.3.1/../../../../arm-none-eabi/lib/thumb/v7-m/nofp\libc_nano.a(libc_a-impure.o)
                              C:/ST/STM32CubeIDE_1.16.0/STM32CubeIDE/plugins/com.st.stm32cube.ide.mcu.externaltools.gnu-tools-for-stm32.12.3.rel1.win32_1.0.200.202406191623/tools/bin/../lib/gcc/arm-none-eabi/12.3.1/../../../../arm-none-eabi/lib/thumb/v7-m/nofp\libc_nano.a(libc_a-reent.o) (_impure_ptr)
C:/ST/STM32CubeIDE_1.16.0/STM32CubeIDE/plugins/com.st.stm32cube.ide.mcu.externaltools.gnu-tools-for-stm32.12.3.rel1.win32_1.0.200.202406191623/tools/bin/../lib/gcc/arm-none-eabi/12.3.1/../../../../arm-none-eabi/lib/thumb/v7-m/nofp\libc_nano.a(libc_a-lseekr.o)
[...]
Memory Configuration

Name             Origin             Length             Attributes
RAM              0x20000000         0x0000c000         xrw
FLASH            0x08000000         0x00040000         xr
*default*        0x00000000         0xffffffff

Linker script and memory map

LOAD C:/ST/STM32CubeIDE_1.16.0/STM32CubeIDE/plugins/com.st.stm32cube.ide.mcu.externaltools.gnu-tools-for-stm32.12.3.rel1.win32_1.0.200.202406191623/tools/bin/../lib/gcc/arm-none-eabi/12.3.1/thumb/v7-m/nofp/crti.o
LOAD C:/ST/STM32CubeIDE_1.16.0/STM32CubeIDE/plugins/com.st.stm32cube.ide.mcu.externaltools.gnu-tools-for-stm32.12.3.rel1.win32_1.0.200.202406191623/tools/bin/../lib/gcc/arm-none-eabi/12.3.1/thumb/v7-m/nofp/crtbegin.o
LOAD C:/ST/STM32CubeIDE_1.16.0/STM32CubeIDE/plugins/com.st.stm32cube.ide.mcu.externaltools.gnu-tools-for-stm32.12.3.rel1.win32_1.0.200.202406191623/tools/bin/../lib/gcc/arm-none-eabi/12.3.1/../../../../arm-none-eabi/lib/thumb/v7-m/nofp/crt0.o
LOAD ./Core/Src/debounce.o
LOAD ./Core/Src/gpio.o
LOAD ./Core/Src/lcd.o
LOAD ./Core/Src/main.o
LOAD ./Core/Src/stm32f1xx_hal_msp.o
LOAD ./Core/Src/stm32f1xx_it.o
LOAD ./Core/Src/syscalls.o
LOAD ./Core/Src/sysmem.o
LOAD ./Core/Src/system_stm32f1xx.o
LOAD ./Core/Src/tim.o
LOAD ./Core/Src/usart.o
LOAD ./Core/Startup/startup_stm32f103rctx.o
LOAD ./Drivers/STM32F1xx_HAL_Driver/Src/stm32f1xx_hal.o
LOAD ./Drivers/STM32F1xx_HAL_Driver/Src/stm32f1xx_hal_cortex.o
LOAD ./Drivers/STM32F1xx_HAL_Driver/Src/stm32f1xx_hal_dma.o
LOAD ./Drivers/STM32F1xx_HAL_Driver/Src/stm32f1xx_hal_exti.o
LOAD ./Drivers/STM32F1xx_HAL_Driver/Src/stm32f1xx_hal_flash.o
LOAD ./Drivers/STM32F1xx_HAL_Driver/Src/stm32f1xx_hal_flash_ex.o
LOAD ./Drivers/STM32F1xx_HAL_Driver/Src/stm32f1xx_hal_gpio.o
LOAD ./Drivers/STM32F1xx_HAL_Driver/Src/stm32f1xx_hal_gpio_ex.o
LOAD ./Drivers/STM32F1xx_HAL_Driver/Src/stm32f1xx_hal_pwr.o
LOAD ./Drivers/STM32F1xx_HAL_Driver/Src/stm32f1xx_hal_rcc.o
LOAD ./Drivers/STM32F1xx_HAL_Driver/Src/stm32f1xx_hal_rcc_ex.o
LOAD ./Drivers/STM32F1xx_HAL_Driver/Src/stm32f1xx_hal_tim.o
LOAD ./Drivers/STM32F1xx_HAL_Driver/Src/stm32f1xx_hal_tim_ex.o
LOAD ./Drivers/STM32F1xx_HAL_Driver/Src/stm32f1xx_hal_uart.o
START GROUP
LOAD C:/ST/STM32CubeIDE_1.16.0/STM32CubeIDE/plugins/com.st.stm32cube.ide.mcu.externaltools.gnu-tools-for-stm32.12.3.rel1.win32_1.0.200.202406191623/tools/bin/../lib/gcc/arm-none-eabi/12.3.1/../../../../arm-none-eabi/lib/thumb/v7-m/nofp\libc_nano.a
LOAD C:/ST/STM32CubeIDE_1.16.0/STM32CubeIDE/plugins/com.st.stm32cube.ide.mcu.externaltools.gnu-tools-for-stm32.12.3.rel1.win32_1.0.200.202406191623/tools/bin/../lib/gcc/arm-none-eabi/12.3.1/../../../../arm-none-eabi/lib/thumb/v7-m/nofp\libm.a
END GROUP
START GROUP
LOAD C:/ST/STM32CubeIDE_1.16.0/STM32CubeIDE/plugins/com.st.stm32cube.ide.mcu.externaltools.gnu-tools-for-stm32.12.3.rel1.win32_1.0.200.202406191623/tools/bin/../lib/gcc/arm-none-eabi/12.3.1/thumb/v7-m/nofp\libgcc.a
LOAD C:/ST/STM32CubeIDE_1.16.0/STM32CubeIDE/plugins/com.st.stm32cube.ide.mcu.externaltools.gnu-tools-for-stm32.12.3.rel1.win32_1.0.200.202406191623/tools/bin/../lib/gcc/arm-none-eabi/12.3.1/../../../../arm-none-eabi/lib/thumb/v7-m/nofp\libc_nano.a
END GROUP
START GROUP
LOAD C:/ST/STM32CubeIDE_1.16.0/STM32CubeIDE/plugins/com.st.stm32cube.ide.mcu.externaltools.gnu-tools-for-stm32.12.3.rel1.win32_1.0.200.202406191623/tools/bin/../lib/gcc/arm-none-eabi/12.3.1/thumb/v7-m/nofp\libgcc.a
LOAD C:/ST/STM32CubeIDE_1.16.0/STM32CubeIDE/plugins/com.st.stm32cube.ide.mcu.externaltools.gnu-tools-for-stm32.12.3.rel1.win32_1.0.200.202406191623/tools/bin/../lib/gcc/arm-none-eabi/12.3.1/../../../../arm-none-eabi/lib/thumb/v7-m/nofp\libc_nano.a
LOAD C:/ST/STM32CubeIDE_1.16.0/STM32CubeIDE/plugins/com.st.stm32cube.ide.mcu.externaltools.gnu-tools-for-stm32.12.3.rel1.win32_1.0.200.202406191623/tools/bin/../lib/gcc/arm-none-eabi/12.3.1/../../../../arm-none-eabi/lib/thumb/v7-m/nofp\libnosys.a
END GROUP
START GROUP
LOAD C:/ST/STM32CubeIDE_1.16.0/STM32CubeIDE/plugins/com.st.stm32cube.ide.mcu.externaltools.gnu-tools-for-stm32.12.3.rel1.win32_1.0.200.202406191623/tools/bin/../lib/gcc/arm-none-eabi/12.3.1/thumb/v7-m/nofp\libgcc.a
LOAD C:/ST/STM32CubeIDE_1.16.0/STM32CubeIDE/plugins/com.st.stm32cube.ide.mcu.externaltools.gnu-tools-for-stm32.12.3.rel1.win32_1.0.200.202406191623/tools/bin/../lib/gcc/arm-none-eabi/12.3.1/../../../../arm-none-eabi/lib/thumb/v7-m/nofp\libc_nano.a
LOAD C:/ST/STM32CubeIDE_1.16.0/STM32CubeIDE/plugins/com.st.stm32cube.ide.mcu.externaltools.gnu-tools-for-stm32.12.3.rel1.win32_1.0.200.202406191623/tools/bin/../lib/gcc/arm-none-eabi/12.3.1/../../../../arm-none-eabi/lib/thumb/v7-m/nofp\libnosys.a
END GROUP
LOAD C:/ST/STM32CubeIDE_1.16.0/STM32CubeIDE/plugins/com.st.stm32cube.ide.mcu.externaltools.gnu-tools-for-stm32.12.3.rel1.win32_1.0.200.202406191623/tools/bin/../lib/gcc/arm-none-eabi/12.3.1/thumb/v7-m/nofp/crtend.o
LOAD C:/ST/STM32CubeIDE_1.16.0/STM32CubeIDE/plugins/com.st.stm32cube.ide.mcu.externaltools.gnu-tools-for-stm32.12.3.rel1.win32_1.0.200.202406191623/tools/bin/../lib/gcc/arm-none-eabi/12.3.1/thumb/v7-m/nofp/crtn.o
                0x2000c000                        _estack = (ORIGIN (RAM) + LENGTH (RAM))
                0x00000200                        _Min_Heap_Size = 0x200
                0x00000400                        _Min_Stack_Size = 0x400

.isr_vector     0x08000000      0x1e4
                0x08000000                        . = ALIGN (0x4)
 *(.isr_vector)
 .isr_vector    0x08000000      0x1e4 ./Core/Startup/startup_stm32f103rctx.o
                0x08000000                g_pfnVectors
                0x080001e4                        . = ALIGN (0x4)

.text           0x080001e8     0x64c0
                0x080001e8                        . = ALIGN (0x4)
 *(.text)
 .text          0x080001e8       0x40 C:/ST/STM32CubeIDE_1.16.0/STM32CubeIDE/plugins/com.st.stm32cube.ide.mcu.externaltools.gnu-tools-for-stm32.12.3.rel1.win32_1.0.200.202406191623/tools/bin/../lib/gcc/arm-none-eabi/12.3.1/thumb/v7-m/nofp/crtbegin.o
 .text          0x08000228      0x254 C:/ST/STM32CubeIDE_1.16.0/STM32CubeIDE/plugins/com.st.stm32cube.ide.mcu.externaltools.gnu-tools-for-stm32.12.3.rel1.win32_1.0.200.202406191623/tools/bin/../lib/gcc/arm-none-eabi/12.3.1/thumb/v7-m/nofp\libgcc.a(_arm_muldf3.o)
                0x08000228                __muldf3
                0x08000228                __aeabi_dmul
 .text          0x0800047c      0x378 C:/ST/STM32CubeIDE_1.16.0/STM32CubeIDE/plugins/com.st.stm32cube.ide.mcu.externaltools.gnu-tools-for-stm32.12.3.rel1.win32_1.0.200.202406191623/tools/bin/../lib/gcc/arm-none-eabi/12.3.1/thumb/v7-m/nofp\libgcc.a(_arm_addsubdf3.o)
                0x0800047c                __aeabi_drsub
                0x08000484                __aeabi_dsub
                0x08000484                __subdf3
                0x08000488                __aeabi_dadd
                0x08000488                __adddf3
                0x08000700                __floatunsidf
                0x08000700                __aeabi_ui2d
                0x08000720                __floatsidf
                0x08000720                __aeabi_i2d
                0x08000744                __aeabi_f2d
                0x08000744                __extendsfdf2
                0x08000788                __floatundidf
                0x08000788                __aeabi_ul2d
                0x08000798                __floatdidf
                0x08000798                __aeabi_l2d
 .text          0x080007f4       0x40 C:/ST/STM32CubeIDE_1.16.0/STM32CubeIDE/plugins/com.st.stm32cube.ide.mcu.externaltools.gnu-tools-for-stm32.12.3.rel1.win32_1.0.200.202406191623/tools/bin/../lib/gcc/arm-none-eabi/12.3.1/thumb/v7-m/nofp\libgcc.a(_arm_fixunsdfsi.o)
                0x080007f4                __aeabi_d2uiz
                0x080007f4                __fixunsdfsi
 *(.text*)
 .text.Debounce_Init
                0x08000834       0x78 ./Core/Src/debounce.o
                0x08000834                Debounce_Init
 .text.Debounce_Update
                0x080008ac       0x5e ./Core/Src/debounce.o
                0x080008ac                Debounce_Update
 .text.Debounce_ReadPress
                0x0800090a        0xa ./Core/Src/debounce.o
                0x0800090a                Debounce_ReadPress
 .text.Debounce_InitKeyWKUP
                0x08000914       0x24 ./Core/Src/debounce.o
                0x08000914                Debounce_InitKeyWKUP
 .text.Debounce_InitKey0
                0x08000938       0x2c ./Core/Src/debounce.o
                0x08000938                Debounce_InitKey0
 .text.Debounce_InitKey1
                0x08000964       0x2c ./Core/Src/debounce.o
                0x08000964                Debounce_InitKey1
 .text.MX_GPIO_Init
                0x08000990       0xd8 ./Core/Src/gpio.o
                0x08000990                MX_GPIO_Init
 .text.LCD_WR_REG
                0x08000a68       0x24 ./Core/Src/lcd.o
                0x08000a68                LCD_WR_REG
 .text.LCD_RD_DATA
                0x08000a8c       0x60 ./Core/Src/lcd.o
                0x08000a8c                LCD_RD_DATA
 .text.LCD_WriteReg
                0x08000aec       0x2c ./Core/Src/lcd.o
                0x08000aec                LCD_WriteReg
 .text.LCD_ReadReg
                0x08000b18        0xe ./Core/Src/lcd.o
                0x08000b18                LCD_ReadReg
 *fill*         0x08000b26        0x2 
 .text.LCD_WriteRAM_Prepare
                0x08000b28        0xc ./Core/Src/lcd.o
                0x08000b28                LCD_WriteRAM_Prepare
 .text.LCD_WriteRAM
                0x08000b34       0x24 ./Core/Src/lcd.o
                0x08000b34                LCD_WriteRAM
 .text.LCD_SetCursor
                0x08000b58      0x254 ./Core/Src/lcd.o
                0x08000b58                LCD_SetCursor
 .text.LCD_Scan_Dir
                0x08000dac      0x2bc ./Core/Src/lcd.o
                0x08000dac                LCD_Scan_Dir
 .text.LCD_Fast_DrawPoint
                0x08001068      0x2a8 ./Core/Src/lcd.o
                0x08001068                LCD_Fast_DrawPoint
 .text.LCD_SSD_BackLightSet
                0x08001310       0xa0 ./Core/Src/lcd.o
                0x08001310                LCD_SSD_BackLightSet
 .text.LCD_Display_Dir
                0x080013b0      0x140 ./Core/Src/lcd.o
                0x080013b0                LCD_Display_Dir
 .text.LCD_Clear
                0x080014f0       0x84 ./Core/Src/lcd.o
                0x080014f0                LCD_Clear
 .text.LCD_Init
                0x08001574     0x3784 ./Core/Src/lcd.o
                0x08001574                LCD_Init
 .text.LCD_ShowChar
                0x08004cf8       0xe0 ./Core/Src/lcd.o
                0x08004cf8                LCD_ShowChar
 .text.LCD_ShowNum
                0x08004dd8       0x8c ./Core/Src/lcd.o
                0x08004dd8                LCD_ShowNum
 .text.SystemClock_Config
                0x08004e64       0x5e ./Core/Src/main.o
                0x08004e64                SystemClock_Config
 .text.lcd_showpic
                0x08004ec2       0x38 ./Core/Src/main.o
                0x08004ec2                lcd_showpic
 *fill*         0x08004efa        0x2 
 .text.startup.main
                0x08004efc       0xa8 ./Core/Src/main.o
                0x08004efc                main
 .text.Error_Handler
                0x08004fa4        0x4 ./Core/Src/main.o
                0x08004fa4                Error_Handler
 .text.HAL_MspInit
                0x08004fa8       0x4c ./Core/Src/stm32f1xx_hal_msp.o
                0x08004fa8                HAL_MspInit
 .text.NMI_Handler
                0x08004ff4        0x2 ./Core/Src/stm32f1xx_it.o
                0x08004ff4                NMI_Handler
 .text.HardFault_Handler
                0x08004ff6        0x2 ./Core/Src/stm32f1xx_it.o
                0x08004ff6                HardFault_Handler
 .text.MemManage_Handler
                0x08004ff8        0x2 ./Core/Src/stm32f1xx_it.o
                0x08004ff8                MemManage_Handler
 .text.BusFault_Handler
                0x08004ffa        0x2 ./Core/Src/stm32f1xx_it.o
                0x08004ffa                BusFault_Handler
 .text.UsageFault_Handler
                0x08004ffc        0x2 ./Core/Src/stm32f1xx_it.o
                0x08004ffc                UsageFault_Handler
 .text.SVC_Handler
                0x08004ffe        0x2 ./Core/Src/stm32f1xx_it.o
                0x08004ffe                SVC_Handler
 .text.DebugMon_Handler
                0x08005000        0x2 ./Core/Src/stm32f1xx_it.o
                0x08005000                DebugMon_Handler
 .text.PendSV_Handler
                0x08005002        0x2 ./Core/Src/stm32f1xx_it.o
                0x08005002                PendSV_Handler
 .text.SysTick_Handler
                0x08005004        0x4 ./Core/Src/stm32f1xx_it.o
                0x08005004                SysTick_Handler
 .text.TIM2_IRQHandler
                0x08005008        0xc ./Core/Src/stm32f1xx_it.o
                0x08005008                TIM2_IRQHandler
 .text.TIM3_IRQHandler
                0x08005014        0xc ./Core/Src/stm32f1xx_it.o
                0x08005014                TIM3_IRQHandler
 .text.USART1_IRQHandler
                0x08005020       0x20 ./Core/Src/stm32f1xx_it.o
                0x08005020                USART1_IRQHandler
 .text.HAL_TIM_PeriodElapsedCallback
                0x08005040       0x30 ./Core/Src/stm32f1xx_it.o
                0x08005040                HAL_TIM_PeriodElapsedCallback
 .text.HAL_UART_RxCpltCallback
                0x08005070       0x70 ./Core/Src/stm32f1xx_it.o
                0x08005070                HAL_UART_RxCpltCallback
 .text.SystemInit
                0x080050e0        0x2 ./Core/Src/system_stm32f1xx.o
                0x080050e0                SystemInit
 *fill*         0x080050e2        0x2 
 .text.MX_TIM2_Init
                0x080050e4       0x68 ./Core/Src/tim.o
                0x080050e4                MX_TIM2_Init
 .text.MX_TIM3_Init
                0x0800514c       0x6c ./Core/Src/tim.o
                0x0800514c                MX_TIM3_Init
 .text.HAL_TIM_Base_MspInit
                0x080051b8       0x6c ./Core/Src/tim.o
                0x080051b8                HAL_TIM_Base_MspInit
 .text.MX_USART1_UART_Init
                0x08005224       0x38 ./Core/Src/usart.o
                0x08005224                MX_USART1_UART_Init
 .text.HAL_UART_MspInit
                0x0800525c       0x88 ./Core/Src/usart.o
                0x0800525c                HAL_UART_MspInit
 .text.Reset_Handler
                0x080052e4       0x48 ./Core/Startup/startup_stm32f103rctx.o
                0x080052e4                Reset_Handler
 .text.Default_Handler
                0x0800532c        0x2 ./Core/Startup/startup_stm32f103rctx.o
                0x0800532c                RTC_Alarm_IRQHandler
                0x0800532c                EXTI2_IRQHandler
                0x0800532c                TIM8_TRG_COM_IRQHandler
                0x0800532c                TIM8_CC_IRQHandler
                0x0800532c                TIM1_CC_IRQHandler
                0x0800532c                TIM6_IRQHandler
                0x0800532c                PVD_IRQHandler
                0x0800532c                SDIO_IRQHandler
                0x0800532c                EXTI3_IRQHandler
                0x0800532c                EXTI0_IRQHandler
                0x0800532c                I2C2_EV_IRQHandler
                0x0800532c                ADC1_2_IRQHandler
                0x0800532c                SPI1_IRQHandler
                0x0800532c                TAMPER_IRQHandler
                0x0800532c                TIM8_UP_IRQHandler
                0x0800532c                DMA2_Channel2_IRQHandler
                0x0800532c                DMA1_Channel4_IRQHandler
                0x0800532c                USART3_IRQHandler
                0x0800532c                RTC_IRQHandler
                0x0800532c                DMA1_Channel7_IRQHandler
                0x0800532c                CAN1_RX1_IRQHandler
                0x0800532c                UART5_IRQHandler
                0x0800532c                ADC3_IRQHandler
                0x0800532c                TIM4_IRQHandler
                0x0800532c                DMA2_Channel1_IRQHandler
                0x0800532c                I2C1_EV_IRQHandler
                0x0800532c                DMA1_Channel6_IRQHandler
                0x0800532c                UART4_IRQHandler
                0x0800532c                RCC_IRQHandler
                0x0800532c                TIM1_TRG_COM_IRQHandler
                0x0800532c                DMA1_Channel1_IRQHandler
                0x0800532c                Default_Handler
                0x0800532c                EXTI15_10_IRQHandler
                0x0800532c                TIM7_IRQHandler
                0x0800532c                TIM5_IRQHandler
                0x0800532c                EXTI9_5_IRQHandler
                0x0800532c                SPI2_IRQHandler
                0x0800532c                DMA1_Channel5_IRQHandler
                0x0800532c                EXTI4_IRQHandler
                0x0800532c                USB_LP_CAN1_RX0_IRQHandler
                0x0800532c                USB_HP_CAN1_TX_IRQHandler
                0x0800532c                DMA1_Channel3_IRQHandler
                0x0800532c                FSMC_IRQHandler
                0x0800532c                TIM1_UP_IRQHandler
                0x0800532c                WWDG_IRQHandler
                0x0800532c                TIM1_BRK_IRQHandler
                0x0800532c                EXTI1_IRQHandler
                0x0800532c                DMA2_Channel4_5_IRQHandler
                0x0800532c                USART2_IRQHandler
                0x0800532c                I2C2_ER_IRQHandler
                0x0800532c                DMA1_Channel2_IRQHandler
                0x0800532c                TIM8_BRK_IRQHandler
                0x0800532c                CAN1_SCE_IRQHandler
                0x0800532c                FLASH_IRQHandler
                0x0800532c                SPI3_IRQHandler
                0x0800532c                I2C1_ER_IRQHandler
                0x0800532c                USBWakeUp_IRQHandler
                0x0800532c                DMA2_Channel3_IRQHandler
 *fill*         0x0800532e        0x2 
 .text.HAL_InitTick
                0x08005330       0x48 ./Drivers/STM32F1xx_HAL_Driver/Src/stm32f1xx_hal.o
                0x08005330                HAL_InitTick
 .text.HAL_Init
                0x08005378       0x24 ./Drivers/STM32F1xx_HAL_Driver/Src/stm32f1xx_hal.o
                0x08005378                HAL_Init
 .text.HAL_IncTick
                0x0800539c       0x18 ./Drivers/STM32F1xx_HAL_Driver/Src/stm32f1xx_hal.o
                0x0800539c                HAL_IncTick
 .text.HAL_GetTick
                0x080053b4        0xc ./Drivers/STM32F1xx_HAL_Driver/Src/stm32f1xx_hal.o
                0x080053b4                HAL_GetTick
 .text.HAL_Delay
                0x080053c0       0x24 ./Drivers/STM32F1xx_HAL_Driver/Src/stm32f1xx_hal.o
                0x080053c0                HAL_Delay
 .text.HAL_NVIC_SetPriorityGrouping
                0x080053e4       0x24 ./Drivers/STM32F1xx_HAL_Driver/Src/stm32f1xx_hal_cortex.o
                0x080053e4                HAL_NVIC_SetPriorityGrouping
 .text.HAL_NVIC_SetPriority
                0x08005408       0x60 ./Drivers/STM32F1xx_HAL_Driver/Src/stm32f1xx_hal_cortex.o
                0x08005408                HAL_NVIC_SetPriority
 .text.HAL_NVIC_EnableIRQ
                0x08005468       0x1c ./Drivers/STM32F1xx_HAL_Driver/Src/stm32f1xx_hal_cortex.o
                0x08005468                HAL_NVIC_EnableIRQ
 .text.HAL_SYSTICK_Config
                0x08005484       0x28 ./Drivers/STM32F1xx_HAL_Driver/Src/stm32f1xx_hal_cortex.o
                0x08005484                HAL_SYSTICK_Config
 .text.HAL_DMA_Abort
                0x080054ac       0x3e ./Drivers/STM32F1xx_HAL_Driver/Src/stm32f1xx_hal_dma.o
                0x080054ac                HAL_DMA_Abort
 *fill*         0x080054ea        0x2 
 .text.HAL_DMA_Abort_IT
                0x080054ec      0x13c ./Drivers/STM32F1xx_HAL_Driver/Src/stm32f1xx_hal_dma.o
                0x080054ec                HAL_DMA_Abort_IT
 .text.HAL_GPIO_Init
                0x08005628      0x1cc ./Drivers/STM32F1xx_HAL_Driver/Src/stm32f1xx_hal_gpio.o
                0x08005628                HAL_GPIO_Init
 .text.HAL_GPIO_ReadPin
                0x080057f4        0xc ./Drivers/STM32F1xx_HAL_Driver/Src/stm32f1xx_hal_gpio.o
                0x080057f4                HAL_GPIO_ReadPin
 .text.HAL_GPIO_WritePin
                0x08005800        0xa ./Drivers/STM32F1xx_HAL_Driver/Src/stm32f1xx_hal_gpio.o
                0x08005800                HAL_GPIO_WritePin
 *fill*         0x0800580a        0x2 
 .text.HAL_RCC_OscConfig
                0x0800580c      0x338 ./Drivers/STM32F1xx_HAL_Driver/Src/stm32f1xx_hal_rcc.o
                0x0800580c                HAL_RCC_OscConfig
 .text.HAL_RCC_GetSysClockFreq
                0x08005b44       0x4c ./Drivers/STM32F1xx_HAL_Driver/Src/stm32f1xx_hal_rcc.o
                0x08005b44                HAL_RCC_GetSysClockFreq
 .text.HAL_RCC_ClockConfig
                0x08005b90      0x138 ./Drivers/STM32F1xx_HAL_Driver/Src/stm32f1xx_hal_rcc.o
                0x08005b90                HAL_RCC_ClockConfig
 .text.HAL_RCC_GetPCLK1Freq
                0x08005cc8       0x20 ./Drivers/STM32F1xx_HAL_Driver/Src/stm32f1xx_hal_rcc.o
                0x08005cc8                HAL_RCC_GetPCLK1Freq
 .text.HAL_RCC_GetPCLK2Freq
                0x08005ce8       0x20 ./Drivers/STM32F1xx_HAL_Driver/Src/stm32f1xx_hal_rcc.o
                0x08005ce8                HAL_RCC_GetPCLK2Freq
 .text.HAL_TIM_Base_Start_IT
                0x08005d08       0x64 ./Drivers/STM32F1xx_HAL_Driver/Src/stm32f1xx_hal_tim.o
                0x08005d08                HAL_TIM_Base_Start_IT
 .text.HAL_TIM_OC_DelayElapsedCallback
                0x08005d6c        0x2 ./Drivers/STM32F1xx_HAL_Driver/Src/stm32f1xx_hal_tim.o
                0x08005d6c                HAL_TIM_OC_DelayElapsedCallback
 .text.HAL_TIM_IC_CaptureCallback
                0x08005d6e        0x2 ./Drivers/STM32F1xx_HAL_Driver/Src/stm32f1xx_hal_tim.o
                0x08005d6e                HAL_TIM_IC_CaptureCallback
 .text.HAL_TIM_PWM_PulseFinishedCallback
                0x08005d70        0x2 ./Drivers/STM32F1xx_HAL_Driver/Src/stm32f1xx_hal_tim.o
                0x08005d70                HAL_TIM_PWM_PulseFinishedCallback
 .text.HAL_TIM_TriggerCallback
                0x08005d72        0x2 ./Drivers/STM32F1xx_HAL_Driver/Src/stm32f1xx_hal_tim.o
                0x08005d72                HAL_TIM_TriggerCallback
 .text.HAL_TIM_IRQHandler
                0x08005d74      0x128 ./Drivers/STM32F1xx_HAL_Driver/Src/stm32f1xx_hal_tim.o
                0x08005d74                HAL_TIM_IRQHandler
 .text.TIM_Base_SetConfig
                0x08005e9c       0xa8 ./Drivers/STM32F1xx_HAL_Driver/Src/stm32f1xx_hal_tim.o
                0x08005e9c                TIM_Base_SetConfig
 .text.HAL_TIM_Base_Init
                0x08005f44       0x58 ./Drivers/STM32F1xx_HAL_Driver/Src/stm32f1xx_hal_tim.o
                0x08005f44                HAL_TIM_Base_Init
 .text.TIM_ETR_SetConfig
                0x08005f9c       0x14 ./Drivers/STM32F1xx_HAL_Driver/Src/stm32f1xx_hal_tim.o
                0x08005f9c                TIM_ETR_SetConfig
 .text.HAL_TIM_ConfigClockSource
                0x08005fb0      0x132 ./Drivers/STM32F1xx_HAL_Driver/Src/stm32f1xx_hal_tim.o
                0x08005fb0                HAL_TIM_ConfigClockSource
 *fill*         0x080060e2        0x2 
 .text.HAL_TIMEx_MasterConfigSynchronization
                0x080060e4       0x6c ./Drivers/STM32F1xx_HAL_Driver/Src/stm32f1xx_hal_tim_ex.o
                0x080060e4                HAL_TIMEx_MasterConfigSynchronization
 .text.HAL_TIMEx_CommutCallback
                0x08006150        0x2 ./Drivers/STM32F1xx_HAL_Driver/Src/stm32f1xx_hal_tim_ex.o
                0x08006150                HAL_TIMEx_CommutCallback
 .text.HAL_TIMEx_BreakCallback
                0x08006152        0x2 ./Drivers/STM32F1xx_HAL_Driver/Src/stm32f1xx_hal_tim_ex.o
                0x08006152                HAL_TIMEx_BreakCallback
 .text.UART_EndRxTransfer
                0x08006154       0x5c ./Drivers/STM32F1xx_HAL_Driver/Src/stm32f1xx_hal_uart.o
 .text.UART_SetConfig
                0x080061b0       0x74 ./Drivers/STM32F1xx_HAL_Driver/Src/stm32f1xx_hal_uart.o
 .text.HAL_UART_Init
                0x08006224       0x5e ./Drivers/STM32F1xx_HAL_Driver/Src/stm32f1xx_hal_uart.o
                0x08006224                HAL_UART_Init
 .text.HAL_UART_TxCpltCallback
                0x08006282        0x2 ./Drivers/STM32F1xx_HAL_Driver/Src/stm32f1xx_hal_uart.o
                0x08006282                HAL_UART_TxCpltCallback
 .text.HAL_UART_ErrorCallback
                0x08006284        0x2 ./Drivers/STM32F1xx_HAL_Driver/Src/stm32f1xx_hal_uart.o
                0x08006284                HAL_UART_ErrorCallback
 .text.UART_DMAAbortOnError
                0x08006286       0x10 ./Drivers/STM32F1xx_HAL_Driver/Src/stm32f1xx_hal_uart.o
 .text.HAL_UARTEx_RxEventCallback
                0x08006296        0x2 ./Drivers/STM32F1xx_HAL_Driver/Src/stm32f1xx_hal_uart.o
                0x08006296                HAL_UARTEx_RxEventCallback
 .text.UART_Receive_IT.isra.0
                0x08006298       0xb6 ./Drivers/STM32F1xx_HAL_Driver/Src/stm32f1xx_hal_uart.o
 *fill*         0x0800634e        0x2 
 .text.HAL_UART_IRQHandler
                0x08006350      0x294 ./Drivers/STM32F1xx_HAL_Driver/Src/stm32f1xx_hal_uart.o
                0x08006350                HAL_UART_IRQHandler
 .text.UART_Start_Receive_IT
                0x080065e4       0x32 ./Drivers/STM32F1xx_HAL_Driver/Src/stm32f1xx_hal_uart.o
                0x080065e4                UART_Start_Receive_IT
 .text.HAL_UART_Receive_IT
                0x08006616       0x22 ./Drivers/STM32F1xx_HAL_Driver/Src/stm32f1xx_hal_uart.o
                0x08006616                HAL_UART_Receive_IT
 .text.memset   0x08006638       0x10 C:/ST/STM32CubeIDE_1.16.0/STM32CubeIDE/plugins/com.st.stm32cube.ide.mcu.externaltools.gnu-tools-for-stm32.12.3.rel1.win32_1.0.200.202406191623/tools/bin/../lib/gcc/arm-none-eabi/12.3.1/../../../../arm-none-eabi/lib/thumb/v7-m/nofp\libc_nano.a(libc_a-memset.o)
                0x08006638                memset
 .text.__libc_init_array
                0x08006648       0x48 C:/ST/STM32CubeIDE_1.16.0/STM32CubeIDE/plugins/com.st.stm32cube.ide.mcu.externaltools.gnu-tools-for-stm32.12.3.rel1.win32_1.0.200.202406191623/tools/bin/../lib/gcc/arm-none-eabi/12.3.1/../../../../arm-none-eabi/lib/thumb/v7-m/nofp\libc_nano.a(libc_a-init.o)
                0x08006648                __libc_init_array
 *(.glue_7)
 .glue_7        0x08006690        0x0 linker stubs
 *(.glue_7t)
 .glue_7t       0x08006690        0x0 linker stubs
 *(.eh_frame)
 .eh_frame      0x08006690        0x0 C:/ST/STM32CubeIDE_1.16.0/STM32CubeIDE/plugins/com.st.stm32cube.ide.mcu.externaltools.gnu-tools-for-stm32.12.3.rel1.win32_1.0.200.202406191623/tools/bin/../lib/gcc/arm-none-eabi/12.3.1/thumb/v7-m/nofp/crtbegin.o
 *(.init)
 .init          0x08006690        0x4 C:/ST/STM32CubeIDE_1.16.0/STM32CubeIDE/plugins/com.st.stm32cube.ide.mcu.externaltools.gnu-tools-for-stm32.12.3.rel1.win32_1.0.200.202406191623/tools/bin/../lib/gcc/arm-none-eabi/12.3.1/thumb/v7-m/nofp/crti.o
                0x08006690                _init
 .init          0x08006694        0x8 C:/ST/STM32CubeIDE_1.16.0/STM32CubeIDE/plugins/com.st.stm32cube.ide.mcu.externaltools.gnu-tools-for-stm32.12.3.rel1.win32_1.0.200.202406191623/tools/bin/../lib/gcc/arm-none-eabi/12.3.1/thumb/v7-m/nofp/crtn.o
 *(.fini)
 .fini          0x0800669c        0x4 C:/ST/STM32CubeIDE_1.16.0/STM32CubeIDE/plugins/com.st.stm32cube.ide.mcu.externaltools.gnu-tools-for-stm32.12.3.rel1.win32_1.0.200.202406191623/tools/bin/../lib/gcc/arm-none-eabi/12.3.1/thumb/v7-m/nofp/crti.o
                0x0800669c                _fini
 .fini          0x080066a0        0x8 C:/ST/STM32CubeIDE_1.16.0/STM32CubeIDE/plugins/com.st.stm32cube.ide.mcu.externaltools.gnu-tools-for-stm32.12.3.rel1.win32_1.0.200.202406191623/tools/bin/../lib/gcc/arm-none-eabi/12.3.1/thumb/v7-m/nofp/crtn.o
                0x080066a8                        . = ALIGN (0x4)
                0x080066a8                        _etext = .

.vfp11_veneer   0x080066a8        0x0
 .vfp11_veneer  0x080066a8        0x0 linker stubs

.v4_bx          0x080066a8        0x0
 .v4_bx         0x080066a8        0x0 linker stubs

.iplt           0x080066a8        0x0
 .iplt          0x080066a8        0x0 C:/ST/STM32CubeIDE_1.16.0/STM32CubeIDE/plugins/com.st.stm32cube.ide.mcu.externaltools.gnu-tools-for-stm32.12.3.rel1.win32_1.0.200.202406191623/tools/bin/../lib/gcc/arm-none-eabi/12.3.1/thumb/v7-m/nofp/crtbegin.o

.rodata         0x080066a8     0x1804
                0x080066a8                        . = ALIGN (0x4)
 *(.rodata)
 *(.rodata*)
 .rodata.CSWTCH.37
                0x080066a8        0x8 ./Core/Src/lcd.o
 .rodata.CSWTCH.36
                0x080066b0        0x7 ./Core/Src/lcd.o
 .rodata.CSWTCH.35
                0x080066b7        0x8 ./Core/Src/lcd.o
 .rodata.asc2_2412
                0x080066bf      0xd5c ./Core/Src/lcd.o
                0x080066bf                asc2_2412
 .rodata.asc2_1608
                0x0800741b      0x5f0 ./Core/Src/lcd.o
                0x0800741b                asc2_1608
 .rodata.asc2_1206
                0x08007a0b      0x474 ./Core/Src/lcd.o
                0x08007a0b                asc2_1206
 .rodata.APBPrescTable
                0x08007e7f        0x8 ./Core/Src/system_stm32f1xx.o
                0x08007e7f                APBPrescTable
 .rodata.AHBPrescTable
                0x08007e87       0x10 ./Core/Src/system_stm32f1xx.o
                0x08007e87                AHBPrescTable
 .rodata.aPredivFactorTable.0
                0x08007e97        0x2 ./Drivers/STM32F1xx_HAL_Driver/Src/stm32f1xx_hal_rcc.o
 .rodata.aPLLMULFactorTable.1
                0x08007e99       0x10 ./Drivers/STM32F1xx_HAL_Driver/Src/stm32f1xx_hal_rcc.o
                0x08007eac                        . = ALIGN (0x4)
 *fill*         0x08007ea9        0x3 

.ARM.extab      0x08007eac        0x0
                0x08007eac                        . = ALIGN (0x4)
 *(.ARM.extab* .gnu.linkonce.armextab.*)
                0x08007eac                        . = ALIGN (0x4)

.ARM            0x08007eac        0x0
                0x08007eac                        . = ALIGN (0x4)
                0x08007eac                        __exidx_start = .
 *(.ARM.exidx*)
                0x08007eac                        __exidx_end = .
                0x08007eac                        . = ALIGN (0x4)

.preinit_array  0x08007eac        0x0
                0x08007eac                        . = ALIGN (0x4)
                0x08007eac                        PROVIDE (__preinit_array_start = .)
 *(.preinit_array*)
                0x08007eac                        PROVIDE (__preinit_array_end = .)
                0x08007eac                        . = ALIGN (0x4)

.init_array     0x08007eac        0x4
                0x08007eac                        . = ALIGN (0x4)
                0x08007eac                        PROVIDE (__init_array_start = .)
 *(SORT_BY_NAME(.init_array.*))
 *(.init_array*)
 .init_array    0x08007eac        0x4 C:/ST/STM32CubeIDE_1.16.0/STM32CubeIDE/plugins/com.st.stm32cube.ide.mcu.externaltools.gnu-tools-for-stm32.12.3.rel1.win32_1.0.200.202406191623/tools/bin/../lib/gcc/arm-none-eabi/12.3.1/thumb/v7-m/nofp/crtbegin.o
                0x08007eb0                        PROVIDE (__init_array_end = .)
                0x08007eb0                        . = ALIGN (0x4)

.fini_array     0x08007eb0        0x4
                0x08007eb0                        . = ALIGN (0x4)
                [!provide]                        PROVIDE (__fini_array_start = .)
 *(SORT_BY_NAME(.fini_array.*))
 *(.fini_array*)
 .fini_array    0x08007eb0        0x4 C:/ST/STM32CubeIDE_1.16.0/STM32CubeIDE/plugins/com.st.stm32cube.ide.mcu.externaltools.gnu-tools-for-stm32.12.3.rel1.win32_1.0.200.202406191623/tools/bin/../lib/gcc/arm-none-eabi/12.3.1/thumb/v7-m/nofp/crtbegin.o
                [!provide]                        PROVIDE (__fini_array_end = .)
                0x08007eb4                        . = ALIGN (0x4)
                0x08007eb4                        _sidata = LOADADDR (.data)

.rel.dyn        0x08007eb4        0x0
 .rel.iplt      0x08007eb4        0x0 C:/ST/STM32CubeIDE_1.16.0/STM32CubeIDE/plugins/com.st.stm32cube.ide.mcu.externaltools.gnu-tools-for-stm32.12.3.rel1.win32_1.0.200.202406191623/tools/bin/../lib/gcc/arm-none-eabi/12.3.1/thumb/v7-m/nofp/crtbegin.o

.data           0x20000000       0x10 load address 0x08007eb4
                0x20000000                        . = ALIGN (0x4)
                0x20000000                        _sdata = .
 *(.data)
 *(.data*)
 .data.BACK_COLOR
                0x20000000        0x2 ./Core/Src/lcd.o
                0x20000000                BACK_COLOR
 *fill*         0x20000002        0x2 
 .data.SystemCoreClock
                0x20000004        0x4 ./Core/Src/system_stm32f1xx.o
                0x20000004                SystemCoreClock
 .data.uwTickFreq
                0x20000008        0x1 ./Drivers/STM32F1xx_HAL_Driver/Src/stm32f1xx_hal.o
                0x20000008                uwTickFreq
 *fill*         0x20000009        0x3 
 .data.uwTickPrio
                0x2000000c        0x4 ./Drivers/STM32F1xx_HAL_Driver/Src/stm32f1xx_hal.o
                0x2000000c                uwTickPrio
 *(.RamFunc)
 *(.RamFunc*)
                0x20000010                        . = ALIGN (0x4)
                0x20000010                        _edata = .

.igot.plt       0x20000010        0x0 load address 0x08007ec4
 .igot.plt      0x20000010        0x0 C:/ST/STM32CubeIDE_1.16.0/STM32CubeIDE/plugins/com.st.stm32cube.ide.mcu.externaltools.gnu-tools-for-stm32.12.3.rel1.win32_1.0.200.202406191623/tools/bin/../lib/gcc/arm-none-eabi/12.3.1/thumb/v7-m/nofp/crtbegin.o
                0x20000010                        . = ALIGN (0x4)

.bss            0x20000010     0x1664 load address 0x08007ec4
                0x20000010                        _sbss = .
                0x20000010                        __bss_start__ = _sbss
 *(.bss)
 .bss           0x20000010       0x1c C:/ST/STM32CubeIDE_1.16.0/STM32CubeIDE/plugins/com.st.stm32cube.ide.mcu.externaltools.gnu-tools-for-stm32.12.3.rel1.win32_1.0.200.202406191623/tools/bin/../lib/gcc/arm-none-eabi/12.3.1/thumb/v7-m/nofp/crtbegin.o
 *(.bss*)
 .bss.Key1      0x2000002c       0x14 ./Core/Src/debounce.o
                0x2000002c                Key1
 .bss.Key0      0x20000040       0x14 ./Core/Src/debounce.o
                0x20000040                Key0
 .bss.Key_WKUP  0x20000054       0x14 ./Core/Src/debounce.o
                0x20000054                Key_WKUP
 .bss.lcddev    0x20000068        0xe ./Core/Src/lcd.o
                0x20000068                lcddev
 .bss.POINT_COLOR
                0x20000076        0x2 ./Core/Src/lcd.o
                0x20000076                POINT_COLOR
 .bss.frame_ready_flag
                0x20000078        0x1 ./Core/Src/stm32f1xx_it.o
                0x20000078                frame_ready_flag
 .bss.frame_start_flag
                0x20000079        0x1 ./Core/Src/stm32f1xx_it.o
                0x20000079                frame_start_flag
 .bss.frame_count
                0x2000007a        0x2 ./Core/Src/stm32f1xx_it.o
                0x2000007a                frame_count
 .bss.frame_buffer
                0x2000007c     0x1518 ./Core/Src/stm32f1xx_it.o
                0x2000007c                frame_buffer
 .bss.rxBuffer  0x20001594        0x2 ./Core/Src/stm32f1xx_it.o
                0x20001594                rxBuffer
 *fill*         0x20001596        0x2 
 .bss.htim3     0x20001598       0x48 ./Core/Src/tim.o
                0x20001598                htim3
 .bss.htim2     0x200015e0       0x48 ./Core/Src/tim.o
                0x200015e0                htim2
 .bss.huart1    0x20001628       0x48 ./Core/Src/usart.o
                0x20001628                huart1
 .bss.uwTick    0x20001670        0x4 ./Drivers/STM32F1xx_HAL_Driver/Src/stm32f1xx_hal.o
                0x20001670                uwTick
 *(COMMON)
                0x20001674                        . = ALIGN (0x4)
                0x20001674                        _ebss = .
                0x20001674                        __bss_end__ = _ebss

._user_heap_stack
                0x20001674      0x604 load address 0x08007ec4
                0x20001678                        . = ALIGN (0x8)
 *fill*         0x20001674        0x4 
                [!provide]                        PROVIDE (end = .)
                0x20001678                        PROVIDE (_end = .)
                0x20001878                        . = (. + _Min_Heap_Size)
 *fill*         0x20001678      0x200 
                0x20001c78                        . = (. + _Min_Stack_Size)
 *fill*         0x20001878      0x400 
                0x20001c78                        . = ALIGN (0x8)

/DISCARD/
 libc.a(*)
 libm.a(*)
 libgcc.a(*)

.ARM.attributes
                0x00000000       0x29
 *(.ARM.attributes)
 .ARM.attributes
                0x00000000       0x1d C:/ST/STM32CubeIDE_1.16.0/STM32CubeIDE/plugins/com.st.stm32cube.ide.mcu.externaltools.gnu-tools-for-stm32.12.3.rel1.win32_1.0.200.202406191623/tools/bin/../lib/gcc/arm-none-eabi/12.3.1/thumb/v7-m/nofp/crti.o
 .ARM.attributes
                0x0000001d       0x2d C:/ST/STM32CubeIDE_1.16.0/STM32CubeIDE/plugins/com.st.stm32cube.ide.mcu.externaltools.gnu-tools-for-stm32.12.3.rel1.win32_1.0.200.202406191623/tools/bin/../lib/gcc/arm-none-eabi/12.3.1/thumb/v7-m/nofp/crtbegin.o
 .ARM.attributes
                0x0000004a       0x2d ./Core/Src/debounce.o
 .ARM.attributes
                0x00000077       0x2d ./Core/Src/gpio.o
 .ARM.attributes
                0x000000a4       0x2d ./Core/Src/lcd.o
 .ARM.attributes
                0x000000d1       0x2d ./Core/Src/main.o
 .ARM.attributes
                0x000000fe       0x2d ./Core/Src/stm32f1xx_hal_msp.o
 .ARM.attributes
                0x0000012b       0x2d ./Core/Src/stm32f1xx_it.o
 .ARM.attributes
                0x00000158       0x2d ./Core/Src/system_stm32f1xx.o
 .ARM.attributes
                0x00000185       0x2d ./Core/Src/tim.o
 .ARM.attributes
                0x000001b2       0x2d ./Core/Src/usart.o
 .ARM.attributes
                0x000001df       0x21 ./Core/Startup/startup_stm32f103rctx.o
 .ARM.attributes
                0x00000200       0x2d ./Drivers/STM32F1xx_HAL_Driver/Src/stm32f1xx_hal.o
 .ARM.attributes
                0x0000022d       0x2d ./Drivers/STM32F1xx_HAL_Driver/Src/stm32f1xx_hal_cortex.o
 .ARM.attributes
                0x0000025a       0x2d ./Drivers/STM32F1xx_HAL_Driver/Src/stm32f1xx_hal_dma.o
 .ARM.attributes
                0x00000287       0x2d ./Drivers/STM32F1xx_HAL_Driver/Src/stm32f1xx_hal_gpio.o
 .ARM.attributes
                0x000002b4       0x2d ./Drivers/STM32F1xx_HAL_Driver/Src/stm32f1xx_hal_rcc.o
 .ARM.attributes
                0x000002e1       0x2d ./Drivers/STM32F1xx_HAL_Driver/Src/stm32f1xx_hal_tim.o
 .ARM.attributes
                0x0000030e       0x2d ./Drivers/STM32F1xx_HAL_Driver/Src/stm32f1xx_hal_tim_ex.o
 .ARM.attributes
                0x0000033b       0x2d ./Drivers/STM32F1xx_HAL_Driver/Src/stm32f1xx_hal_uart.o
 .ARM.attributes
                0x00000368       0x2d C:/ST/STM32CubeIDE_1.16.0/STM32CubeIDE/plugins/com.st.stm32cube.ide.mcu.externaltools.gnu-tools-for-stm32.12.3.rel1.win32_1.0.200.202406191623/tools/bin/../lib/gcc/arm-none-eabi/12.3.1/../../../../arm-none-eabi/lib/thumb/v7-m/nofp\libc_nano.a(libc_a-memset.o)
 .ARM.attributes
                0x00000395       0x2d C:/ST/STM32CubeIDE_1.16.0/STM32CubeIDE/plugins/com.st.stm32cube.ide.mcu.externaltools.gnu-tools-for-stm32.12.3.rel1.win32_1.0.200.202406191623/tools/bin/../lib/gcc/arm-none-eabi/12.3.1/../../../../arm-none-eabi/lib/thumb/v7-m/nofp\libc_nano.a(libc_a-init.o)
 .ARM.attributes
                0x000003c2       0x1d C:/ST/STM32CubeIDE_1.16.0/STM32CubeIDE/plugins/com.st.stm32cube.ide.mcu.externaltools.gnu-tools-for-stm32.12.3.rel1.win32_1.0.200.202406191623/tools/bin/../lib/gcc/arm-none-eabi/12.3.1/thumb/v7-m/nofp\libgcc.a(_arm_muldf3.o)
 .ARM.attributes
                0x000003df       0x1d C:/ST/STM32CubeIDE_1.16.0/STM32CubeIDE/plugins/com.st.stm32cube.ide.mcu.externaltools.gnu-tools-for-stm32.12.3.rel1.win32_1.0.200.202406191623/tools/bin/../lib/gcc/arm-none-eabi/12.3.1/thumb/v7-m/nofp\libgcc.a(_arm_addsubdf3.o)
 .ARM.attributes
                0x000003fc       0x1d C:/ST/STM32CubeIDE_1.16.0/STM32CubeIDE/plugins/com.st.stm32cube.ide.mcu.externaltools.gnu-tools-for-stm32.12.3.rel1.win32_1.0.200.202406191623/tools/bin/../lib/gcc/arm-none-eabi/12.3.1/thumb/v7-m/nofp\libgcc.a(_arm_fixunsdfsi.o)
 .ARM.attributes
                0x00000419       0x1d C:/ST/STM32CubeIDE_1.16.0/STM32CubeIDE/plugins/com.st.stm32cube.ide.mcu.externaltools.gnu-tools-for-stm32.12.3.rel1.win32_1.0.200.202406191623/tools/bin/../lib/gcc/arm-none-eabi/12.3.1/thumb/v7-m/nofp/crtn.o
OUTPUT(Video Player.elf elf32-littlearm)
LOAD linker stubs
LOAD C:/ST/STM32CubeIDE_1.16.0/STM32CubeIDE/plugins/com.st.stm32cube.ide.mcu.externaltools.gnu-tools-for-stm32.12.3.rel1.win32_1.0.200.202406191623/tools/bin/../lib/gcc/arm-none-eabi/12.3.1/../../../../arm-none-eabi/lib/thumb/v7-m/nofp\libc.a
LOAD C:/ST/STM32CubeIDE_1.16.0/STM32CubeIDE/plugins/com.st.stm32cube.ide.mcu.externaltools.gnu-tools-for-stm32.12.3.rel1.win32_1.0.200.202406191623/tools/bin/../lib/gcc/arm-none-eabi/12.3.1/../../../../arm-none-eabi/lib/thumb/v7-m/nofp\libm.a
LOAD C:/ST/STM32CubeIDE_1.16.0/STM32CubeIDE/plugins/com.st.stm32cube.ide.mcu.externaltools.gnu-tools-for-stm32.12.3.rel1.win32_1.0.200.202406191623/tools/bin/../lib/gcc/arm-none-eabi/12.3.1/thumb/v7-m/nofp\libgcc.a

.comment        0x00000000       0x43
 .comment       0x00000000       0x43 ./Core/Src/debounce.o
                                 0x44 (size before relaxing)
 .comment       0x00000043       0x44 ./Core/Src/gpio.o
 .comment       0x00000043       0x44 ./Core/Src/lcd.o
 .comment       0x00000043       0x44 ./Core/Src/main.o
 .comment       0x00000043       0x44 ./Core/Src/stm32f1xx_hal_msp.o
 .comment       0x00000043       0x44 ./Core/Src/stm32f1xx_it.o
 .comment       0x00000043       0x44 ./Core/Src/system_stm32f1xx.o
 .comment       0x00000043       0x44 ./Core/Src/tim.o
 .comment       0x00000043       0x44 ./Core/Src/usart.o
 .comment       0x00000043       0x44 ./Drivers/STM32F1xx_HAL_Driver/Src/stm32f1xx_hal.o
 .comment       0x00000043       0x44 ./Drivers/STM32F1xx_HAL_Driver/Src/stm32f1xx_hal_cortex.o
 .comment       0x00000043       0x44 ./Drivers/STM32F1xx_HAL_Driver/Src/stm32f1xx_hal_dma.o
 .comment       0x00000043       0x44 ./Drivers/STM32F1xx_HAL_Driver/Src/stm32f1xx_hal_gpio.o
 .comment       0x00000043       0x44 ./Drivers/STM32F1xx_HAL_Driver/Src/stm32f1xx_hal_rcc.o
 .comment       0x00000043       0x44 ./Drivers/STM32F1xx_HAL_Driver/Src/stm32f1xx_hal_tim.o
 .comment       0x00000043       0x44 ./Drivers/STM32F1xx_HAL_Driver/Src/stm32f1xx_hal_tim_ex.o
 .comment       0x00000043       0x44 ./Drivers/STM32F1xx_HAL_Driver/Src/stm32f1xx_hal_uart.o

.debug_frame    0x00000000      0x14c
 .debug_frame   0x00000000       0x20 C:/ST/STM32CubeIDE_1.16.0/STM32CubeIDE/plugins/com.st.stm32cube.ide.mcu.externaltools.gnu-tools-for-stm32.12.3.rel1.win32_1.0.200.202406191623/tools/bin/../lib/gcc/arm-none-eabi/12.3.1/../../../../arm-none-eabi/lib/thumb/v7-m/nofp\libc_nano.a(libc_a-memset.o)
 .debug_frame   0x00000020       0x2c C:/ST/STM32CubeIDE_1.16.0/STM32CubeIDE/plugins/com.st.stm32cube.ide.mcu.externaltools.gnu-tools-for-stm32.12.3.rel1.win32_1.0.200.202406191623/tools/bin/../lib/gcc/arm-none-eabi/12.3.1/../../../../arm-none-eabi/lib/thumb/v7-m/nofp\libc_nano.a(libc_a-init.o)
 .debug_frame   0x0000004c       0x30 C:/ST/STM32CubeIDE_1.16.0/STM32CubeIDE/plugins/com.st.stm32cube.ide.mcu.externaltools.gnu-tools-for-stm32.12.3.rel1.win32_1.0.200.202406191623/tools/bin/../lib/gcc/arm-none-eabi/12.3.1/thumb/v7-m/nofp\libgcc.a(_arm_muldf3.o)
 .debug_frame   0x0000007c       0xac C:/ST/STM32CubeIDE_1.16.0/STM32CubeIDE/plugins/com.st.stm32cube.ide.mcu.externaltools.gnu-tools-for-stm32.12.3.rel1.win32_1.0.200.202406191623/tools/bin/../lib/gcc/arm-none-eabi/12.3.1/thumb/v7-m/nofp\libgcc.a(_arm_addsubdf3.o)
 .debug_frame   0x00000128       0x24 C:/ST/STM32CubeIDE_1.16.0/STM32CubeIDE/plugins/com.st.stm32cube.ide.mcu.externaltools.gnu-tools-for-stm32.12.3.rel1.win32_1.0.200.202406191623/tools/bin/../lib/gcc/arm-none-eabi/12.3.1/thumb/v7-m/nofp\libgcc.a(_arm_fixunsdfsi.o)
