../Core/Src/lcd.c:80:6:delay_us	0	static
../Core/Src/lcd.c:94:6:LCD_WR_REG	0	static
../Core/Src/lcd.c:115:10:LCD_RD_DATA	16	static
../Core/Src/lcd.c:140:6:LCD_WriteReg	8	static
../Core/Src/lcd.c:147:10:LCD_ReadReg	8	static
../Core/Src/lcd.c:152:6:LCD_WriteRAM_Prepare	0	static
../Core/Src/lcd.c:157:6:LCD_WriteRAM	0	static
../Core/Src/lcd.c:105:6:LCD_WR_DATAX	0	static
../Core/Src/lcd.c:164:10:LCD_BGR2RGB	0	static
../Core/Src/lcd.c:174:6:opt_delay	0	static
../Core/Src/lcd.c:246:6:LCD_DisplayOn	0	static
../Core/Src/lcd.c:256:6:LCD_DisplayOff	0	static
../Core/Src/lcd.c:268:6:LCD_SetCursor	40	static
../Core/Src/lcd.c:181:10:LCD_ReadPoint	24	static
../Core/Src/lcd.c:328:6:LCD_Scan_Dir	48	static
../Core/Src/lcd.c:483:6:LCD_DrawPoint	8	static
../Core/Src/lcd.c:490:6:LCD_Fast_DrawPoint	48	static
../Core/Src/lcd.c:545:6:LCD_SSD_BackLightSet	32	static
../Core/Src/lcd.c:556:6:LCD_Display_Dir	0	static
../Core/Src/lcd.c:628:6:LCD_Set_Window	48	static
../Core/Src/lcd.c:2738:6:LCD_Clear	32	static
../Core/Src/lcd.c:707:6:LCD_Init	64	static
../Core/Src/lcd.c:2759:6:LCD_Fill	56	static
../Core/Src/lcd.c:2790:6:LCD_Color_Fill	32	static
../Core/Src/lcd.c:2806:6:LCD_DrawLine	56	static
../Core/Src/lcd.c:2851:6:LCD_DrawRectangle	24	static
../Core/Src/lcd.c:2861:6:LCD_Draw_Circle	56	static
../Core/Src/lcd.c:2892:6:LCD_ShowChar	56	static
../Core/Src/lcd.c:2928:10:LCD_Pow	0	static
../Core/Src/lcd.c:2939:6:LCD_ShowNum	56	static
../Core/Src/lcd.c:2965:6:LCD_ShowxNum	64	static
../Core/Src/lcd.c:2990:6:LCD_ShowString	56	static
