#-----------------------------------------------------------
# Webtalk v2017.4 (64-bit)
# SW Build 2086221 on Fri Dec 15 20:55:39 MST 2017
# IP Build 2085800 on Fri Dec 15 22:25:07 MST 2017
# Start of session at: Wed Oct 11 16:50:39 2023
# Process ID: 10600
# Current directory: C:/Users/Cyphe/Documents/SUSTech Assignment/Term 3/Digital Logic/Lab Exercise/Week 4/project/project.sim/sim_1/behav/xsim
# Command line: wbtcv.exe -mode batch -source C:/Users/Cyphe/Documents/SUSTech Assignment/Term 3/Digital Logic/Lab Exercise/Week 4/project/project.sim/sim_1/behav/xsim/xsim.dir/tb_adder_behav/webtalk/xsim_webtalk.tcl -notrace
# Log file: C:/Users/Cyphe/Documents/SUSTech Assignment/Term 3/Digital Logic/Lab Exercise/Week 4/project/project.sim/sim_1/behav/xsim/webtalk.log
# Journal file: C:/Users/Cyphe/Documents/SUSTech Assignment/Term 3/Digital Logic/Lab Exercise/Week 4/project/project.sim/sim_1/behav/xsim\webtalk.jou
#-----------------------------------------------------------
source C:/Users/Cyphe/Documents/SUSTech -notrace
